Component: ARM Compiler 5.06 update 6 (build 750) Tool: armlink [4d35ed]

==============================================================================

Section Cross References

    main.o(i.TPM2_IRQHandler) refers to main.o(i.__NVIC_ClearPendingIRQ) for __NVIC_ClearPendingIRQ
    main.o(i.TPM2_IRQHandler) refers to rtx_msgqueue.o(.text.osMessageQueuePut) for osMessageQueuePut
    main.o(i.TPM2_IRQHandler) refers to main.o(i.delay) for delay
    main.o(i.TPM2_IRQHandler) refers to main.o(.data) for timer
    main.o(i.UART2_IRQHandler) refers to main.o(i.__NVIC_ClearPendingIRQ) for __NVIC_ClearPendingIRQ
    main.o(i.UART2_IRQHandler) refers to rtx_msgqueue.o(.text.osMessageQueuePut) for osMessageQueuePut
    main.o(i.UART2_IRQHandler) refers to main.o(.data) for uartMsg
    main.o(i.buzz) refers to idiv.o(.text) for __aeabi_idivmod
    main.o(i.buzz) refers to dfltui.o(.text) for __aeabi_ui2d
    main.o(i.buzz) refers to dmul.o(.text) for __aeabi_dmul
    main.o(i.buzz) refers to dfixui.o(.text) for __aeabi_d2uiz
    main.o(i.buzz) refers to rtx_delay.o(.text.osDelay) for osDelay
    main.o(i.forward) refers to main.o(.data) for state
    main.o(i.left) refers to main.o(.data) for state
    main.o(i.leftforward) refers to main.o(.data) for state
    main.o(i.leftreverse) refers to main.o(.data) for state
    main.o(i.main) refers to system_mkl25z4.o(i.SystemCoreClockUpdate) for SystemCoreClockUpdate
    main.o(i.main) refers to init.o(i.initClockGate) for initClockGate
    main.o(i.main) refers to init.o(i.initUART2) for initUART2
    main.o(i.main) refers to init.o(i.initMotor) for initMotor
    main.o(i.main) refers to init.o(i.initAudio) for initAudio
    main.o(i.main) refers to init.o(i.initLED) for initLED
    main.o(i.main) refers to init.o(i.initUltrasonicPWM) for initUltrasonicPWM
    main.o(i.main) refers to led.o(i.offGreenLEDs) for offGreenLEDs
    main.o(i.main) refers to led.o(i.offRedLEDs) for offRedLEDs
    main.o(i.main) refers to main.o(i.stopMotors) for stopMotors
    main.o(i.main) refers to rtx_kernel.o(.text.osKernelInitialize) for osKernelInitialize
    main.o(i.main) refers to rtx_evflags.o(.text.osEventFlagsNew) for osEventFlagsNew
    main.o(i.main) refers to rtx_msgqueue.o(.text.osMessageQueueNew) for osMessageQueueNew
    main.o(i.main) refers to rtx_thread.o(.text.osThreadNew) for osThreadNew
    main.o(i.main) refers to rtx_kernel.o(.text.osKernelStart) for osKernelStart
    main.o(i.main) refers to main.o(.data) for motorFlag
    main.o(i.main) refers to main.o(i.tBrain) for tBrain
    main.o(i.main) refers to main.o(i.tMotor) for tMotor
    main.o(i.main) refers to main.o(i.tAuto_driving) for tAuto_driving
    main.o(i.main) refers to main.o(i.tSound_ending) for tSound_ending
    main.o(i.main) refers to main.o(i.tSound_opening) for tSound_opening
    main.o(i.main) refers to main.o(i.tSound_running) for tSound_running
    main.o(i.main) refers to main.o(i.tLed_green) for tLed_green
    main.o(i.main) refers to main.o(i.tLed_red) for tLed_red
    main.o(i.main) refers to main.o(i.tUltrasonic_trigger) for tUltrasonic_trigger
    main.o(i.reverse) refers to main.o(.data) for state
    main.o(i.right) refers to main.o(.data) for state
    main.o(i.rightforward) refers to main.o(.data) for state
    main.o(i.rightreverse) refers to main.o(.data) for state
    main.o(i.sing) refers to rtx_evflags.o(.text.osEventFlagsWait) for osEventFlagsWait
    main.o(i.sing) refers to idiv.o(.text) for __aeabi_idivmod
    main.o(i.sing) refers to main.o(i.buzz) for buzz
    main.o(i.sing) refers to dfltui.o(.text) for __aeabi_ui2d
    main.o(i.sing) refers to dmul.o(.text) for __aeabi_dmul
    main.o(i.sing) refers to dfixui.o(.text) for __aeabi_d2uiz
    main.o(i.sing) refers to rtx_delay.o(.text.osDelay) for osDelay
    main.o(i.sing) refers to main.o(.data) for audioFlag
    main.o(i.stopMotors) refers to main.o(.data) for state
    main.o(i.tAuto_driving) refers to rtx_evflags.o(.text.osEventFlagsWait) for osEventFlagsWait
    main.o(i.tAuto_driving) refers to main.o(i.forward) for forward
    main.o(i.tAuto_driving) refers to rtx_evflags.o(.text.osEventFlagsSet) for osEventFlagsSet
    main.o(i.tAuto_driving) refers to rtx_msgqueue.o(.text.osMessageQueueReset) for osMessageQueueReset
    main.o(i.tAuto_driving) refers to rtx_msgqueue.o(.text.osMessageQueueGet) for osMessageQueueGet
    main.o(i.tAuto_driving) refers to uidiv.o(.text) for __aeabi_uidivmod
    main.o(i.tAuto_driving) refers to rtx_evflags.o(.text.osEventFlagsClear) for osEventFlagsClear
    main.o(i.tAuto_driving) refers to main.o(i.stopMotors) for stopMotors
    main.o(i.tAuto_driving) refers to rtx_delay.o(.text.osDelay) for osDelay
    main.o(i.tAuto_driving) refers to main.o(i.left) for left
    main.o(i.tAuto_driving) refers to main.o(i.right) for right
    main.o(i.tAuto_driving) refers to main.o(.data) for motorFlag
    main.o(i.tBrain) refers to rtx_msgqueue.o(.text.osMessageQueueGet) for osMessageQueueGet
[...]
    Removing rtx_thread.o(.ARM.exidx.text.svcRtxThreadFlagsWait), (8 bytes).
    Removing rtx_delay.o(.text), (0 bytes).
    Removing rtx_delay.o(.ARM.exidx.text.osDelay), (8 bytes).
    Removing rtx_delay.o(.text.osDelayUntil), (40 bytes).
    Removing rtx_delay.o(.ARM.exidx.text.osDelayUntil), (8 bytes).
    Removing rtx_delay.o(.ARM.exidx.text.svcRtxDelay), (8 bytes).
    Removing rtx_delay.o(.text.svcRtxDelayUntil), (32 bytes).
    Removing rtx_delay.o(.ARM.exidx.text.svcRtxDelayUntil), (8 bytes).
    Removing rtx_evflags.o(.text), (0 bytes).
    Removing rtx_evflags.o(.ARM.exidx.text.osEventFlagsNew), (8 bytes).
    Removing rtx_evflags.o(.text.osEventFlagsGetName), (36 bytes).
    Removing rtx_evflags.o(.ARM.exidx.text.osEventFlagsGetName), (8 bytes).
    Removing rtx_evflags.o(.ARM.exidx.text.osEventFlagsSet), (8 bytes).
    Removing rtx_evflags.o(.ARM.exidx.text.osEventFlagsClear), (8 bytes).
    Removing rtx_evflags.o(.ARM.exidx.text.svcRtxEventFlagsClear), (8 bytes).
    Removing rtx_evflags.o(.text.osEventFlagsGet), (48 bytes).
    Removing rtx_evflags.o(.ARM.exidx.text.osEventFlagsGet), (8 bytes).
    Removing rtx_evflags.o(.text.svcRtxEventFlagsGet), (18 bytes).
    Removing rtx_evflags.o(.ARM.exidx.text.svcRtxEventFlagsGet), (8 bytes).
    Removing rtx_evflags.o(.ARM.exidx.text.osEventFlagsWait), (8 bytes).
    Removing rtx_evflags.o(.text.osEventFlagsDelete), (40 bytes).
    Removing rtx_evflags.o(.ARM.exidx.text.osEventFlagsDelete), (8 bytes).
    Removing rtx_evflags.o(.ARM.exidx.text.svcRtxEventFlagsNew), (8 bytes).
    Removing rtx_evflags.o(.ARM.exidx.text.osRtxEventFlagsPostProcess), (8 bytes).
    Removing rtx_evflags.o(.ARM.exidx.text.EventFlagsCheck), (8 bytes).
    Removing rtx_evflags.o(.text.svcRtxEventFlagsGetName), (18 bytes).
    Removing rtx_evflags.o(.ARM.exidx.text.svcRtxEventFlagsGetName), (8 bytes).
    Removing rtx_evflags.o(.ARM.exidx.text.svcRtxEventFlagsSet), (8 bytes).
    Removing rtx_evflags.o(.ARM.exidx.text.svcRtxEventFlagsWait), (8 bytes).
    Removing rtx_evflags.o(.text.svcRtxEventFlagsDelete), (96 bytes).
    Removing rtx_evflags.o(.ARM.exidx.text.svcRtxEventFlagsDelete), (8 bytes).
    Removing rtx_msgqueue.o(.text), (0 bytes).
    Removing rtx_msgqueue.o(.ARM.exidx.text.osMessageQueueNew), (8 bytes).
    Removing rtx_msgqueue.o(.text.osMessageQueueGetName), (36 bytes).
    Removing rtx_msgqueue.o(.ARM.exidx.text.osMessageQueueGetName), (8 bytes).
    Removing rtx_msgqueue.o(.ARM.exidx.text.osMessageQueuePut), (8 bytes).
    Removing rtx_msgqueue.o(.ARM.exidx.text.osMessageQueueGet), (8 bytes).
    Removing rtx_msgqueue.o(.text.osMessageQueueGetCapacity), (48 bytes).
    Removing rtx_msgqueue.o(.ARM.exidx.text.osMessageQueueGetCapacity), (8 bytes).
    Removing rtx_msgqueue.o(.text.svcRtxMessageQueueGetCapacity), (18 bytes).
    Removing rtx_msgqueue.o(.ARM.exidx.text.svcRtxMessageQueueGetCapacity), (8 bytes).
    Removing rtx_msgqueue.o(.text.osMessageQueueGetMsgSize), (48 bytes).
    Removing rtx_msgqueue.o(.ARM.exidx.text.osMessageQueueGetMsgSize), (8 bytes).
    Removing rtx_msgqueue.o(.text.svcRtxMessageQueueGetMsgSize), (18 bytes).
    Removing rtx_msgqueue.o(.ARM.exidx.text.svcRtxMessageQueueGetMsgSize), (8 bytes).
    Removing rtx_msgqueue.o(.text.osMessageQueueGetCount), (48 bytes).
    Removing rtx_msgqueue.o(.ARM.exidx.text.osMessageQueueGetCount), (8 bytes).
    Removing rtx_msgqueue.o(.text.svcRtxMessageQueueGetCount), (18 bytes).
    Removing rtx_msgqueue.o(.ARM.exidx.text.svcRtxMessageQueueGetCount), (8 bytes).
    Removing rtx_msgqueue.o(.text.osMessageQueueGetSpace), (36 bytes).
    Removing rtx_msgqueue.o(.ARM.exidx.text.osMessageQueueGetSpace), (8 bytes).
    Removing rtx_msgqueue.o(.text.svcRtxMessageQueueGetSpace), (22 bytes).
    Removing rtx_msgqueue.o(.ARM.exidx.text.svcRtxMessageQueueGetSpace), (8 bytes).
    Removing rtx_msgqueue.o(.ARM.exidx.text.osMessageQueueReset), (8 bytes).
    Removing rtx_msgqueue.o(.text.osMessageQueueDelete), (40 bytes).
    Removing rtx_msgqueue.o(.ARM.exidx.text.osMessageQueueDelete), (8 bytes).
    Removing rtx_msgqueue.o(.ARM.exidx.text.svcRtxMessageQueueNew), (8 bytes).
    Removing rtx_msgqueue.o(.ARM.exidx.text.osRtxMessageQueuePostProcess), (8 bytes).
    Removing rtx_msgqueue.o(.ARM.exidx.text.MessageQueueRemove), (8 bytes).
    Removing rtx_msgqueue.o(.ARM.exidx.text.MessageQueuePut), (8 bytes).
    Removing rtx_msgqueue.o(.text.svcRtxMessageQueueGetName), (18 bytes).
    Removing rtx_msgqueue.o(.ARM.exidx.text.svcRtxMessageQueueGetName), (8 bytes).
    Removing rtx_msgqueue.o(.ARM.exidx.text.svcRtxMessageQueuePut), (8 bytes).
    Removing rtx_msgqueue.o(.ARM.exidx.text.MessageQueueGet), (8 bytes).
    Removing rtx_msgqueue.o(.ARM.exidx.text.svcRtxMessageQueueGet), (8 bytes).
    Removing rtx_msgqueue.o(.ARM.exidx.text.svcRtxMessageQueueReset), (8 bytes).
    Removing rtx_msgqueue.o(.text.svcRtxMessageQueueDelete), (112 bytes).
    Removing rtx_msgqueue.o(.ARM.exidx.text.svcRtxMessageQueueDelete), (8 bytes).
    Removing irq_cm0.o(.constdata), (1 bytes).
    Removing rtx_timer.o(.text), (0 bytes).
    Removing rtx_timer.o(.ARM.exidx.text.osRtxTimerThread), (8 bytes).
    Removing rtx_timer.o(.ARM.exidx.text.osRtxTimerTick), (8 bytes).
    Removing rtx_timer.o(.text.osTimerNew), (36 bytes).
    Removing rtx_timer.o(.ARM.exidx.text.osTimerNew), (8 bytes).
    Removing rtx_timer.o(.text.osTimerGetName), (36 bytes).
    Removing rtx_timer.o(.ARM.exidx.text.osTimerGetName), (8 bytes).
    Removing rtx_timer.o(.text.osTimerStart), (40 bytes).
    Removing rtx_timer.o(.ARM.exidx.text.osTimerStart), (8 bytes).
    Removing rtx_timer.o(.text.osTimerStop), (40 bytes).
    Removing rtx_timer.o(.ARM.exidx.text.osTimerStop), (8 bytes).
    Removing rtx_timer.o(.text.osTimerIsRunning), (36 bytes).
    Removing rtx_timer.o(.ARM.exidx.text.osTimerIsRunning), (8 bytes).
    Removing rtx_timer.o(.text.osTimerDelete), (40 bytes).
    Removing rtx_timer.o(.ARM.exidx.text.osTimerDelete), (8 bytes).
    Removing rtx_timer.o(.ARM.exidx.text.TimerInsert), (8 bytes).
    Removing rtx_timer.o(.text.svcRtxTimerNew), (132 bytes).
    Removing rtx_timer.o(.ARM.exidx.text.svcRtxTimerNew), (8 bytes).
    Removing rtx_timer.o(.text.svcRtxTimerGetName), (18 bytes).
    Removing rtx_timer.o(.ARM.exidx.text.svcRtxTimerGetName), (8 bytes).
    Removing rtx_timer.o(.text.svcRtxTimerStart), (72 bytes).
    Removing rtx_timer.o(.ARM.exidx.text.svcRtxTimerStart), (8 bytes).
    Removing rtx_timer.o(.text.TimerRemove), (40 bytes).
    Removing rtx_timer.o(.ARM.exidx.text.TimerRemove), (8 bytes).
    Removing rtx_timer.o(.text.svcRtxTimerStop), (42 bytes).
    Removing rtx_timer.o(.ARM.exidx.text.svcRtxTimerStop), (8 bytes).
    Removing rtx_timer.o(.text.svcRtxTimerIsRunning), (24 bytes).
    Removing rtx_timer.o(.ARM.exidx.text.svcRtxTimerIsRunning), (8 bytes).
    Removing rtx_timer.o(.text.svcRtxTimerDelete), (76 bytes).
    Removing rtx_timer.o(.ARM.exidx.text.svcRtxTimerDelete), (8 bytes).
    Removing rtx_mutex.o(.text), (0 bytes).
    Removing rtx_mutex.o(.ARM.exidx.text.osRtxMutexOwnerRelease), (8 bytes).
    Removing rtx_mutex.o(.text.osMutexNew), (36 bytes).
    Removing rtx_mutex.o(.ARM.exidx.text.osMutexNew), (8 bytes).
    Removing rtx_mutex.o(.text.osMutexGetName), (36 bytes).
    Removing rtx_mutex.o(.ARM.exidx.text.osMutexGetName), (8 bytes).
    Removing rtx_mutex.o(.text.osMutexAcquire), (40 bytes).
    Removing rtx_mutex.o(.ARM.exidx.text.osMutexAcquire), (8 bytes).
    Removing rtx_mutex.o(.text.osMutexRelease), (40 bytes).
    Removing rtx_mutex.o(.ARM.exidx.text.osMutexRelease), (8 bytes).
    Removing rtx_mutex.o(.text.osMutexGetOwner), (36 bytes).
    Removing rtx_mutex.o(.ARM.exidx.text.osMutexGetOwner), (8 bytes).
    Removing rtx_mutex.o(.text.osMutexDelete), (40 bytes).
    Removing rtx_mutex.o(.ARM.exidx.text.osMutexDelete), (8 bytes).
    Removing rtx_mutex.o(.text.svcRtxMutexNew), (112 bytes).
    Removing rtx_mutex.o(.ARM.exidx.text.svcRtxMutexNew), (8 bytes).
    Removing rtx_mutex.o(.text.svcRtxMutexGetName), (18 bytes).
    Removing rtx_mutex.o(.ARM.exidx.text.svcRtxMutexGetName), (8 bytes).
    Removing rtx_mutex.o(.text.svcRtxMutexAcquire), (152 bytes).
    Removing rtx_mutex.o(.ARM.exidx.text.svcRtxMutexAcquire), (8 bytes).
    Removing rtx_mutex.o(.text.svcRtxMutexRelease), (192 bytes).
    Removing rtx_mutex.o(.ARM.exidx.text.svcRtxMutexRelease), (8 bytes).
    Removing rtx_mutex.o(.text.svcRtxMutexGetOwner), (24 bytes).
    Removing rtx_mutex.o(.ARM.exidx.text.svcRtxMutexGetOwner), (8 bytes).
    Removing rtx_mutex.o(.text.svcRtxMutexDelete), (188 bytes).
    Removing rtx_mutex.o(.ARM.exidx.text.svcRtxMutexDelete), (8 bytes).
    Removing rtx_memory.o(.text), (0 bytes).
    Removing rtx_memory.o(.ARM.exidx.text.osRtxMemoryInit), (8 bytes).
    Removing rtx_memory.o(.ARM.exidx.text.osRtxMemoryAlloc), (8 bytes).
    Removing rtx_memory.o(.ARM.exidx.text.osRtxMemoryFree), (8 bytes).
    Removing rtx_mempool.o(.text), (0 bytes).
    Removing rtx_mempool.o(.ARM.exidx.text.osRtxMemoryPoolInit), (8 bytes).
    Removing rtx_mempool.o(.ARM.exidx.text.osRtxMemoryPoolAlloc), (8 bytes).
    Removing rtx_mempool.o(.ARM.exidx.text.osRtxMemoryPoolFree), (8 bytes).
    Removing rtx_mempool.o(.text.osMemoryPoolNew), (36 bytes).
    Removing rtx_mempool.o(.ARM.exidx.text.osMemoryPoolNew), (8 bytes).
    Removing rtx_mempool.o(.text.osMemoryPoolGetName), (36 bytes).
    Removing rtx_mempool.o(.ARM.exidx.text.osMemoryPoolGetName), (8 bytes).
    Removing rtx_mempool.o(.text.osMemoryPoolAlloc), (56 bytes).
    Removing rtx_mempool.o(.ARM.exidx.text.osMemoryPoolAlloc), (8 bytes).
    Removing rtx_mempool.o(.text.osMemoryPoolFree), (72 bytes).
    Removing rtx_mempool.o(.ARM.exidx.text.osMemoryPoolFree), (8 bytes).
    Removing rtx_mempool.o(.text.osMemoryPoolGetCapacity), (48 bytes).
    Removing rtx_mempool.o(.ARM.exidx.text.osMemoryPoolGetCapacity), (8 bytes).
    Removing rtx_mempool.o(.text.svcRtxMemoryPoolGetCapacity), (18 bytes).
    Removing rtx_mempool.o(.ARM.exidx.text.svcRtxMemoryPoolGetCapacity), (8 bytes).
    Removing rtx_mempool.o(.text.osMemoryPoolGetBlockSize), (48 bytes).
    Removing rtx_mempool.o(.ARM.exidx.text.osMemoryPoolGetBlockSize), (8 bytes).
    Removing rtx_mempool.o(.text.svcRtxMemoryPoolGetBlockSize), (18 bytes).
    Removing rtx_mempool.o(.ARM.exidx.text.svcRtxMemoryPoolGetBlockSize), (8 bytes).
    Removing rtx_mempool.o(.text.osMemoryPoolGetCount), (48 bytes).
    Removing rtx_mempool.o(.ARM.exidx.text.osMemoryPoolGetCount), (8 bytes).
    Removing rtx_mempool.o(.text.svcRtxMemoryPoolGetCount), (18 bytes).
    Removing rtx_mempool.o(.ARM.exidx.text.svcRtxMemoryPoolGetCount), (8 bytes).
    Removing rtx_mempool.o(.text.osMemoryPoolGetSpace), (36 bytes).
    Removing rtx_mempool.o(.ARM.exidx.text.osMemoryPoolGetSpace), (8 bytes).
    Removing rtx_mempool.o(.text.svcRtxMemoryPoolGetSpace), (22 bytes).
    Removing rtx_mempool.o(.ARM.exidx.text.svcRtxMemoryPoolGetSpace), (8 bytes).
    Removing rtx_mempool.o(.text.osMemoryPoolDelete), (40 bytes).
    Removing rtx_mempool.o(.ARM.exidx.text.osMemoryPoolDelete), (8 bytes).
    Removing rtx_mempool.o(.text.svcRtxMemoryPoolNew), (444 bytes).
    Removing rtx_mempool.o(.ARM.exidx.text.svcRtxMemoryPoolNew), (8 bytes).
    Removing rtx_mempool.o(.text.osRtxMemoryPoolPostProcess), (40 bytes).
    Removing rtx_mempool.o(.ARM.exidx.text.osRtxMemoryPoolPostProcess), (8 bytes).
    Removing rtx_mempool.o(.text.svcRtxMemoryPoolGetName), (18 bytes).
    Removing rtx_mempool.o(.ARM.exidx.text.svcRtxMemoryPoolGetName), (8 bytes).
    Removing rtx_mempool.o(.text.svcRtxMemoryPoolAlloc), (64 bytes).
    Removing rtx_mempool.o(.ARM.exidx.text.svcRtxMemoryPoolAlloc), (8 bytes).
    Removing rtx_mempool.o(.text.svcRtxMemoryPoolFree), (72 bytes).
    Removing rtx_mempool.o(.ARM.exidx.text.svcRtxMemoryPoolFree), (8 bytes).
    Removing rtx_mempool.o(.text.svcRtxMemoryPoolDelete), (112 bytes).
    Removing rtx_mempool.o(.ARM.exidx.text.svcRtxMemoryPoolDelete), (8 bytes).
    Removing rtx_system.o(.text), (0 bytes).
    Removing rtx_system.o(.ARM.exidx.text.osRtxTick_Handler), (8 bytes).
    Removing rtx_system.o(.ARM.exidx.text.osRtxPendSV_Handler), (8 bytes).
    Removing rtx_system.o(.ARM.exidx.text.osRtxPostProcess), (8 bytes).
    Removing os_systick.o(.text), (0 bytes).
    Removing os_systick.o(.ARM.exidx.text.OS_Tick_Setup), (8 bytes).
    Removing os_systick.o(.ARM.exidx.text.OS_Tick_Enable), (8 bytes).
    Removing os_systick.o(.text.OS_Tick_Disable), (40 bytes).
    Removing os_systick.o(.ARM.exidx.text.OS_Tick_Disable), (8 bytes).
    Removing os_systick.o(.ARM.exidx.text.OS_Tick_AcknowledgeIRQ), (8 bytes).
    Removing os_systick.o(.ARM.exidx.text.OS_Tick_GetIRQn), (8 bytes).
    Removing os_systick.o(.text.OS_Tick_GetClock), (12 bytes).
    Removing os_systick.o(.ARM.exidx.text.OS_Tick_GetClock), (8 bytes).
    Removing os_systick.o(.text.OS_Tick_GetInterval), (12 bytes).
    Removing os_systick.o(.ARM.exidx.text.OS_Tick_GetInterval), (8 bytes).
    Removing os_systick.o(.text.OS_Tick_GetCount), (16 bytes).
    Removing os_systick.o(.ARM.exidx.text.OS_Tick_GetCount), (8 bytes).
    Removing os_systick.o(.text.OS_Tick_GetOverflow), (16 bytes).
    Removing os_systick.o(.ARM.exidx.text.OS_Tick_GetOverflow), (8 bytes).

356 unused section(s) (total 8313 bytes) removed from the image.

==============================================================================

Image Symbol Table

    Local Symbols

    Symbol Name                              Value     Ov Type        Size  Object(Section)

    RESET                                    0x00000000   Section      192  startup_mkl25z4.o(RESET)
    ../clib/../cmprslib/zerorunl2.c          0x00000000   Number         0  __dczerorl2.o ABSOLUTE
    ../clib/microlib/division.c              0x00000000   Number         0  uidiv.o ABSOLUTE
    ../clib/microlib/division.c              0x00000000   Number         0  idiv.o ABSOLUTE
    ../clib/microlib/init/entry.s            0x00000000   Number         0  entry7b.o ABSOLUTE
    ../clib/microlib/init/entry.s            0x00000000   Number         0  entry8a.o ABSOLUTE
    ../clib/microlib/init/entry.s            0x00000000   Number         0  entry.o ABSOLUTE
    ../clib/microlib/init/entry.s            0x00000000   Number         0  entry8b.o ABSOLUTE
    ../clib/microlib/init/entry.s            0x00000000   Number         0  entry11b.o ABSOLUTE
    ../clib/microlib/init/entry.s            0x00000000   Number         0  entry7a.o ABSOLUTE
    ../clib/microlib/init/entry.s            0x00000000   Number         0  entry2.o ABSOLUTE
    ../clib/microlib/init/entry.s            0x00000000   Number         0  entry11a.o ABSOLUTE
    ../clib/microlib/init/entry.s            0x00000000   Number         0  entry10b.o ABSOLUTE
    ../clib/microlib/init/entry.s            0x00000000   Number         0  entry5.o ABSOLUTE
    ../clib/microlib/init/entry.s            0x00000000   Number         0  entry10a.o ABSOLUTE
    ../clib/microlib/init/entry.s            0x00000000   Number         0  entry9b.o ABSOLUTE
    ../clib/microlib/init/entry.s            0x00000000   Number         0  entry9a.o ABSOLUTE
    ../clib/microlib/longlong.c              0x00000000   Number         0  llshl.o ABSOLUTE
    ../clib/microlib/longlong.c              0x00000000   Number         0  llushr.o ABSOLUTE
    ../clib/microlib/string/memcpy.c         0x00000000   Number         0  memcpya.o ABSOLUTE
    ../clib/microlib/string/memcpy.c         0x00000000   Number         0  memcpyb.o ABSOLUTE
    ../clib/microlib/string/memset.c         0x00000000   Number         0  memseta.o ABSOLUTE
    ../clib/microlib/stubs.s                 0x00000000   Number         0  iusefp.o ABSOLUTE
    ../fplib/microlib/fpepilogue.c           0x00000000   Number         0  depilogue.o ABSOLUTE
    ../fplib/microlib/fpfix.c                0x00000000   Number         0  dfixui.o ABSOLUTE
    ../fplib/microlib/fpflt.c                0x00000000   Number         0  dfltui.o ABSOLUTE
    ../fplib/microlib/fpmul.c                0x00000000   Number         0  dmul.o ABSOLUTE
    ..\..\..\Source\ARM\irq_cm0.s            0x00000000   Number         0  irq_cm0.o ABSOLUTE
    F:\RTOS\AppData\Local\Arm\Packs\ARM\CMSIS\5.6.0\CMSIS\RTOS2\RTX\Source\rtx_lib.c 0x00000000   Number         0  rtx_lib.o ABSOLUTE
    F:\\RTOS\\AppData\\Local\\Arm\\Packs\\ARM\\CMSIS\\5.6.0\\CMSIS\\RTOS2\\RTX\\Source\\rtx_lib.c 0x00000000   Number         0  rtx_lib.o ABSOLUTE
    RTE\CMSIS\RTX_Config.c                   0x00000000   Number         0  rtx_config.o ABSOLUTE
    RTE\Device\MKL25Z128xxx4\startup_MKL25Z4.s 0x00000000   Number         0  startup_mkl25z4.o ABSOLUTE
    RTE\Device\MKL25Z128xxx4\system_MKL25Z4.c 0x00000000   Number         0  system_mkl25z4.o ABSOLUTE
    RTE\\CMSIS\\RTX_Config.c                 0x00000000   Number         0  rtx_config.o ABSOLUTE
    RTE\\Device\\MKL25Z128xxx4\\system_MKL25Z4.c 0x00000000   Number         0  system_mkl25z4.o ABSOLUTE
    dc.s                                     0x00000000   Number         0  dc.o ABSOLUTE
    handlers.s                               0x00000000   Number         0  handlers.o ABSOLUTE
    init.c                                   0x00000000   Number         0  init.o ABSOLUTE
    init.c                                   0x00000000   Number         0  init.o ABSOLUTE
    init.s                                   0x00000000   Number         0  init.o ABSOLUTE
    led.c                                    0x00000000   Number         0  led.o ABSOLUTE
    led.c                                    0x00000000   Number         0  led.o ABSOLUTE
    main.c                                   0x00000000   Number         0  main.o ABSOLUTE
    main.c                                   0x00000000   Number         0  main.o ABSOLUTE
    os_systick.c                             0x00000000   Number         0  os_systick.o ABSOLUTE
    rtx_delay.c                              0x00000000   Number         0  rtx_delay.o ABSOLUTE
    rtx_evflags.c                            0x00000000   Number         0  rtx_evflags.o ABSOLUTE
    rtx_kernel.c                             0x00000000   Number         0  rtx_kernel.o ABSOLUTE
    rtx_memory.c                             0x00000000   Number         0  rtx_memory.o ABSOLUTE
    rtx_mempool.c                            0x00000000   Number         0  rtx_mempool.o ABSOLUTE
    rtx_msgqueue.c                           0x00000000   Number         0  rtx_msgqueue.o ABSOLUTE
    rtx_mutex.c                              0x00000000   Number         0  rtx_mutex.o ABSOLUTE
    rtx_system.c                             0x00000000   Number         0  rtx_system.o ABSOLUTE
    rtx_thread.c                             0x00000000   Number         0  rtx_thread.o ABSOLUTE
    rtx_timer.c                              0x00000000   Number         0  rtx_timer.o ABSOLUTE
    .ARM.Collect$$$$00000000                 0x000000c0   Section        0  entry.o(.ARM.Collect$$$$00000000)
    .ARM.Collect$$$$00000001                 0x000000c0   Section        4  entry2.o(.ARM.Collect$$$$00000001)
    .ARM.Collect$$$$00000004                 0x000000c4   Section        4  entry5.o(.ARM.Collect$$$$00000004)
    .ARM.Collect$$$$00000008                 0x000000c8   Section        0  entry7b.o(.ARM.Collect$$$$00000008)
    .ARM.Collect$$$$0000000A                 0x000000c8   Section        0  entry8b.o(.ARM.Collect$$$$0000000A)
    .ARM.Collect$$$$0000000B                 0x000000c8   Section        8  entry9a.o(.ARM.Collect$$$$0000000B)
    .ARM.Collect$$$$0000000D                 0x000000d0   Section        0  entry10a.o(.ARM.Collect$$$$0000000D)
    .ARM.Collect$$$$0000000F                 0x000000d0   Section        0  entry11a.o(.ARM.Collect$$$$0000000F)
    .ARM.Collect$$$$00002712                 0x000000d0   Section        4  entry2.o(.ARM.Collect$$$$00002712)
    __lit__00000000                          0x000000d0   Data           4  entry2.o(.ARM.Collect$$$$00002712)
    .text                                    0x000000d4   Section       40  startup_mkl25z4.o(.text)
    .text                                    0x000000fc   Section      164  irq_cm0.o(.text)
    .text                                    0x000001a0   Section        0  uidiv.o(.text)
    .text                                    0x000001cc   Section        0  idiv.o(.text)
    .text                                    0x000001f4   Section        0  memcpya.o(.text)
    .text                                    0x00000218   Section        0  memseta.o(.text)
    .text                                    0x0000023c   Section        0  dmul.o(.text)
    .text                                    0x0000030c   Section        0  dfltui.o(.text)
    .text                                    0x00000328   Section        0  dfixui.o(.text)
    .text                                    0x00000364   Section        0  llushr.o(.text)
    .text                                    0x00000386   Section        0  iusefp.o(.text)
    .text                                    0x00000388   Section       36  init.o(.text)
    .text                                    0x000003ac   Section        0  llshl.o(.text)
    [Anonymous Symbol]                       0x000003cc   Section        0  rtx_msgqueue.o(.text.MessageQueueRemove)
    MessageQueueRemove                       0x000003cd   Thumb Code    30  rtx_msgqueue.o(.text.MessageQueueRemove)
    [Anonymous Symbol]                       0x000003ec   Section        0  os_systick.o(.text.OS_Tick_AcknowledgeIRQ)
    __arm_cp.3_0                             0x000003f4   Number         4  os_systick.o(.text.OS_Tick_AcknowledgeIRQ)
    [Anonymous Symbol]                       0x000003f8   Section        0  os_systick.o(.text.OS_Tick_GetIRQn)
    [Anonymous Symbol]                       0x000003fe   Section        0  rtx_kernel.o(.text.osRtxKernelPreInit)
    .ARM.__at_0x400                          0x00000400   Section       16  startup_mkl25z4.o(.ARM.__at_0x400)
    .text                                    0x00000410   Section        0  depilogue.o(.text)
    .text                                    0x000004ce   Section        0  __dczerorl2.o(.text)
    [Anonymous Symbol]                       0x00000524   Section        0  rtx_evflags.o(.text.EventFlagsCheck)
    EventFlagsCheck                          0x00000525   Thumb Code    78  rtx_evflags.o(.text.EventFlagsCheck)
    [Anonymous Symbol]                       0x00000572   Section        0  rtx_msgqueue.o(.text.MessageQueueGet)
    MessageQueueGet                          0x00000573   Thumb Code    76  rtx_msgqueue.o(.text.MessageQueueGet)
    [Anonymous Symbol]                       0x000005be   Section        0  rtx_msgqueue.o(.text.MessageQueuePut)
    MessageQueuePut                          0x000005bf   Thumb Code    98  rtx_msgqueue.o(.text.MessageQueuePut)
    [Anonymous Symbol]                       0x00000620   Section        0  os_systick.o(.text.OS_Tick_Enable)
    __arm_cp.1_0                             0x00000640   Number         4  os_systick.o(.text.OS_Tick_Enable)
    __arm_cp.1_1                             0x00000644   Number         4  os_systick.o(.text.OS_Tick_Enable)
    __arm_cp.1_2                             0x00000648   Number         4  os_systick.o(.text.OS_Tick_Enable)
    [Anonymous Symbol]                       0x0000064c   Section        0  os_systick.o(.text.OS_Tick_Setup)
    __arm_cp.0_0                             0x00000688   Number         4  os_systick.o(.text.OS_Tick_Setup)
    __arm_cp.0_1                             0x0000068c   Number         4  os_systick.o(.text.OS_Tick_Setup)
    __arm_cp.0_2                             0x00000690   Number         4  os_systick.o(.text.OS_Tick_Setup)
    __arm_cp.0_3                             0x00000694   Number         4  os_systick.o(.text.OS_Tick_Setup)
    [Anonymous Symbol]                       0x00000698   Section        0  rtx_thread.o(.text.ThreadFlagsCheck)
    ThreadFlagsCheck                         0x00000699   Thumb Code    78  rtx_thread.o(.text.ThreadFlagsCheck)
    [Anonymous Symbol]                       0x000006e8   Section        0  rtx_timer.o(.text.TimerInsert)
    TimerInsert                              0x000006e9   Thumb Code    76  rtx_timer.o(.text.TimerInsert)
    __arm_cp.8_0                             0x00000730   Number         4  rtx_timer.o(.text.TimerInsert)
    [Anonymous Symbol]                       0x00000734   Section        0  rtx_delay.o(.text.osDelay)
    __arm_cp.0_0                             0x00000758   Number         4  rtx_delay.o(.text.osDelay)
    [Anonymous Symbol]                       0x0000075c   Section        0  rtx_evflags.o(.text.osEventFlagsClear)
    __arm_cp.3_0                             0x0000077c   Number         4  rtx_evflags.o(.text.osEventFlagsClear)
    [Anonymous Symbol]                       0x00000780   Section        0  rtx_evflags.o(.text.osEventFlagsNew)
    __arm_cp.0_0                             0x000007a0   Number         4  rtx_evflags.o(.text.osEventFlagsNew)
    [Anonymous Symbol]                       0x000007a4   Section        0  rtx_evflags.o(.text.osEventFlagsSet)
    __arm_cp.2_0                             0x000007f0   Number         4  rtx_evflags.o(.text.osEventFlagsSet)
    [Anonymous Symbol]                       0x000007f4   Section        0  rtx_evflags.o(.text.osEventFlagsWait)
    __arm_cp.7_0                             0x00000834   Number         4  rtx_evflags.o(.text.osEventFlagsWait)
    [Anonymous Symbol]                       0x00000838   Section        0  rtx_kernel.o(.text.osKernelInitialize)
    __arm_cp.1_0                             0x0000085c   Number         4  rtx_kernel.o(.text.osKernelInitialize)
    [Anonymous Symbol]                       0x00000860   Section        0  rtx_kernel.o(.text.osKernelStart)
    __arm_cp.6_0                             0x00000880   Number         4  rtx_kernel.o(.text.osKernelStart)
    [Anonymous Symbol]                       0x00000884   Section        0  rtx_msgqueue.o(.text.osMessageQueueGet)
    __arm_cp.3_0                             0x000008f4   Number         4  rtx_msgqueue.o(.text.osMessageQueueGet)
    [Anonymous Symbol]                       0x000008f8   Section        0  rtx_msgqueue.o(.text.osMessageQueueNew)
    __arm_cp.0_0                             0x00000918   Number         4  rtx_msgqueue.o(.text.osMessageQueueNew)
    [Anonymous Symbol]                       0x0000091c   Section        0  rtx_msgqueue.o(.text.osMessageQueuePut)
    __arm_cp.2_0                             0x00000990   Number         4  rtx_msgqueue.o(.text.osMessageQueuePut)
    [Anonymous Symbol]                       0x00000994   Section        0  rtx_msgqueue.o(.text.osMessageQueueReset)
    __arm_cp.12_0                            0x000009b8   Number         4  rtx_msgqueue.o(.text.osMessageQueueReset)
    [Anonymous Symbol]                       0x000009bc   Section        0  rtx_evflags.o(.text.osRtxEventFlagsPostProcess)
    osRtxEventFlagsPostProcess               0x000009bd   Thumb Code    52  rtx_evflags.o(.text.osRtxEventFlagsPostProcess)
    [Anonymous Symbol]                       0x000009f0   Section        0  rtx_memory.o(.text.osRtxMemoryAlloc)
    [Anonymous Symbol]                       0x00000a6c   Section        0  rtx_memory.o(.text.osRtxMemoryFree)
    [Anonymous Symbol]                       0x00000aba   Section        0  rtx_memory.o(.text.osRtxMemoryInit)
    [Anonymous Symbol]                       0x00000aec   Section        0  rtx_mempool.o(.text.osRtxMemoryPoolAlloc)
    [Anonymous Symbol]                       0x00000b1a   Section        0  rtx_mempool.o(.text.osRtxMemoryPoolFree)
    [Anonymous Symbol]                       0x00000b54   Section        0  rtx_mempool.o(.text.osRtxMemoryPoolInit)
    [Anonymous Symbol]                       0x00000b92   Section        0  rtx_msgqueue.o(.text.osRtxMessageQueuePostProcess)
    osRtxMessageQueuePostProcess             0x00000b93   Thumb Code   188  rtx_msgqueue.o(.text.osRtxMessageQueuePostProcess)
    [Anonymous Symbol]                       0x00000c4e   Section        0  rtx_mutex.o(.text.osRtxMutexOwnerRelease)
    [Anonymous Symbol]                       0x00000c94   Section        0  rtx_system.o(.text.osRtxPendSV_Handler)
    __arm_cp.1_0                             0x00000d10   Number         4  rtx_system.o(.text.osRtxPendSV_Handler)
    [Anonymous Symbol]                       0x00000d14   Section        0  rtx_system.o(.text.osRtxPostProcess)
    __arm_cp.2_0                             0x00000d78   Number         4  rtx_system.o(.text.osRtxPostProcess)
    __arm_cp.2_1                             0x00000d7c   Number         4  rtx_system.o(.text.osRtxPostProcess)
    [Anonymous Symbol]                       0x00000d80   Section        0  rtx_thread.o(.text.osRtxThreadBlock)
    osRtxThreadBlock                         0x00000d81   Thumb Code    56  rtx_thread.o(.text.osRtxThreadBlock)
    __arm_cp.10_0                            0x00000db4   Number         4  rtx_thread.o(.text.osRtxThreadBlock)
    [Anonymous Symbol]                       0x00000db8   Section        0  rtx_thread.o(.text.osRtxThreadDelayInsert)
    osRtxThreadDelayInsert                   0x00000db9   Thumb Code   128  rtx_thread.o(.text.osRtxThreadDelayInsert)
    __arm_cp.14_0                            0x00000e34   Number         4  rtx_thread.o(.text.osRtxThreadDelayInsert)
    [Anonymous Symbol]                       0x00000e38   Section        0  rtx_thread.o(.text.osRtxThreadDelayRemove)
    osRtxThreadDelayRemove                   0x00000e39   Thumb Code    68  rtx_thread.o(.text.osRtxThreadDelayRemove)
    __arm_cp.12_0                            0x00000e78   Number         4  rtx_thread.o(.text.osRtxThreadDelayRemove)
    [Anonymous Symbol]                       0x00000e7c   Section        0  rtx_thread.o(.text.osRtxThreadDelayTick)
    __arm_cp.5_0                             0x00000eb0   Number         4  rtx_thread.o(.text.osRtxThreadDelayTick)
    [Anonymous Symbol]                       0x00000eb4   Section        0  rtx_thread.o(.text.osRtxThreadDispatch)
    __arm_cp.9_0                             0x00000f00   Number         4  rtx_thread.o(.text.osRtxThreadDispatch)
    [Anonymous Symbol]                       0x00000f04   Section        0  rtx_thread.o(.text.osRtxThreadFree)
    osRtxThreadFree                          0x00000f05   Thumb Code    84  rtx_thread.o(.text.osRtxThreadFree)
    __arm_cp.52_0                            0x00000f54   Number         4  rtx_thread.o(.text.osRtxThreadFree)
    [Anonymous Symbol]                       0x00000f58   Section        0  rtx_thread.o(.text.osRtxThreadListGet)
    [Anonymous Symbol]                       0x00000f6c   Section        0  rtx_thread.o(.text.osRtxThreadListPut)
    [Anonymous Symbol]                       0x00000f98   Section        0  rtx_thread.o(.text.osRtxThreadListRemove)
    [Anonymous Symbol]                       0x00000fb0   Section        0  rtx_thread.o(.text.osRtxThreadPostProcess)
    osRtxThreadPostProcess                   0x00000fb1   Thumb Code    38  rtx_thread.o(.text.osRtxThreadPostProcess)
    [Anonymous Symbol]                       0x00000fd8   Section        0  rtx_thread.o(.text.osRtxThreadReadyPut)
    __arm_cp.4_0                             0x00000fec   Number         4  rtx_thread.o(.text.osRtxThreadReadyPut)
    [Anonymous Symbol]                       0x00000ff0   Section        0  rtx_thread.o(.text.osRtxThreadRegPtr)
    [Anonymous Symbol]                       0x00000ff8   Section        0  rtx_thread.o(.text.osRtxThreadStackCheck)
    __arm_cp.8_0                             0x0000101c   Number         4  rtx_thread.o(.text.osRtxThreadStackCheck)
    __arm_cp.8_1                             0x00001020   Number         4  rtx_thread.o(.text.osRtxThreadStackCheck)
    [Anonymous Symbol]                       0x00001024   Section        0  rtx_thread.o(.text.osRtxThreadStartup)
    __arm_cp.15_0                            0x00001054   Number         4  rtx_thread.o(.text.osRtxThreadStartup)
    __arm_cp.15_1                            0x00001058   Number         4  rtx_thread.o(.text.osRtxThreadStartup)
    __arm_cp.15_2                            0x0000105c   Number         4  rtx_thread.o(.text.osRtxThreadStartup)
    __arm_cp.15_3                            0x00001060   Number         4  rtx_thread.o(.text.osRtxThreadStartup)
    [Anonymous Symbol]                       0x00001064   Section        0  rtx_thread.o(.text.osRtxThreadSwitch)
    __arm_cp.7_0                             0x00001074   Number         4  rtx_thread.o(.text.osRtxThreadSwitch)
    [Anonymous Symbol]                       0x00001078   Section        0  rtx_thread.o(.text.osRtxThreadWaitEnter)
    __arm_cp.13_0                            0x000010b0   Number         4  rtx_thread.o(.text.osRtxThreadWaitEnter)
    [Anonymous Symbol]                       0x000010b4   Section        0  rtx_thread.o(.text.osRtxThreadWaitExit)
    [Anonymous Symbol]                       0x000010d8   Section        0  rtx_system.o(.text.osRtxTick_Handler)
    __arm_cp.0_0                             0x00001148   Number         4  rtx_system.o(.text.osRtxTick_Handler)
    [Anonymous Symbol]                       0x0000114c   Section        0  rtx_timer.o(.text.osRtxTimerThread)
    __arm_cp.0_0                             0x0000117c   Number         4  rtx_timer.o(.text.osRtxTimerThread)
    __arm_cp.0_1                             0x00001180   Number         4  rtx_timer.o(.text.osRtxTimerThread)
    __arm_cp.0_2                             0x00001184   Number         4  rtx_timer.o(.text.osRtxTimerThread)
    [Anonymous Symbol]                       0x00001188   Section        0  rtx_timer.o(.text.osRtxTimerTick)
    osRtxTimerTick                           0x00001189   Thumb Code    96  rtx_timer.o(.text.osRtxTimerTick)
    __arm_cp.1_0                             0x000011e4   Number         4  rtx_timer.o(.text.osRtxTimerTick)
    [Anonymous Symbol]                       0x000011e8   Section        0  rtx_thread.o(.text.osThreadExit)
    __arm_cp.31_0                            0x000011f0   Number         4  rtx_thread.o(.text.osThreadExit)
    [Anonymous Symbol]                       0x000011f4   Section        0  rtx_thread.o(.text.osThreadNew)
    __arm_cp.17_0                            0x00001214   Number         4  rtx_thread.o(.text.osThreadNew)
    [Anonymous Symbol]                       0x00001218   Section        0  rtx_delay.o(.text.svcRtxDelay)
    svcRtxDelay                              0x00001219   Thumb Code    18  rtx_delay.o(.text.svcRtxDelay)
    [Anonymous Symbol]                       0x0000122a   Section        0  rtx_evflags.o(.text.svcRtxEventFlagsClear)
    svcRtxEventFlagsClear                    0x0000122b   Thumb Code    50  rtx_evflags.o(.text.svcRtxEventFlagsClear)
    [Anonymous Symbol]                       0x0000125c   Section        0  rtx_evflags.o(.text.svcRtxEventFlagsNew)
    svcRtxEventFlagsNew                      0x0000125d   Thumb Code   116  rtx_evflags.o(.text.svcRtxEventFlagsNew)
    __arm_cp.9_0                             0x000012c8   Number         4  rtx_evflags.o(.text.svcRtxEventFlagsNew)
    __arm_cp.9_1                             0x000012cc   Number         4  rtx_evflags.o(.text.svcRtxEventFlagsNew)
    [Anonymous Symbol]                       0x000012d0   Section        0  rtx_evflags.o(.text.svcRtxEventFlagsSet)
    svcRtxEventFlagsSet                      0x000012d1   Thumb Code   124  rtx_evflags.o(.text.svcRtxEventFlagsSet)
    [Anonymous Symbol]                       0x0000134c   Section        0  rtx_evflags.o(.text.svcRtxEventFlagsWait)
    svcRtxEventFlagsWait                     0x0000134d   Thumb Code   100  rtx_evflags.o(.text.svcRtxEventFlagsWait)
    __arm_cp.14_0                            0x000013ac   Number         4  rtx_evflags.o(.text.svcRtxEventFlagsWait)
    [Anonymous Symbol]                       0x000013b0   Section        0  rtx_kernel.o(.text.svcRtxKernelInitialize)
    svcRtxKernelInitialize                   0x000013b1   Thumb Code   328  rtx_kernel.o(.text.svcRtxKernelInitialize)
    __arm_cp.20_0                            0x000014ec   Number         4  rtx_kernel.o(.text.svcRtxKernelInitialize)
    __arm_cp.20_1                            0x000014f0   Number         4  rtx_kernel.o(.text.svcRtxKernelInitialize)
    __arm_cp.20_2                            0x000014f4   Number         4  rtx_kernel.o(.text.svcRtxKernelInitialize)
    [Anonymous Symbol]                       0x000014f8   Section        0  rtx_kernel.o(.text.svcRtxKernelStart)
    svcRtxKernelStart                        0x000014f9   Thumb Code   132  rtx_kernel.o(.text.svcRtxKernelStart)
    __arm_cp.21_0                            0x0000156c   Number         4  rtx_kernel.o(.text.svcRtxKernelStart)
    __arm_cp.21_1                            0x00001570   Number         4  rtx_kernel.o(.text.svcRtxKernelStart)
    __arm_cp.21_2                            0x00001574   Number         4  rtx_kernel.o(.text.svcRtxKernelStart)
    __arm_cp.21_3                            0x00001578   Number         4  rtx_kernel.o(.text.svcRtxKernelStart)
    [Anonymous Symbol]                       0x0000157c   Section        0  rtx_msgqueue.o(.text.svcRtxMessageQueueGet)
    svcRtxMessageQueueGet                    0x0000157d   Thumb Code   232  rtx_msgqueue.o(.text.svcRtxMessageQueueGet)
    __arm_cp.21_0                            0x00001660   Number         4  rtx_msgqueue.o(.text.svcRtxMessageQueueGet)
    [Anonymous Symbol]                       0x00001664   Section        0  rtx_msgqueue.o(.text.svcRtxMessageQueueNew)
    svcRtxMessageQueueNew                    0x00001665   Thumb Code   484  rtx_msgqueue.o(.text.svcRtxMessageQueueNew)
    __arm_cp.14_0                            0x00001830   Number         4  rtx_msgqueue.o(.text.svcRtxMessageQueueNew)
    __arm_cp.14_1                            0x00001834   Number         4  rtx_msgqueue.o(.text.svcRtxMessageQueueNew)
    __arm_cp.14_2                            0x00001838   Number         4  rtx_msgqueue.o(.text.svcRtxMessageQueueNew)
    __arm_cp.14_3                            0x0000183c   Number         4  rtx_msgqueue.o(.text.svcRtxMessageQueueNew)
    __arm_cp.14_4                            0x00001840   Number         4  rtx_msgqueue.o(.text.svcRtxMessageQueueNew)
    __arm_cp.14_5                            0x00001844   Number         4  rtx_msgqueue.o(.text.svcRtxMessageQueueNew)
    [Anonymous Symbol]                       0x00001848   Section        0  rtx_msgqueue.o(.text.svcRtxMessageQueuePut)
    svcRtxMessageQueuePut                    0x00001849   Thumb Code   188  rtx_msgqueue.o(.text.svcRtxMessageQueuePut)
    __arm_cp.19_0                            0x00001900   Number         4  rtx_msgqueue.o(.text.svcRtxMessageQueuePut)
    [Anonymous Symbol]                       0x00001904   Section        0  rtx_msgqueue.o(.text.svcRtxMessageQueueReset)
    svcRtxMessageQueueReset                  0x00001905   Thumb Code   162  rtx_msgqueue.o(.text.svcRtxMessageQueueReset)
    [Anonymous Symbol]                       0x000019a8   Section        0  rtx_thread.o(.text.svcRtxThreadExit)
    svcRtxThreadExit                         0x000019a9   Thumb Code   108  rtx_thread.o(.text.svcRtxThreadExit)
    __arm_cp.54_0                            0x00001a10   Number         4  rtx_thread.o(.text.svcRtxThreadExit)
    [Anonymous Symbol]                       0x00001a14   Section        0  rtx_thread.o(.text.svcRtxThreadNew)
    svcRtxThreadNew                          0x00001a15   Thumb Code   492  rtx_thread.o(.text.svcRtxThreadNew)
    __arm_cp.16_0                            0x00001be8   Number         4  rtx_thread.o(.text.svcRtxThreadNew)
    __arm_cp.16_1                            0x00001bec   Number         4  rtx_thread.o(.text.svcRtxThreadNew)
    __arm_cp.16_2                            0x00001bf0   Number         4  rtx_thread.o(.text.svcRtxThreadNew)
    __arm_cp.16_3                            0x00001bf4   Number         4  rtx_thread.o(.text.svcRtxThreadNew)
    __arm_cp.16_4                            0x00001bf8   Number         4  rtx_thread.o(.text.svcRtxThreadNew)
    __arm_cp.16_5                            0x00001bfc   Number         4  rtx_thread.o(.text.svcRtxThreadNew)
    i.SystemCoreClockUpdate                  0x00001c00   Section        0  system_mkl25z4.o(i.SystemCoreClockUpdate)
    i.SystemInit                             0x00001d90   Section        0  system_mkl25z4.o(i.SystemInit)
    i.TPM2_IRQHandler                        0x00001ec8   Section        0  main.o(i.TPM2_IRQHandler)
    i.UART2_IRQHandler                       0x00001f2c   Section        0  main.o(i.UART2_IRQHandler)
    i.__ARM_clz                              0x00001f70   Section        0  depilogue.o(i.__ARM_clz)
    i.__ARM_common_switch8                   0x00001f9e   Section        0  rtx_config.o(i.__ARM_common_switch8)
    i.__NVIC_ClearPendingIRQ                 0x00001fbc   Section        0  main.o(i.__NVIC_ClearPendingIRQ)
    __NVIC_ClearPendingIRQ                   0x00001fbd   Thumb Code    18  main.o(i.__NVIC_ClearPendingIRQ)
    i.__NVIC_ClearPendingIRQ                 0x00001fd4   Section        0  init.o(i.__NVIC_ClearPendingIRQ)
    __NVIC_ClearPendingIRQ                   0x00001fd5   Thumb Code    18  init.o(i.__NVIC_ClearPendingIRQ)
    i.__NVIC_EnableIRQ                       0x00001fec   Section        0  init.o(i.__NVIC_EnableIRQ)
    __NVIC_EnableIRQ                         0x00001fed   Thumb Code    26  init.o(i.__NVIC_EnableIRQ)
    i.__NVIC_SetPriority                     0x0000200c   Section        0  init.o(i.__NVIC_SetPriority)
    __NVIC_SetPriority                       0x0000200d   Thumb Code   110  init.o(i.__NVIC_SetPriority)
    i.__scatterload_copy                     0x00002084   Section       14  handlers.o(i.__scatterload_copy)
    i.__scatterload_null                     0x00002092   Section        2  handlers.o(i.__scatterload_null)
    i.__scatterload_zeroinit                 0x00002094   Section       14  handlers.o(i.__scatterload_zeroinit)
    i.allGreenLightUp                        0x000020a4   Section        0  led.o(i.allGreenLightUp)
    i.allRedLightUp                          0x000020b4   Section        0  led.o(i.allRedLightUp)
    i.buzz                                   0x000020c4   Section        0  main.o(i.buzz)
    i.delay                                  0x00002114   Section        0  main.o(i.delay)
    delay                                    0x00002115   Thumb Code    20  main.o(i.delay)
    i.flashGreenLEDs                         0x00002128   Section        0  led.o(i.flashGreenLEDs)
    i.flashRedLEDs                           0x00002142   Section        0  led.o(i.flashRedLEDs)
    i.forward                                0x0000215c   Section        0  main.o(i.forward)
    i.initAudio                              0x00002180   Section        0  init.o(i.initAudio)
    i.initClockGate                          0x0000220c   Section        0  init.o(i.initClockGate)
    i.initLED                                0x00002234   Section        0  init.o(i.initLED)
    i.initMotor                              0x00002350   Section        0  init.o(i.initMotor)
    i.initUART2                              0x0000247c   Section        0  init.o(i.initUART2)
    i.initUltrasonicPWM                      0x00002520   Section        0  init.o(i.initUltrasonicPWM)
    i.left                                   0x0000262c   Section        0  main.o(i.left)
    i.leftforward                            0x00002648   Section        0  main.o(i.leftforward)
    i.leftreverse                            0x0000266c   Section        0  main.o(i.leftreverse)
    i.main                                   0x00002690   Section        0  main.o(i.main)
    i.offGreenLEDs                           0x000027b4   Section        0  led.o(i.offGreenLEDs)
    i.offRedLEDs                             0x000027c4   Section        0  led.o(i.offRedLEDs)
    i.osRtxErrorNotify                       0x000027d4   Section        0  rtx_config.o(i.osRtxErrorNotify)
    i.osRtxIdleThread                        0x000027f4   Section        0  rtx_config.o(i.osRtxIdleThread)
    i.reverse                                0x000027f8   Section        0  main.o(i.reverse)
    i.right                                  0x00002814   Section        0  main.o(i.right)
    i.rightforward                           0x00002830   Section        0  main.o(i.rightforward)
    i.rightreverse                           0x00002854   Section        0  main.o(i.rightreverse)
    i.sing                                   0x00002878   Section        0  main.o(i.sing)
    i.stopMotors                             0x000028e8   Section        0  main.o(i.stopMotors)
    i.tAuto_driving                          0x00002904   Section        0  main.o(i.tAuto_driving)
    i.tBrain                                 0x00002aa0   Section        0  main.o(i.tBrain)
    i.tLed_green                             0x00002ba4   Section        0  main.o(i.tLed_green)
    i.tLed_red                               0x00002bf8   Section        0  main.o(i.tLed_red)
    i.tMotor                                 0x00002c3c   Section        0  main.o(i.tMotor)
    i.tSound_ending                          0x00002cf4   Section        0  main.o(i.tSound_ending)
    i.tSound_opening                         0x00002d2c   Section        0  main.o(i.tSound_opening)
    i.tSound_running                         0x00002d64   Section        0  main.o(i.tSound_running)
    i.tUltrasonic_trigger                    0x00002d94   Section        0  main.o(i.tUltrasonic_trigger)
    i.toggleGreenLED                         0x00002de0   Section        0  led.o(i.toggleGreenLED)
    .constdata                               0x00002e0c   Section       32  led.o(.constdata)
    .constdata                               0x00002e2c   Section      100  rtx_lib.o(.constdata)
    os_idle_thread_attr                      0x00002e2c   Data          36  rtx_lib.o(.constdata)
    os_timer_thread_attr                     0x00002e50   Data          36  rtx_lib.o(.constdata)
    os_timer_mq_attr                         0x00002e74   Data          24  rtx_lib.o(.constdata)
    .rodata                                  0x00002e90   Section      160  rtx_lib.o(.rodata)
    __tagsym$$used                           0x00002e90   Number         0  rtx_lib.o(.rodata)
    __tagsym$$used                           0x00002ef8   Number         0  rtx_lib.o(.rodata)
    [Anonymous Symbol]                       0x00002f30   Section        0  rtx_kernel.o(.rodata.str1.4)
    .L.str                                   0x00002f30   Data          11  rtx_kernel.o(.rodata.str1.4)
    .bss.os                                  0x1ffff000   Section     4160  rtx_lib.o(.bss.os)
    os_mem                                   0x1ffff000   Data        4096  rtx_lib.o(.bss.os)
    os_isr_queue                             0x20000000   Data          64  rtx_lib.o(.bss.os)
    .bss.os.msgqueue.cb                      0x20000040   Section       52  rtx_lib.o(.bss.os.msgqueue.cb)
    os_timer_mq_cb                           0x20000040   Data          52  rtx_lib.o(.bss.os.msgqueue.cb)
    .bss.os.msgqueue.mem                     0x20000074   Section       80  rtx_lib.o(.bss.os.msgqueue.mem)
    os_timer_mq_data                         0x20000074   Data          80  rtx_lib.o(.bss.os.msgqueue.mem)
    .bss.os.thread.cb                        0x200000c4   Section      136  rtx_lib.o(.bss.os.thread.cb)
    os_idle_thread_cb                        0x200000c4   Data          68  rtx_lib.o(.bss.os.thread.cb)
    os_timer_thread_cb                       0x20000108   Data          68  rtx_lib.o(.bss.os.thread.cb)
    .bss.os.thread.stack                     0x20000150   Section      512  rtx_lib.o(.bss.os.thread.stack)
    os_idle_thread_stack                     0x20000150   Data         256  rtx_lib.o(.bss.os.thread.stack)
    os_timer_thread_stack                    0x20000250   Data         256  rtx_lib.o(.bss.os.thread.stack)
    .data                                    0x20000350   Section     2640  main.o(.data)
    .data                                    0x20000da0   Section        4  system_mkl25z4.o(.data)
    [Anonymous Symbol]                       0x20000e48   Section        0  os_systick.o(.bss.PendST)
    PendST                                   0x20000e48   Data           1  os_systick.o(.bss.PendST)
    STACK                                    0x20000e50   Section      256  startup_mkl25z4.o(STACK)

    Global Symbols

    Symbol Name                              Value     Ov Type        Size  Object(Section)

    BuildAttributes$$THM_ISAv3M$S$PE$A:L22$X:L11$S22$IEEE1$IW$~IW$USESV6$~STKCKD$USESV7$~SHL$OSPACE$ROPI$EBA8$MICROLIB$REQ8$PRES8$EABIv2 0x00000000   Number         0  anon$$obj.o ABSOLUTE
    __ARM_use_no_argv                        0x00000000   Number         0  main.o ABSOLUTE
    __Vectors                                0x00000000   Data           4  startup_mkl25z4.o(RESET)
    .bss.os.evflags.cb$$Base                  - Undefined Weak Reference
    .bss.os.evflags.cb$$Limit                 - Undefined Weak Reference
    .bss.os.mempool.cb$$Base                  - Undefined Weak Reference
    .bss.os.mempool.cb$$Limit                 - Undefined Weak Reference
    .bss.os.mutex.cb$$Base                    - Undefined Weak Reference
    .bss.os.mutex.cb$$Limit                   - Undefined Weak Reference
    .bss.os.semaphore.cb$$Base                - Undefined Weak Reference
    .bss.os.semaphore.cb$$Limit               - Undefined Weak Reference
    .bss.os.timer.cb$$Base                    - Undefined Weak Reference
    .bss.os.timer.cb$$Limit                   - Undefined Weak Reference
    __cpp_initialize__aeabi_                  - Undefined Weak Reference
    __cxa_finalize                            - Undefined Weak Reference
    _clock_init                               - Undefined Weak Reference
    _microlib_exit                            - Undefined Weak Reference
    __Vectors_End                            0x000000c0   Data           0  startup_mkl25z4.o(RESET)
    __Vectors_Size                           0x000000c0   Number         0  startup_mkl25z4.o ABSOLUTE
    __main                                   0x000000c1   Thumb Code     0  entry.o(.ARM.Collect$$$$00000000)
    _main_stk                                0x000000c1   Thumb Code     0  entry2.o(.ARM.Collect$$$$00000001)
    _main_scatterload                        0x000000c5   Thumb Code     0  entry5.o(.ARM.Collect$$$$00000004)
    __main_after_scatterload                 0x000000c9   Thumb Code     0  entry5.o(.ARM.Collect$$$$00000004)
    _main_clock                              0x000000c9   Thumb Code     0  entry7b.o(.ARM.Collect$$$$00000008)
    _main_cpp_init                           0x000000c9   Thumb Code     0  entry8b.o(.ARM.Collect$$$$0000000A)
    _main_init                               0x000000c9   Thumb Code     0  entry9a.o(.ARM.Collect$$$$0000000B)
    __rt_final_cpp                           0x000000d1   Thumb Code     0  entry10a.o(.ARM.Collect$$$$0000000D)
    __rt_final_exit                          0x000000d1   Thumb Code     0  entry11a.o(.ARM.Collect$$$$0000000F)
    Reset_Handler                            0x000000d5   Thumb Code    12  startup_mkl25z4.o(.text)
    NMI_Handler                              0x000000e1   Thumb Code     2  startup_mkl25z4.o(.text)
    HardFault_Handler                        0x000000e3   Thumb Code     2  startup_mkl25z4.o(.text)
    ADC0_IRQHandler                          0x000000eb   Thumb Code     0  startup_mkl25z4.o(.text)
    CMP0_IRQHandler                          0x000000eb   Thumb Code     0  startup_mkl25z4.o(.text)
    DAC0_IRQHandler                          0x000000eb   Thumb Code     0  startup_mkl25z4.o(.text)
    DMA0_IRQHandler                          0x000000eb   Thumb Code     0  startup_mkl25z4.o(.text)
    DMA1_IRQHandler                          0x000000eb   Thumb Code     0  startup_mkl25z4.o(.text)
    DMA2_IRQHandler                          0x000000eb   Thumb Code     0  startup_mkl25z4.o(.text)
    DMA3_IRQHandler                          0x000000eb   Thumb Code     0  startup_mkl25z4.o(.text)
    DefaultISR                               0x000000eb   Thumb Code     0  startup_mkl25z4.o(.text)
    FTFA_IRQHandler                          0x000000eb   Thumb Code     0  startup_mkl25z4.o(.text)
    I2C0_IRQHandler                          0x000000eb   Thumb Code     0  startup_mkl25z4.o(.text)
    I2C1_IRQHandler                          0x000000eb   Thumb Code     0  startup_mkl25z4.o(.text)
    LLWU_IRQHandler                          0x000000eb   Thumb Code     0  startup_mkl25z4.o(.text)
    LPTMR0_IRQHandler                        0x000000eb   Thumb Code     0  startup_mkl25z4.o(.text)
    LVD_LVW_IRQHandler                       0x000000eb   Thumb Code     0  startup_mkl25z4.o(.text)
    MCG_IRQHandler                           0x000000eb   Thumb Code     0  startup_mkl25z4.o(.text)
    PIT_IRQHandler                           0x000000eb   Thumb Code     0  startup_mkl25z4.o(.text)
    PORTA_IRQHandler                         0x000000eb   Thumb Code     0  startup_mkl25z4.o(.text)
    PORTD_IRQHandler                         0x000000eb   Thumb Code     0  startup_mkl25z4.o(.text)
    RTC_IRQHandler                           0x000000eb   Thumb Code     0  startup_mkl25z4.o(.text)
    RTC_Seconds_IRQHandler                   0x000000eb   Thumb Code     0  startup_mkl25z4.o(.text)
    Reserved20_IRQHandler                    0x000000eb   Thumb Code     0  startup_mkl25z4.o(.text)
    Reserved39_IRQHandler                    0x000000eb   Thumb Code     0  startup_mkl25z4.o(.text)
    Reserved45_IRQHandler                    0x000000eb   Thumb Code     0  startup_mkl25z4.o(.text)
    SPI0_IRQHandler                          0x000000eb   Thumb Code     0  startup_mkl25z4.o(.text)
    SPI1_IRQHandler                          0x000000eb   Thumb Code     0  startup_mkl25z4.o(.text)
    TPM0_IRQHandler                          0x000000eb   Thumb Code     0  startup_mkl25z4.o(.text)
    TPM1_IRQHandler                          0x000000eb   Thumb Code     0  startup_mkl25z4.o(.text)
    TSI0_IRQHandler                          0x000000eb   Thumb Code     0  startup_mkl25z4.o(.text)
    UART0_IRQHandler                         0x000000eb   Thumb Code     0  startup_mkl25z4.o(.text)
    UART1_IRQHandler                         0x000000eb   Thumb Code     0  startup_mkl25z4.o(.text)
    USB0_IRQHandler                          0x000000eb   Thumb Code     0  startup_mkl25z4.o(.text)
    SVC_Handler                              0x000000fd   Thumb Code   132  irq_cm0.o(.text)
    PendSV_Handler                           0x00000181   Thumb Code    12  irq_cm0.o(.text)
    SysTick_Handler                          0x0000018d   Thumb Code    12  irq_cm0.o(.text)
    __aeabi_uidiv                            0x000001a1   Thumb Code     0  uidiv.o(.text)
    __aeabi_uidivmod                         0x000001a1   Thumb Code    44  uidiv.o(.text)
    __aeabi_idiv                             0x000001cd   Thumb Code     0  idiv.o(.text)
    __aeabi_idivmod                          0x000001cd   Thumb Code    40  idiv.o(.text)
    __aeabi_memcpy                           0x000001f5   Thumb Code    36  memcpya.o(.text)
    __aeabi_memcpy4                          0x000001f5   Thumb Code     0  memcpya.o(.text)
    __aeabi_memcpy8                          0x000001f5   Thumb Code     0  memcpya.o(.text)
    __aeabi_memset                           0x00000219   Thumb Code    14  memseta.o(.text)
    __aeabi_memset4                          0x00000219   Thumb Code     0  memseta.o(.text)
    __aeabi_memset8                          0x00000219   Thumb Code     0  memseta.o(.text)
    __aeabi_memclr                           0x00000227   Thumb Code     4  memseta.o(.text)
    __aeabi_memclr4                          0x00000227   Thumb Code     0  memseta.o(.text)
    __aeabi_memclr8                          0x00000227   Thumb Code     0  memseta.o(.text)
    _memset$wrapper                          0x0000022b   Thumb Code    18  memseta.o(.text)
    __aeabi_dmul                             0x0000023d   Thumb Code   202  dmul.o(.text)
    __aeabi_ui2d                             0x0000030d   Thumb Code    24  dfltui.o(.text)
    __aeabi_d2uiz                            0x00000329   Thumb Code    50  dfixui.o(.text)
    __aeabi_llsr                             0x00000365   Thumb Code    34  llushr.o(.text)
    _ll_ushift_r                             0x00000365   Thumb Code     0  llushr.o(.text)
    __I$use$fp                               0x00000387   Thumb Code     0  iusefp.o(.text)
    __scatterload                            0x00000389   Thumb Code    28  init.o(.text)
    __scatterload_rt2                        0x00000389   Thumb Code     0  init.o(.text)
    __aeabi_llsl                             0x000003ad   Thumb Code    32  llshl.o(.text)
    _ll_shift_l                              0x000003ad   Thumb Code     0  llshl.o(.text)
    OS_Tick_AcknowledgeIRQ                   0x000003ed   Thumb Code    12  os_systick.o(.text.OS_Tick_AcknowledgeIRQ)
    OS_Tick_GetIRQn                          0x000003f9   Thumb Code     6  os_systick.o(.text.OS_Tick_GetIRQn)
    osRtxKernelPreInit                       0x000003ff   Thumb Code     2  rtx_kernel.o(.text.osRtxKernelPreInit)
    _double_round                            0x00000411   Thumb Code    26  depilogue.o(.text)
    _double_epilogue                         0x0000042b   Thumb Code   164  depilogue.o(.text)
    __decompress                             0x000004cf   Thumb Code     0  __dczerorl2.o(.text)
    __decompress1                            0x000004cf   Thumb Code    86  __dczerorl2.o(.text)
    OS_Tick_Enable                           0x00000621   Thumb Code    44  os_systick.o(.text.OS_Tick_Enable)
    OS_Tick_Setup                            0x0000064d   Thumb Code    76  os_systick.o(.text.OS_Tick_Setup)
    osDelay                                  0x00000735   Thumb Code    40  rtx_delay.o(.text.osDelay)
    osEventFlagsClear                        0x0000075d   Thumb Code    36  rtx_evflags.o(.text.osEventFlagsClear)
    osEventFlagsNew                          0x00000781   Thumb Code    36  rtx_evflags.o(.text.osEventFlagsNew)
    osEventFlagsSet                          0x000007a5   Thumb Code    80  rtx_evflags.o(.text.osEventFlagsSet)
    osEventFlagsWait                         0x000007f5   Thumb Code    68  rtx_evflags.o(.text.osEventFlagsWait)
    osKernelInitialize                       0x00000839   Thumb Code    40  rtx_kernel.o(.text.osKernelInitialize)
    osKernelStart                            0x00000861   Thumb Code    36  rtx_kernel.o(.text.osKernelStart)
    osMessageQueueGet                        0x00000885   Thumb Code   116  rtx_msgqueue.o(.text.osMessageQueueGet)
    osMessageQueueNew                        0x000008f9   Thumb Code    36  rtx_msgqueue.o(.text.osMessageQueueNew)
    osMessageQueuePut                        0x0000091d   Thumb Code   120  rtx_msgqueue.o(.text.osMessageQueuePut)
    osMessageQueueReset                      0x00000995   Thumb Code    40  rtx_msgqueue.o(.text.osMessageQueueReset)
    osRtxMemoryAlloc                         0x000009f1   Thumb Code   124  rtx_memory.o(.text.osRtxMemoryAlloc)
    osRtxMemoryFree                          0x00000a6d   Thumb Code    78  rtx_memory.o(.text.osRtxMemoryFree)
    osRtxMemoryInit                          0x00000abb   Thumb Code    50  rtx_memory.o(.text.osRtxMemoryInit)
    osRtxMemoryPoolAlloc                     0x00000aed   Thumb Code    46  rtx_mempool.o(.text.osRtxMemoryPoolAlloc)
    osRtxMemoryPoolFree                      0x00000b1b   Thumb Code    58  rtx_mempool.o(.text.osRtxMemoryPoolFree)
    osRtxMemoryPoolInit                      0x00000b55   Thumb Code    62  rtx_mempool.o(.text.osRtxMemoryPoolInit)
    osRtxMutexOwnerRelease                   0x00000c4f   Thumb Code    68  rtx_mutex.o(.text.osRtxMutexOwnerRelease)
    osRtxPendSV_Handler                      0x00000c95   Thumb Code   128  rtx_system.o(.text.osRtxPendSV_Handler)
    osRtxPostProcess                         0x00000d15   Thumb Code   108  rtx_system.o(.text.osRtxPostProcess)
    osRtxThreadDelayTick                     0x00000e7d   Thumb Code    56  rtx_thread.o(.text.osRtxThreadDelayTick)
    osRtxThreadDispatch                      0x00000eb5   Thumb Code    80  rtx_thread.o(.text.osRtxThreadDispatch)
    osRtxThreadListGet                       0x00000f59   Thumb Code    20  rtx_thread.o(.text.osRtxThreadListGet)
    osRtxThreadListPut                       0x00000f6d   Thumb Code    44  rtx_thread.o(.text.osRtxThreadListPut)
    osRtxThreadListRemove                    0x00000f99   Thumb Code    24  rtx_thread.o(.text.osRtxThreadListRemove)
    osRtxThreadReadyPut                      0x00000fd9   Thumb Code    24  rtx_thread.o(.text.osRtxThreadReadyPut)
    osRtxThreadRegPtr                        0x00000ff1   Thumb Code     6  rtx_thread.o(.text.osRtxThreadRegPtr)
    osRtxThreadStackCheck                    0x00000ff9   Thumb Code    44  rtx_thread.o(.text.osRtxThreadStackCheck)
    osRtxThreadStartup                       0x00001025   Thumb Code    64  rtx_thread.o(.text.osRtxThreadStartup)
    osRtxThreadSwitch                        0x00001065   Thumb Code    20  rtx_thread.o(.text.osRtxThreadSwitch)
    osRtxThreadWaitEnter                     0x00001079   Thumb Code    60  rtx_thread.o(.text.osRtxThreadWaitEnter)
    osRtxThreadWaitExit                      0x000010b5   Thumb Code    34  rtx_thread.o(.text.osRtxThreadWaitExit)
    osRtxTick_Handler                        0x000010d9   Thumb Code   116  rtx_system.o(.text.osRtxTick_Handler)
    osRtxTimerThread                         0x0000114d   Thumb Code    60  rtx_timer.o(.text.osRtxTimerThread)
    osThreadExit                             0x000011e9   Thumb Code    12  rtx_thread.o(.text.osThreadExit)
    osThreadNew                              0x000011f5   Thumb Code    36  rtx_thread.o(.text.osThreadNew)
    SystemCoreClockUpdate                    0x00001c01   Thumb Code   372  system_mkl25z4.o(i.SystemCoreClockUpdate)
    SystemInit                               0x00001d91   Thumb Code   266  system_mkl25z4.o(i.SystemInit)
    TPM2_IRQHandler                          0x00001ec9   Thumb Code    82  main.o(i.TPM2_IRQHandler)
    UART2_IRQHandler                         0x00001f2d   Thumb Code    56  main.o(i.UART2_IRQHandler)
    __ARM_clz                                0x00001f71   Thumb Code    46  depilogue.o(i.__ARM_clz)
    __ARM_common_switch8                     0x00001f9f   Thumb Code    28  rtx_config.o(i.__ARM_common_switch8)
    __scatterload_copy                       0x00002085   Thumb Code    14  handlers.o(i.__scatterload_copy)
    __scatterload_null                       0x00002093   Thumb Code     2  handlers.o(i.__scatterload_null)
    __scatterload_zeroinit                   0x00002095   Thumb Code    14  handlers.o(i.__scatterload_zeroinit)
    allGreenLightUp                          0x000020a5   Thumb Code     8  led.o(i.allGreenLightUp)
    allRedLightUp                            0x000020b5   Thumb Code    10  led.o(i.allRedLightUp)
    buzz                                     0x000020c5   Thumb Code    64  main.o(i.buzz)
    flashGreenLEDs                           0x00002129   Thumb Code    26  led.o(i.flashGreenLEDs)
    flashRedLEDs                             0x00002143   Thumb Code    26  led.o(i.flashRedLEDs)
    forward                                  0x0000215d   Thumb Code    18  main.o(i.forward)
    initAudio                                0x00002181   Thumb Code   122  init.o(i.initAudio)
    initClockGate                            0x0000220d   Thumb Code    36  init.o(i.initClockGate)
    initLED                                  0x00002235   Thumb Code   266  init.o(i.initLED)
    initMotor                                0x00002351   Thumb Code   282  init.o(i.initMotor)
    initUART2                                0x0000247d   Thumb Code   148  init.o(i.initUART2)
    initUltrasonicPWM                        0x00002521   Thumb Code   248  init.o(i.initUltrasonicPWM)
    left                                     0x0000262d   Thumb Code    16  main.o(i.left)
    leftforward                              0x00002649   Thumb Code    18  main.o(i.leftforward)
    leftreverse                              0x0000266d   Thumb Code    18  main.o(i.leftreverse)
    main                                     0x00002691   Thumb Code   228  main.o(i.main)
    offGreenLEDs                             0x000027b5   Thumb Code     8  led.o(i.offGreenLEDs)
    offRedLEDs                               0x000027c5   Thumb Code     8  led.o(i.offRedLEDs)
    osRtxErrorNotify                         0x000027d5   Thumb Code    32  rtx_config.o(i.osRtxErrorNotify)
    osRtxIdleThread                          0x000027f5   Thumb Code     4  rtx_config.o(i.osRtxIdleThread)
    reverse                                  0x000027f9   Thumb Code    16  main.o(i.reverse)
    right                                    0x00002815   Thumb Code    16  main.o(i.right)
    rightforward                             0x00002831   Thumb Code    18  main.o(i.rightforward)
    rightreverse                             0x00002855   Thumb Code    18  main.o(i.rightreverse)
    sing                                     0x00002879   Thumb Code    98  main.o(i.sing)
    stopMotors                               0x000028e9   Thumb Code    20  main.o(i.stopMotors)
    tAuto_driving                            0x00002905   Thumb Code   398  main.o(i.tAuto_driving)
    tBrain                                   0x00002aa1   Thumb Code   238  main.o(i.tBrain)
    tLed_green                               0x00002ba5   Thumb Code    74  main.o(i.tLed_green)
    tLed_red                                 0x00002bf9   Thumb Code    60  main.o(i.tLed_red)
    tMotor                                   0x00002c3d   Thumb Code   176  main.o(i.tMotor)
    tSound_ending                            0x00002cf5   Thumb Code    44  main.o(i.tSound_ending)
    tSound_opening                           0x00002d2d   Thumb Code    44  main.o(i.tSound_opening)
    tSound_running                           0x00002d65   Thumb Code    34  main.o(i.tSound_running)
    tUltrasonic_trigger                      0x00002d95   Thumb Code    62  main.o(i.tUltrasonic_trigger)
    toggleGreenLED                           0x00002de1   Thumb Code    34  led.o(i.toggleGreenLED)
    osRtxUserSVC                             0x00002e8c   Data           4  rtx_lib.o(.constdata)
    osRtxConfig                              0x00002e90   Data         104  rtx_lib.o(.rodata)
    os_cb_sections                           0x00002ef8   Data          56  rtx_lib.o(.rodata)
    Region$$Table$$Base                      0x00002f3c   Number         0  anon$$obj.o(Region$$Table)
    Region$$Table$$Limit                     0x00002f5c   Number         0  anon$$obj.o(Region$$Table)
    .bss.os.msgqueue.cb$$Base                0x20000040   Number         0  rtx_lib.o(.bss.os.msgqueue.cb)
    .bss.os.msgqueue.cb$$Limit               0x20000074   Number         0  rtx_lib.o(.bss.os.msgqueue.cb)
    .bss.os.thread.cb$$Base                  0x200000c4   Number         0  rtx_lib.o(.bss.os.thread.cb)
    .bss.os.thread.cb$$Limit                 0x2000014c   Number         0  rtx_lib.o(.bss.os.thread.cb)
    motorFlag                                0x20000350   Data           4  main.o(.data)
    motorMsg                                 0x20000354   Data           4  main.o(.data)
    state                                    0x20000358   Data           1  main.o(.data)
    uartMsg                                  0x2000035c   Data           4  main.o(.data)
    audioFlag                                0x20000360   Data           4  main.o(.data)
    connected_melody                         0x20000364   Data          16  main.o(.data)
    connected_tempo                          0x20000374   Data          16  main.o(.data)
    birthday                                 0x20000384   Data         200  main.o(.data)
    birthday_tempo                           0x2000044c   Data         200  main.o(.data)
    twinkle_stars                            0x20000514   Data         320  main.o(.data)
    twinkle_stars_tempo                      0x20000654   Data         328  main.o(.data)
    gurenge                                  0x2000079c   Data         224  main.o(.data)
    mario_melody                             0x2000087c   Data         312  main.o(.data)
    gurenge_tempo                            0x200009b4   Data         224  main.o(.data)
    mario_tempo                              0x20000a94   Data         312  main.o(.data)
    underworld_melody                        0x20000bcc   Data         224  main.o(.data)
    underworld_tempo                         0x20000cac   Data         224  main.o(.data)
    ultrasonicFlag                           0x20000d8c   Data           4  main.o(.data)
    ultrasonicMsg                            0x20000d90   Data           4  main.o(.data)
    timer                                    0x20000d94   Data           4  main.o(.data)
    ledFlag                                  0x20000d98   Data           4  main.o(.data)
    sensorFlag                               0x20000d9c   Data           4  main.o(.data)
    SystemCoreClock                          0x20000da0   Data           4  system_mkl25z4.o(.data)
    osRtxInfo                                0x20000da4   Data         164  rtx_kernel.o(.data.os)
    __initial_sp                             0x20000f50   Data           0  startup_mkl25z4.o(STACK)



==============================================================================

Memory Map of the image

  Image Entry point : 0x000000d5

  Load Region LR_1 (Base: 0x00000000, Size: 0x00004da4, Max: 0xffffffff, ABSOLUTE, COMPRESSED[0x00003130])

    Execution Region ER_RO (Exec base: 0x00000000, Load base: 0x00000000, Size: 0x00002f5c, Max: 0xffffffff, ABSOLUTE)

    Exec Addr    Load Addr    Size         Type   Attr      Idx    E Section Name        Object

    0x00000000   0x00000000   0x000000c0   Data   RO          419    RESET               startup_mkl25z4.o
    0x000000c0   0x000000c0   0x00000000   Code   RO          964  * .ARM.Collect$$$$00000000  mc_p.l(entry.o)
    0x000000c0   0x000000c0   0x00000004   Code   RO          983    .ARM.Collect$$$$00000001  mc_p.l(entry2.o)
    0x000000c4   0x000000c4   0x00000004   Code   RO          986    .ARM.Collect$$$$00000004  mc_p.l(entry5.o)
    0x000000c8   0x000000c8   0x00000000   Code   RO          988    .ARM.Collect$$$$00000008  mc_p.l(entry7b.o)
    0x000000c8   0x000000c8   0x00000000   Code   RO          990    .ARM.Collect$$$$0000000A  mc_p.l(entry8b.o)
    0x000000c8   0x000000c8   0x00000008   Code   RO          991    .ARM.Collect$$$$0000000B  mc_p.l(entry9a.o)
    0x000000d0   0x000000d0   0x00000000   Code   RO          993    .ARM.Collect$$$$0000000D  mc_p.l(entry10a.o)
    0x000000d0   0x000000d0   0x00000000   Code   RO          995    .ARM.Collect$$$$0000000F  mc_p.l(entry11a.o)
    0x000000d0   0x000000d0   0x00000004   Code   RO          984    .ARM.Collect$$$$00002712  mc_p.l(entry2.o)
    0x000000d4   0x000000d4   0x00000028   Code   RO          421  * .text               startup_mkl25z4.o
    0x000000fc   0x000000fc   0x000000a4   Code   RO          773    .text               RTX_CM0.lib(irq_cm0.o)
    0x000001a0   0x000001a0   0x0000002c   Code   RO          967    .text               mc_p.l(uidiv.o)
    0x000001cc   0x000001cc   0x00000028   Code   RO          969    .text               mc_p.l(idiv.o)
    0x000001f4   0x000001f4   0x00000024   Code   RO          971    .text               mc_p.l(memcpya.o)
    0x00000218   0x00000218   0x00000024   Code   RO          973    .text               mc_p.l(memseta.o)
    0x0000023c   0x0000023c   0x000000d0   Code   RO          977    .text               mf_p.l(dmul.o)
    0x0000030c   0x0000030c   0x0000001c   Code   RO          979    .text               mf_p.l(dfltui.o)
    0x00000328   0x00000328   0x0000003c   Code   RO          981    .text               mf_p.l(dfixui.o)
    0x00000364   0x00000364   0x00000022   Code   RO          997    .text               mc_p.l(llushr.o)
    0x00000386   0x00000386   0x00000000   Code   RO          999    .text               mc_p.l(iusefp.o)
    0x00000386   0x00000386   0x00000002   PAD
    0x00000388   0x00000388   0x00000024   Code   RO         1004    .text               mc_p.l(init.o)
    0x000003ac   0x000003ac   0x00000020   Code   RO         1006    .text               mc_p.l(llshl.o)
    0x000003cc   0x000003cc   0x0000001e   Code   RO          748    .text.MessageQueueRemove  RTX_CM0.lib(rtx_msgqueue.o)
    0x000003ea   0x000003ea   0x00000002   PAD
    0x000003ec   0x000003ec   0x0000000c   Code   RO          943    .text.OS_Tick_AcknowledgeIRQ  RTX_CM0.lib(os_systick.o)
    0x000003f8   0x000003f8   0x00000006   Code   RO          945    .text.OS_Tick_GetIRQn  RTX_CM0.lib(os_systick.o)
    0x000003fe   0x000003fe   0x00000002   Code   RO          460    .text.osRtxKernelPreInit  RTX_CM0.lib(rtx_kernel.o)
    0x00000400   0x00000400   0x00000010   Code   RO          420    .ARM.__at_0x400     startup_mkl25z4.o
    0x00000410   0x00000410   0x000000be   Code   RO         1000    .text               mf_p.l(depilogue.o)
    0x000004ce   0x000004ce   0x00000056   Code   RO         1016    .text               mc_p.l(__dczerorl2.o)
    0x00000524   0x00000524   0x0000004e   Code   RO          697    .text.EventFlagsCheck  RTX_CM0.lib(rtx_evflags.o)
    0x00000572   0x00000572   0x0000004c   Code   RO          756    .text.MessageQueueGet  RTX_CM0.lib(rtx_msgqueue.o)
    0x000005be   0x000005be   0x00000062   Code   RO          750    .text.MessageQueuePut  RTX_CM0.lib(rtx_msgqueue.o)
    0x00000620   0x00000620   0x0000002c   Code   RO          939    .text.OS_Tick_Enable  RTX_CM0.lib(os_systick.o)
    0x0000064c   0x0000064c   0x0000004c   Code   RO          937    .text.OS_Tick_Setup  RTX_CM0.lib(os_systick.o)
    0x00000698   0x00000698   0x0000004e   Code   RO          605    .text.ThreadFlagsCheck  RTX_CM0.lib(rtx_thread.o)
    0x000006e6   0x000006e6   0x00000002   PAD
    0x000006e8   0x000006e8   0x0000004c   Code   RO          794    .text.TimerInsert   RTX_CM0.lib(rtx_timer.o)
    0x00000734   0x00000734   0x00000028   Code   RO          658    .text.osDelay       RTX_CM0.lib(rtx_delay.o)
    0x0000075c   0x0000075c   0x00000024   Code   RO          681    .text.osEventFlagsClear  RTX_CM0.lib(rtx_evflags.o)
    0x00000780   0x00000780   0x00000024   Code   RO          675    .text.osEventFlagsNew  RTX_CM0.lib(rtx_evflags.o)
    0x000007a4   0x000007a4   0x00000050   Code   RO          679    .text.osEventFlagsSet  RTX_CM0.lib(rtx_evflags.o)
    0x000007f4   0x000007f4   0x00000044   Code   RO          689    .text.osEventFlagsWait  RTX_CM0.lib(rtx_evflags.o)
    0x00000838   0x00000838   0x00000028   Code   RO          462    .text.osKernelInitialize  RTX_CM0.lib(rtx_kernel.o)
    0x00000860   0x00000860   0x00000024   Code   RO          472    .text.osKernelStart  RTX_CM0.lib(rtx_kernel.o)
    0x00000884   0x00000884   0x00000074   Code   RO          722    .text.osMessageQueueGet  RTX_CM0.lib(rtx_msgqueue.o)
    0x000008f8   0x000008f8   0x00000024   Code   RO          716    .text.osMessageQueueNew  RTX_CM0.lib(rtx_msgqueue.o)
    0x0000091c   0x0000091c   0x00000078   Code   RO          720    .text.osMessageQueuePut  RTX_CM0.lib(rtx_msgqueue.o)
    0x00000994   0x00000994   0x00000028   Code   RO          740    .text.osMessageQueueReset  RTX_CM0.lib(rtx_msgqueue.o)
    0x000009bc   0x000009bc   0x00000034   Code   RO          695    .text.osRtxEventFlagsPostProcess  RTX_CM0.lib(rtx_evflags.o)
    0x000009f0   0x000009f0   0x0000007c   Code   RO          856    .text.osRtxMemoryAlloc  RTX_CM0.lib(rtx_memory.o)
    0x00000a6c   0x00000a6c   0x0000004e   Code   RO          858    .text.osRtxMemoryFree  RTX_CM0.lib(rtx_memory.o)
    0x00000aba   0x00000aba   0x00000032   Code   RO          854    .text.osRtxMemoryInit  RTX_CM0.lib(rtx_memory.o)
    0x00000aec   0x00000aec   0x0000002e   Code   RO          871    .text.osRtxMemoryPoolAlloc  RTX_CM0.lib(rtx_mempool.o)
    0x00000b1a   0x00000b1a   0x0000003a   Code   RO          873    .text.osRtxMemoryPoolFree  RTX_CM0.lib(rtx_mempool.o)
    0x00000b54   0x00000b54   0x0000003e   Code   RO          869    .text.osRtxMemoryPoolInit  RTX_CM0.lib(rtx_mempool.o)
    0x00000b92   0x00000b92   0x000000bc   Code   RO          746    .text.osRtxMessageQueuePostProcess  RTX_CM0.lib(rtx_msgqueue.o)
    0x00000c4e   0x00000c4e   0x00000044   Code   RO          819    .text.osRtxMutexOwnerRelease  RTX_CM0.lib(rtx_mutex.o)
    0x00000c92   0x00000c92   0x00000002   PAD
    0x00000c94   0x00000c94   0x00000080   Code   RO          924    .text.osRtxPendSV_Handler  RTX_CM0.lib(rtx_system.o)
    0x00000d14   0x00000d14   0x0000006c   Code   RO          926    .text.osRtxPostProcess  RTX_CM0.lib(rtx_system.o)
    0x00000d80   0x00000d80   0x00000038   Code   RO          545    .text.osRtxThreadBlock  RTX_CM0.lib(rtx_thread.o)
    0x00000db8   0x00000db8   0x00000080   Code   RO          553    .text.osRtxThreadDelayInsert  RTX_CM0.lib(rtx_thread.o)
    0x00000e38   0x00000e38   0x00000044   Code   RO          549    .text.osRtxThreadDelayRemove  RTX_CM0.lib(rtx_thread.o)
    0x00000e7c   0x00000e7c   0x00000038   Code   RO          535    .text.osRtxThreadDelayTick  RTX_CM0.lib(rtx_thread.o)
    0x00000eb4   0x00000eb4   0x00000050   Code   RO          543    .text.osRtxThreadDispatch  RTX_CM0.lib(rtx_thread.o)
    0x00000f04   0x00000f04   0x00000054   Code   RO          629    .text.osRtxThreadFree  RTX_CM0.lib(rtx_thread.o)
    0x00000f58   0x00000f58   0x00000014   Code   RO          527    .text.osRtxThreadListGet  RTX_CM0.lib(rtx_thread.o)
    0x00000f6c   0x00000f6c   0x0000002c   Code   RO          525    .text.osRtxThreadListPut  RTX_CM0.lib(rtx_thread.o)
    0x00000f98   0x00000f98   0x00000018   Code   RO          531    .text.osRtxThreadListRemove  RTX_CM0.lib(rtx_thread.o)
    0x00000fb0   0x00000fb0   0x00000026   Code   RO          603    .text.osRtxThreadPostProcess  RTX_CM0.lib(rtx_thread.o)
    0x00000fd6   0x00000fd6   0x00000002   PAD
    0x00000fd8   0x00000fd8   0x00000018   Code   RO          533    .text.osRtxThreadReadyPut  RTX_CM0.lib(rtx_thread.o)
    0x00000ff0   0x00000ff0   0x00000006   Code   RO          537    .text.osRtxThreadRegPtr  RTX_CM0.lib(rtx_thread.o)
    0x00000ff6   0x00000ff6   0x00000002   PAD
    0x00000ff8   0x00000ff8   0x0000002c   Code   RO          541    .text.osRtxThreadStackCheck  RTX_CM0.lib(rtx_thread.o)
    0x00001024   0x00001024   0x00000040   Code   RO          555    .text.osRtxThreadStartup  RTX_CM0.lib(rtx_thread.o)
    0x00001064   0x00001064   0x00000014   Code   RO          539    .text.osRtxThreadSwitch  RTX_CM0.lib(rtx_thread.o)
    0x00001078   0x00001078   0x0000003c   Code   RO          551    .text.osRtxThreadWaitEnter  RTX_CM0.lib(rtx_thread.o)
    0x000010b4   0x000010b4   0x00000022   Code   RO          547    .text.osRtxThreadWaitExit  RTX_CM0.lib(rtx_thread.o)
    0x000010d6   0x000010d6   0x00000002   PAD
    0x000010d8   0x000010d8   0x00000074   Code   RO          922    .text.osRtxTick_Handler  RTX_CM0.lib(rtx_system.o)
    0x0000114c   0x0000114c   0x0000003c   Code   RO          778    .text.osRtxTimerThread  RTX_CM0.lib(rtx_timer.o)
    0x00001188   0x00001188   0x00000060   Code   RO          780    .text.osRtxTimerTick  RTX_CM0.lib(rtx_timer.o)
    0x000011e8   0x000011e8   0x0000000c   Code   RO          587    .text.osThreadExit  RTX_CM0.lib(rtx_thread.o)
    0x000011f4   0x000011f4   0x00000024   Code   RO          559    .text.osThreadNew   RTX_CM0.lib(rtx_thread.o)
    0x00001218   0x00001218   0x00000012   Code   RO          662    .text.svcRtxDelay   RTX_CM0.lib(rtx_delay.o)
    0x0000122a   0x0000122a   0x00000032   Code   RO          683    .text.svcRtxEventFlagsClear  RTX_CM0.lib(rtx_evflags.o)
    0x0000125c   0x0000125c   0x00000074   Code   RO          693    .text.svcRtxEventFlagsNew  RTX_CM0.lib(rtx_evflags.o)
    0x000012d0   0x000012d0   0x0000007c   Code   RO          701    .text.svcRtxEventFlagsSet  RTX_CM0.lib(rtx_evflags.o)
    0x0000134c   0x0000134c   0x00000064   Code   RO          703    .text.svcRtxEventFlagsWait  RTX_CM0.lib(rtx_evflags.o)
    0x000013b0   0x000013b0   0x00000148   Code   RO          500    .text.svcRtxKernelInitialize  RTX_CM0.lib(rtx_kernel.o)
    0x000014f8   0x000014f8   0x00000084   Code   RO          502    .text.svcRtxKernelStart  RTX_CM0.lib(rtx_kernel.o)
    0x0000157c   0x0000157c   0x000000e8   Code   RO          758    .text.svcRtxMessageQueueGet  RTX_CM0.lib(rtx_msgqueue.o)
    0x00001664   0x00001664   0x000001e4   Code   RO          744    .text.svcRtxMessageQueueNew  RTX_CM0.lib(rtx_msgqueue.o)
    0x00001848   0x00001848   0x000000bc   Code   RO          754    .text.svcRtxMessageQueuePut  RTX_CM0.lib(rtx_msgqueue.o)
    0x00001904   0x00001904   0x000000a2   Code   RO          760    .text.svcRtxMessageQueueReset  RTX_CM0.lib(rtx_msgqueue.o)
    0x000019a6   0x000019a6   0x00000002   PAD
    0x000019a8   0x000019a8   0x0000006c   Code   RO          633    .text.svcRtxThreadExit  RTX_CM0.lib(rtx_thread.o)
    0x00001a14   0x00001a14   0x000001ec   Code   RO          557    .text.svcRtxThreadNew  RTX_CM0.lib(rtx_thread.o)
    0x00001c00   0x00001c00   0x00000190   Code   RO          429    i.SystemCoreClockUpdate  system_mkl25z4.o
    0x00001d90   0x00001d90   0x00000138   Code   RO          430    i.SystemInit        system_mkl25z4.o
    0x00001ec8   0x00001ec8   0x00000064   Code   RO            3    i.TPM2_IRQHandler   main.o
    0x00001f2c   0x00001f2c   0x00000044   Code   RO            4    i.UART2_IRQHandler  main.o
    0x00001f70   0x00001f70   0x0000002e   Code   RO         1002    i.__ARM_clz         mf_p.l(depilogue.o)
    0x00001f9e   0x00001f9e   0x0000001c   Code   RO          408    i.__ARM_common_switch8  rtx_config.o
    0x00001fba   0x00001fba   0x00000002   PAD
    0x00001fbc   0x00001fbc   0x00000018   Code   RO            5    i.__NVIC_ClearPendingIRQ  main.o
    0x00001fd4   0x00001fd4   0x00000018   Code   RO          224    i.__NVIC_ClearPendingIRQ  init.o
    0x00001fec   0x00001fec   0x00000020   Code   RO          225    i.__NVIC_EnableIRQ  init.o
    0x0000200c   0x0000200c   0x00000078   Code   RO          226    i.__NVIC_SetPriority  init.o
    0x00002084   0x00002084   0x0000000e   Code   RO         1010    i.__scatterload_copy  mc_p.l(handlers.o)
    0x00002092   0x00002092   0x00000002   Code   RO         1011    i.__scatterload_null  mc_p.l(handlers.o)
    0x00002094   0x00002094   0x0000000e   Code   RO         1012    i.__scatterload_zeroinit  mc_p.l(handlers.o)
    0x000020a2   0x000020a2   0x00000002   PAD
    0x000020a4   0x000020a4   0x00000010   Code   RO          292    i.allGreenLightUp   led.o
    0x000020b4   0x000020b4   0x00000010   Code   RO          293    i.allRedLightUp     led.o
    0x000020c4   0x000020c4   0x00000050   Code   RO            6    i.buzz              main.o
    0x00002114   0x00002114   0x00000014   Code   RO            7    i.delay             main.o
    0x00002128   0x00002128   0x0000001a   Code   RO          294    i.flashGreenLEDs    led.o
    0x00002142   0x00002142   0x0000001a   Code   RO          295    i.flashRedLEDs      led.o
    0x0000215c   0x0000215c   0x00000024   Code   RO            8    i.forward           main.o
    0x00002180   0x00002180   0x0000008c   Code   RO          227    i.initAudio         init.o
    0x0000220c   0x0000220c   0x00000028   Code   RO          228    i.initClockGate     init.o
    0x00002234   0x00002234   0x0000011c   Code   RO          229    i.initLED           init.o
    0x00002350   0x00002350   0x0000012c   Code   RO          230    i.initMotor         init.o
    0x0000247c   0x0000247c   0x000000a4   Code   RO          231    i.initUART2         init.o
    0x00002520   0x00002520   0x0000010c   Code   RO          232    i.initUltrasonicPWM  init.o
    0x0000262c   0x0000262c   0x0000001c   Code   RO            9    i.left              main.o
    0x00002648   0x00002648   0x00000024   Code   RO           10    i.leftforward       main.o
    0x0000266c   0x0000266c   0x00000024   Code   RO           11    i.leftreverse       main.o
    0x00002690   0x00002690   0x00000124   Code   RO           12    i.main              main.o
    0x000027b4   0x000027b4   0x00000010   Code   RO          296    i.offGreenLEDs      led.o
    0x000027c4   0x000027c4   0x00000010   Code   RO          297    i.offRedLEDs        led.o
    0x000027d4   0x000027d4   0x00000020   Code   RO          387    i.osRtxErrorNotify  rtx_config.o
    0x000027f4   0x000027f4   0x00000004   Code   RO          388    i.osRtxIdleThread   rtx_config.o
    0x000027f8   0x000027f8   0x0000001c   Code   RO           13    i.reverse           main.o
    0x00002814   0x00002814   0x0000001c   Code   RO           14    i.right             main.o
    0x00002830   0x00002830   0x00000024   Code   RO           15    i.rightforward      main.o
    0x00002854   0x00002854   0x00000024   Code   RO           16    i.rightreverse      main.o
    0x00002878   0x00002878   0x00000070   Code   RO           17    i.sing              main.o
    0x000028e8   0x000028e8   0x0000001c   Code   RO           18    i.stopMotors        main.o
    0x00002904   0x00002904   0x0000019c   Code   RO           19    i.tAuto_driving     main.o
    0x00002aa0   0x00002aa0   0x00000104   Code   RO           20    i.tBrain            main.o
    0x00002ba4   0x00002ba4   0x00000054   Code   RO           21    i.tLed_green        main.o
    0x00002bf8   0x00002bf8   0x00000044   Code   RO           22    i.tLed_red          main.o
    0x00002c3c   0x00002c3c   0x000000b8   Code   RO           23    i.tMotor            main.o
    0x00002cf4   0x00002cf4   0x00000038   Code   RO           24    i.tSound_ending     main.o
    0x00002d2c   0x00002d2c   0x00000038   Code   RO           25    i.tSound_opening    main.o
    0x00002d64   0x00002d64   0x00000030   Code   RO           26    i.tSound_running    main.o
    0x00002d94   0x00002d94   0x0000004c   Code   RO           27    i.tUltrasonic_trigger  main.o
    0x00002de0   0x00002de0   0x0000002c   Code   RO          298    i.toggleGreenLED    led.o
    0x00002e0c   0x00002e0c   0x00000020   Data   RO          299    .constdata          led.o
    0x00002e2c   0x00002e2c   0x00000064   Data   RO          357    .constdata          rtx_lib.o
    0x00002e90   0x00002e90   0x000000a0   Data   RO          359    .rodata             rtx_lib.o
    0x00002f30   0x00002f30   0x0000000b   Data   RO          514    .rodata.str1.4      RTX_CM0.lib(rtx_kernel.o)
    0x00002f3b   0x00002f3b   0x00000001   PAD
    0x00002f3c   0x00002f3c   0x00000020   Data   RO         1008    Region$$Table       anon$$obj.o


    Execution Region ER_RW (Exec base: 0x1ffff000, Load base: 0x00002f5c, Size: 0x00001e48, Max: 0xffffffff, ABSOLUTE, COMPRESSED[0x000001d4])

    Exec Addr    Load Addr    Size         Type   Attr      Idx    E Section Name        Object

    0x1ffff000   COMPRESSED   0x00001040   Data   RW          352    .bss.os             rtx_lib.o
    0x20000040   COMPRESSED   0x00000034   Data   RW          353    .bss.os.msgqueue.cb  rtx_lib.o
    0x20000074   COMPRESSED   0x00000050   Data   RW          354    .bss.os.msgqueue.mem  rtx_lib.o
    0x200000c4   COMPRESSED   0x00000088   Data   RW          355    .bss.os.thread.cb   rtx_lib.o
    0x2000014c   COMPRESSED   0x00000004   PAD
    0x20000150   COMPRESSED   0x00000200   Data   RW          356    .bss.os.thread.stack  rtx_lib.o
    0x20000350   COMPRESSED   0x00000a50   Data   RW           28    .data               main.o
    0x20000da0   COMPRESSED   0x00000004   Data   RW          431    .data               system_mkl25z4.o
    0x20000da4   COMPRESSED   0x000000a4   Data   RW          515    .data.os            RTX_CM0.lib(rtx_kernel.o)


    Execution Region ER_ZI (Exec base: 0x20000e48, Load base: 0x00003130, Size: 0x00000108, Max: 0xffffffff, ABSOLUTE)

    Exec Addr    Load Addr    Size         Type   Attr      Idx    E Section Name        Object

    0x20000e48        -       0x00000001   Zero   RW          955    .bss.PendST         RTX_CM0.lib(os_systick.o)
    0x20000e49   0x00003130   0x00000007   PAD
    0x20000e50        -       0x00000100   Zero   RW          417    STACK               startup_mkl25z4.o


==============================================================================

Image component sizes


      Code (inc. data)   RO Data    RW Data    ZI Data      Debug   Object Name

      1372        116          0          0          0      11986   init.o
       160         40         32          0          0       2867   led.o
      2232        378          0       2640          0     243162   main.o
        64          8          0          0          0       1017   rtx_config.o
         0          0        260       4940          0       9130   rtx_lib.o
        56         30        192          0        256        844   startup_mkl25z4.o
       712         84          0          4          0       1615   system_mkl25z4.o

    ----------------------------------------------------------------------
      4598        656        516       7588        256     270621   Object Totals
         0          0         32          0          0          0   (incl. Generated)
         2          0          0          4          0          0   (incl. Padding)

    ----------------------------------------------------------------------

      Code (inc. data)   RO Data    RW Data    ZI Data      Debug   Library Member Name

       164          8          0          0          0        496   irq_cm0.o
       138         32          0          0          1       2766   os_systick.o
        58          4          0          0          0       2753   rtx_delay.o
       740         28          0          0          0      12348   rtx_evflags.o
       538         36         11        164          0      16105   rtx_kernel.o
       252          0          0          0          0       2564   rtx_memory.o
       166          0          0          0          0      14282   rtx_mempool.o
      1770         48          0          0          0      17889   rtx_msgqueue.o
        68          0          0          0          0       9201   rtx_mutex.o
       352         26          0          0          0       4635   rtx_system.o
      1576         96          0          0          0      30867   rtx_thread.o
       232         20          0          0          0      10018   rtx_timer.o
        86          0          0          0          0          0   __dczerorl2.o
         0          0          0          0          0          0   entry.o
         0          0          0          0          0          0   entry10a.o
         0          0          0          0          0          0   entry11a.o
         8          4          0          0          0          0   entry2.o
         4          0          0          0          0          0   entry5.o
         0          0          0          0          0          0   entry7b.o
         0          0          0          0          0          0   entry8b.o
         8          4          0          0          0          0   entry9a.o
        30          0          0          0          0          0   handlers.o
        40          0          0          0          0         72   idiv.o
        36          8          0          0          0         68   init.o
         0          0          0          0          0          0   iusefp.o
        32          0          0          0          0         68   llshl.o
        34          0          0          0          0         68   llushr.o
        36          0          0          0          0         60   memcpya.o
        36          0          0          0          0        100   memseta.o
        44          0          0          0          0         72   uidiv.o
       236          0          0          0          0        216   depilogue.o
        60         10          0          0          0         68   dfixui.o
        28          4          0          0          0         68   dfltui.o
       208          6          0          0          0         88   dmul.o

    ----------------------------------------------------------------------
      6998        334         12        164          8     124872   Library Totals
        18          0          1          0          7          0   (incl. Padding)

    ----------------------------------------------------------------------

      Code (inc. data)   RO Data    RW Data    ZI Data      Debug   Library Name

      6054        298         11        164          1     123924   RTX_CM0.lib
       394         16          0          0          0        508   mc_p.l
       532         20          0          0          0        440   mf_p.l

    ----------------------------------------------------------------------
      6998        334         12        164          8     124872   Library Totals

    ----------------------------------------------------------------------

==============================================================================


      Code (inc. data)   RO Data    RW Data    ZI Data      Debug   

     11596        990        528       7752        264     393085   Grand Totals
     11596        990        528        468        264     393085   ELF Image Totals (compressed)
     11596        990        528        468          0          0   ROM Totals

==============================================================================

    Total RO  Size (Code + RO Data)                12124 (  11.84kB)
    Total RW  Size (RW Data + ZI Data)              8016 (   7.83kB)
    Total ROM Size (Code + RO Data + RW Data)      12592 (  12.30kB)

==============================================================================

