Component: ARM Compiler 5.06 update 6 (build 750) Tool: armlink [4d35ed]

==============================================================================

Section Cross References

    main.o(i.TPM2_IRQHandler) refers to main.o(i.__NVIC_ClearPendingIRQ) for __NVIC_ClearPendingIRQ
    main.o(i.TPM2_IRQHandler) refers to rtx_msgqueue.o(.text.osMessageQueuePut) for osMessageQueuePut
    main.o(i.TPM2_IRQHandler) refers to main.o(i.delay) for delay
    main.o(i.TPM2_IRQHandler) refers to main.o(.data) for ultrasonicMsg
    main.o(i.UART2_IRQHandler) refers to main.o(i.__NVIC_ClearPendingIRQ) for __NVIC_ClearPendingIRQ
    main.o(i.UART2_IRQHandler) refers to main.o(.data) for rxData
    main.o(i.buzz) refers to idiv.o(.text) for __aeabi_idivmod
    main.o(i.buzz) refers to dfltui.o(.text) for __aeabi_ui2d
    main.o(i.buzz) refers to dmul.o(.text) for __aeabi_dmul
    main.o(i.buzz) refers to dfixui.o(.text) for __aeabi_d2uiz
    main.o(i.buzz) refers to rtx_delay.o(.text.osDelay) for osDelay
    main.o(i.main) refers to system_mkl25z4.o(i.SystemCoreClockUpdate) for SystemCoreClockUpdate
    main.o(i.main) refers to init.o(i.initClockGate) for initClockGate
    main.o(i.main) refers to init.o(i.initUART2) for initUART2
    main.o(i.main) refers to init.o(i.initMotor) for initMotor
    main.o(i.main) refers to init.o(i.initAudio) for initAudio
    main.o(i.main) refers to init.o(i.initLED) for initLED
    main.o(i.main) refers to init.o(i.initUltrasonic) for initUltrasonic
    main.o(i.main) refers to led.o(i.offGreenLEDs) for offGreenLEDs
    main.o(i.main) refers to led.o(i.offRedLEDs) for offRedLEDs
    main.o(i.main) refers to main.o(i.stopMotors) for stopMotors
    main.o(i.main) refers to rtx_kernel.o(.text.osKernelInitialize) for osKernelInitialize
    main.o(i.main) refers to rtx_evflags.o(.text.osEventFlagsNew) for osEventFlagsNew
    main.o(i.main) refers to rtx_semaphore.o(.text.osSemaphoreNew) for osSemaphoreNew
    main.o(i.main) refers to rtx_thread.o(.text.osThreadNew) for osThreadNew
    main.o(i.main) refers to rtx_kernel.o(.text.osKernelStart) for osKernelStart
    main.o(i.main) refers to main.o(.data) for motorFlag
    main.o(i.main) refers to main.o(i.tBrain) for tBrain
    main.o(i.main) refers to main.o(i.tMotor) for tMotor
    main.o(i.main) refers to main.o(i.tAuto_driving) for tAuto_driving
    main.o(i.main) refers to main.o(i.tSound_ending) for tSound_ending
    main.o(i.main) refers to main.o(i.tSound_opening) for tSound_opening
    main.o(i.main) refers to main.o(i.tSound_running) for tSound_running
    main.o(i.main) refers to main.o(i.tLed_green) for tLed_green
    main.o(i.main) refers to main.o(i.tLed_red) for tLed_red
    main.o(i.main) refers to main.o(i.ultrasonic_tx_thread) for ultrasonic_tx_thread
    main.o(i.main) refers to main.o(i.ultrasonic_rx_thread) for ultrasonic_rx_thread
    main.o(i.sing) refers to rtx_evflags.o(.text.osEventFlagsWait) for osEventFlagsWait
    main.o(i.sing) refers to idiv.o(.text) for __aeabi_idivmod
    main.o(i.sing) refers to main.o(i.buzz) for buzz
    main.o(i.sing) refers to dfltui.o(.text) for __aeabi_ui2d
    main.o(i.sing) refers to dmul.o(.text) for __aeabi_dmul
    main.o(i.sing) refers to dfixui.o(.text) for __aeabi_d2uiz
    main.o(i.sing) refers to rtx_delay.o(.text.osDelay) for osDelay
    main.o(i.sing) refers to main.o(.data) for audioFlag
    main.o(i.tAuto_driving) refers to rtx_evflags.o(.text.osEventFlagsWait) for osEventFlagsWait
    main.o(i.tAuto_driving) refers to main.o(i.forward) for forward
    main.o(i.tAuto_driving) refers to rtx_semaphore.o(.text.osSemaphoreAcquire) for osSemaphoreAcquire
    main.o(i.tAuto_driving) refers to rtx_evflags.o(.text.osEventFlagsClear) for osEventFlagsClear
    main.o(i.tAuto_driving) refers to main.o(i.stopMotors) for stopMotors
    main.o(i.tAuto_driving) refers to main.o(.data) for motorFlag
    main.o(i.tBrain) refers to rtx_evflags.o(.text.osEventFlagsClear) for osEventFlagsClear
    main.o(i.tBrain) refers to rtx_evflags.o(.text.osEventFlagsSet) for osEventFlagsSet
    main.o(i.tBrain) refers to led.o(i.flashGreenLEDs) for flashGreenLEDs
    main.o(i.tBrain) refers to main.o(i.stopMotors) for stopMotors
    main.o(i.tBrain) refers to main.o(.data) for rxData
    main.o(i.tLed_green) refers to rtx_evflags.o(.text.osEventFlagsWait) for osEventFlagsWait
    main.o(i.tLed_green) refers to led.o(i.allGreenLightUp) for allGreenLightUp
    main.o(i.tLed_green) refers to led.o(i.toggleGreenLED) for toggleGreenLED
    main.o(i.tLed_green) refers to rtx_delay.o(.text.osDelay) for osDelay
    main.o(i.tLed_green) refers to main.o(.data) for ledFlag
    main.o(i.tLed_red) refers to rtx_evflags.o(.text.osEventFlagsWait) for osEventFlagsWait
    main.o(i.tLed_red) refers to led.o(i.flashRedLEDs) for flashRedLEDs
    main.o(i.tLed_red) refers to main.o(.data) for ledFlag
    main.o(i.tMotor) refers to rtx_evflags.o(.text.osEventFlagsWait) for osEventFlagsWait
[...]
    Removing rtx_msgqueue.o(.ARM.exidx.text.osRtxMessageQueuePostProcess), (8 bytes).
    Removing rtx_msgqueue.o(.ARM.exidx.text.MessageQueueRemove), (8 bytes).
    Removing rtx_msgqueue.o(.ARM.exidx.text.MessageQueuePut), (8 bytes).
    Removing rtx_msgqueue.o(.text.svcRtxMessageQueueGetName), (18 bytes).
    Removing rtx_msgqueue.o(.ARM.exidx.text.svcRtxMessageQueueGetName), (8 bytes).
    Removing rtx_msgqueue.o(.ARM.exidx.text.svcRtxMessageQueuePut), (8 bytes).
    Removing rtx_msgqueue.o(.ARM.exidx.text.MessageQueueGet), (8 bytes).
    Removing rtx_msgqueue.o(.ARM.exidx.text.svcRtxMessageQueueGet), (8 bytes).
    Removing rtx_msgqueue.o(.text.svcRtxMessageQueueReset), (162 bytes).
    Removing rtx_msgqueue.o(.ARM.exidx.text.svcRtxMessageQueueReset), (8 bytes).
    Removing rtx_msgqueue.o(.text.svcRtxMessageQueueDelete), (112 bytes).
    Removing rtx_msgqueue.o(.ARM.exidx.text.svcRtxMessageQueueDelete), (8 bytes).
    Removing irq_cm0.o(.constdata), (1 bytes).
    Removing rtx_timer.o(.text), (0 bytes).
    Removing rtx_timer.o(.ARM.exidx.text.osRtxTimerThread), (8 bytes).
    Removing rtx_timer.o(.ARM.exidx.text.osRtxTimerTick), (8 bytes).
    Removing rtx_timer.o(.text.osTimerNew), (36 bytes).
    Removing rtx_timer.o(.ARM.exidx.text.osTimerNew), (8 bytes).
    Removing rtx_timer.o(.text.osTimerGetName), (36 bytes).
    Removing rtx_timer.o(.ARM.exidx.text.osTimerGetName), (8 bytes).
    Removing rtx_timer.o(.text.osTimerStart), (40 bytes).
    Removing rtx_timer.o(.ARM.exidx.text.osTimerStart), (8 bytes).
    Removing rtx_timer.o(.text.osTimerStop), (40 bytes).
    Removing rtx_timer.o(.ARM.exidx.text.osTimerStop), (8 bytes).
    Removing rtx_timer.o(.text.osTimerIsRunning), (36 bytes).
    Removing rtx_timer.o(.ARM.exidx.text.osTimerIsRunning), (8 bytes).
    Removing rtx_timer.o(.text.osTimerDelete), (40 bytes).
    Removing rtx_timer.o(.ARM.exidx.text.osTimerDelete), (8 bytes).
    Removing rtx_timer.o(.ARM.exidx.text.TimerInsert), (8 bytes).
    Removing rtx_timer.o(.text.svcRtxTimerNew), (132 bytes).
    Removing rtx_timer.o(.ARM.exidx.text.svcRtxTimerNew), (8 bytes).
    Removing rtx_timer.o(.text.svcRtxTimerGetName), (18 bytes).
    Removing rtx_timer.o(.ARM.exidx.text.svcRtxTimerGetName), (8 bytes).
    Removing rtx_timer.o(.text.svcRtxTimerStart), (72 bytes).
    Removing rtx_timer.o(.ARM.exidx.text.svcRtxTimerStart), (8 bytes).
    Removing rtx_timer.o(.text.TimerRemove), (40 bytes).
    Removing rtx_timer.o(.ARM.exidx.text.TimerRemove), (8 bytes).
    Removing rtx_timer.o(.text.svcRtxTimerStop), (42 bytes).
    Removing rtx_timer.o(.ARM.exidx.text.svcRtxTimerStop), (8 bytes).
    Removing rtx_timer.o(.text.svcRtxTimerIsRunning), (24 bytes).
    Removing rtx_timer.o(.ARM.exidx.text.svcRtxTimerIsRunning), (8 bytes).
    Removing rtx_timer.o(.text.svcRtxTimerDelete), (76 bytes).
    Removing rtx_timer.o(.ARM.exidx.text.svcRtxTimerDelete), (8 bytes).
    Removing rtx_mutex.o(.text), (0 bytes).
    Removing rtx_mutex.o(.ARM.exidx.text.osRtxMutexOwnerRelease), (8 bytes).
    Removing rtx_mutex.o(.text.osMutexNew), (36 bytes).
    Removing rtx_mutex.o(.ARM.exidx.text.osMutexNew), (8 bytes).
    Removing rtx_mutex.o(.text.osMutexGetName), (36 bytes).
    Removing rtx_mutex.o(.ARM.exidx.text.osMutexGetName), (8 bytes).
    Removing rtx_mutex.o(.text.osMutexAcquire), (40 bytes).
    Removing rtx_mutex.o(.ARM.exidx.text.osMutexAcquire), (8 bytes).
    Removing rtx_mutex.o(.text.osMutexRelease), (40 bytes).
    Removing rtx_mutex.o(.ARM.exidx.text.osMutexRelease), (8 bytes).
    Removing rtx_mutex.o(.text.osMutexGetOwner), (36 bytes).
    Removing rtx_mutex.o(.ARM.exidx.text.osMutexGetOwner), (8 bytes).
    Removing rtx_mutex.o(.text.osMutexDelete), (40 bytes).
    Removing rtx_mutex.o(.ARM.exidx.text.osMutexDelete), (8 bytes).
    Removing rtx_mutex.o(.text.svcRtxMutexNew), (112 bytes).
    Removing rtx_mutex.o(.ARM.exidx.text.svcRtxMutexNew), (8 bytes).
    Removing rtx_mutex.o(.text.svcRtxMutexGetName), (18 bytes).
    Removing rtx_mutex.o(.ARM.exidx.text.svcRtxMutexGetName), (8 bytes).
    Removing rtx_mutex.o(.text.svcRtxMutexAcquire), (152 bytes).
    Removing rtx_mutex.o(.ARM.exidx.text.svcRtxMutexAcquire), (8 bytes).
    Removing rtx_mutex.o(.text.svcRtxMutexRelease), (192 bytes).
    Removing rtx_mutex.o(.ARM.exidx.text.svcRtxMutexRelease), (8 bytes).
    Removing rtx_mutex.o(.text.svcRtxMutexGetOwner), (24 bytes).
    Removing rtx_mutex.o(.ARM.exidx.text.svcRtxMutexGetOwner), (8 bytes).
    Removing rtx_mutex.o(.text.svcRtxMutexDelete), (188 bytes).
    Removing rtx_mutex.o(.ARM.exidx.text.svcRtxMutexDelete), (8 bytes).
    Removing rtx_memory.o(.text), (0 bytes).
    Removing rtx_memory.o(.ARM.exidx.text.osRtxMemoryInit), (8 bytes).
    Removing rtx_memory.o(.ARM.exidx.text.osRtxMemoryAlloc), (8 bytes).
    Removing rtx_memory.o(.ARM.exidx.text.osRtxMemoryFree), (8 bytes).
    Removing rtx_mempool.o(.text), (0 bytes).
    Removing rtx_mempool.o(.ARM.exidx.text.osRtxMemoryPoolInit), (8 bytes).
    Removing rtx_mempool.o(.ARM.exidx.text.osRtxMemoryPoolAlloc), (8 bytes).
    Removing rtx_mempool.o(.ARM.exidx.text.osRtxMemoryPoolFree), (8 bytes).
    Removing rtx_mempool.o(.text.osMemoryPoolNew), (36 bytes).
    Removing rtx_mempool.o(.ARM.exidx.text.osMemoryPoolNew), (8 bytes).
    Removing rtx_mempool.o(.text.osMemoryPoolGetName), (36 bytes).
    Removing rtx_mempool.o(.ARM.exidx.text.osMemoryPoolGetName), (8 bytes).
    Removing rtx_mempool.o(.text.osMemoryPoolAlloc), (56 bytes).
    Removing rtx_mempool.o(.ARM.exidx.text.osMemoryPoolAlloc), (8 bytes).
    Removing rtx_mempool.o(.text.osMemoryPoolFree), (72 bytes).
    Removing rtx_mempool.o(.ARM.exidx.text.osMemoryPoolFree), (8 bytes).
    Removing rtx_mempool.o(.text.osMemoryPoolGetCapacity), (48 bytes).
    Removing rtx_mempool.o(.ARM.exidx.text.osMemoryPoolGetCapacity), (8 bytes).
    Removing rtx_mempool.o(.text.svcRtxMemoryPoolGetCapacity), (18 bytes).
    Removing rtx_mempool.o(.ARM.exidx.text.svcRtxMemoryPoolGetCapacity), (8 bytes).
    Removing rtx_mempool.o(.text.osMemoryPoolGetBlockSize), (48 bytes).
    Removing rtx_mempool.o(.ARM.exidx.text.osMemoryPoolGetBlockSize), (8 bytes).
    Removing rtx_mempool.o(.text.svcRtxMemoryPoolGetBlockSize), (18 bytes).
    Removing rtx_mempool.o(.ARM.exidx.text.svcRtxMemoryPoolGetBlockSize), (8 bytes).
    Removing rtx_mempool.o(.text.osMemoryPoolGetCount), (48 bytes).
    Removing rtx_mempool.o(.ARM.exidx.text.osMemoryPoolGetCount), (8 bytes).
    Removing rtx_mempool.o(.text.svcRtxMemoryPoolGetCount), (18 bytes).
    Removing rtx_mempool.o(.ARM.exidx.text.svcRtxMemoryPoolGetCount), (8 bytes).
    Removing rtx_mempool.o(.text.osMemoryPoolGetSpace), (36 bytes).
    Removing rtx_mempool.o(.ARM.exidx.text.osMemoryPoolGetSpace), (8 bytes).
    Removing rtx_mempool.o(.text.svcRtxMemoryPoolGetSpace), (22 bytes).
    Removing rtx_mempool.o(.ARM.exidx.text.svcRtxMemoryPoolGetSpace), (8 bytes).
    Removing rtx_mempool.o(.text.osMemoryPoolDelete), (40 bytes).
    Removing rtx_mempool.o(.ARM.exidx.text.osMemoryPoolDelete), (8 bytes).
    Removing rtx_mempool.o(.text.svcRtxMemoryPoolNew), (444 bytes).
    Removing rtx_mempool.o(.ARM.exidx.text.svcRtxMemoryPoolNew), (8 bytes).
    Removing rtx_mempool.o(.text.osRtxMemoryPoolPostProcess), (40 bytes).
    Removing rtx_mempool.o(.ARM.exidx.text.osRtxMemoryPoolPostProcess), (8 bytes).
    Removing rtx_mempool.o(.text.svcRtxMemoryPoolGetName), (18 bytes).
    Removing rtx_mempool.o(.ARM.exidx.text.svcRtxMemoryPoolGetName), (8 bytes).
    Removing rtx_mempool.o(.text.svcRtxMemoryPoolAlloc), (64 bytes).
    Removing rtx_mempool.o(.ARM.exidx.text.svcRtxMemoryPoolAlloc), (8 bytes).
    Removing rtx_mempool.o(.text.svcRtxMemoryPoolFree), (72 bytes).
    Removing rtx_mempool.o(.ARM.exidx.text.svcRtxMemoryPoolFree), (8 bytes).
    Removing rtx_mempool.o(.text.svcRtxMemoryPoolDelete), (112 bytes).
    Removing rtx_mempool.o(.ARM.exidx.text.svcRtxMemoryPoolDelete), (8 bytes).
    Removing rtx_system.o(.text), (0 bytes).
    Removing rtx_system.o(.ARM.exidx.text.osRtxTick_Handler), (8 bytes).
    Removing rtx_system.o(.ARM.exidx.text.osRtxPendSV_Handler), (8 bytes).
    Removing rtx_system.o(.ARM.exidx.text.osRtxPostProcess), (8 bytes).
    Removing os_systick.o(.text), (0 bytes).
    Removing os_systick.o(.ARM.exidx.text.OS_Tick_Setup), (8 bytes).
    Removing os_systick.o(.ARM.exidx.text.OS_Tick_Enable), (8 bytes).
    Removing os_systick.o(.text.OS_Tick_Disable), (40 bytes).
    Removing os_systick.o(.ARM.exidx.text.OS_Tick_Disable), (8 bytes).
    Removing os_systick.o(.ARM.exidx.text.OS_Tick_AcknowledgeIRQ), (8 bytes).
    Removing os_systick.o(.ARM.exidx.text.OS_Tick_GetIRQn), (8 bytes).
    Removing os_systick.o(.text.OS_Tick_GetClock), (12 bytes).
    Removing os_systick.o(.ARM.exidx.text.OS_Tick_GetClock), (8 bytes).
    Removing os_systick.o(.text.OS_Tick_GetInterval), (12 bytes).
    Removing os_systick.o(.ARM.exidx.text.OS_Tick_GetInterval), (8 bytes).
    Removing os_systick.o(.text.OS_Tick_GetCount), (16 bytes).
    Removing os_systick.o(.ARM.exidx.text.OS_Tick_GetCount), (8 bytes).
    Removing os_systick.o(.text.OS_Tick_GetOverflow), (16 bytes).
    Removing os_systick.o(.ARM.exidx.text.OS_Tick_GetOverflow), (8 bytes).

381 unused section(s) (total 9247 bytes) removed from the image.

==============================================================================

Image Symbol Table

    Local Symbols

    Symbol Name                              Value     Ov Type        Size  Object(Section)

    RESET                                    0x00000000   Section      192  startup_mkl25z4.o(RESET)
    ../clib/../cmprslib/zerorunl2.c          0x00000000   Number         0  __dczerorl2.o ABSOLUTE
    ../clib/microlib/division.c              0x00000000   Number         0  uidiv.o ABSOLUTE
    ../clib/microlib/division.c              0x00000000   Number         0  idiv.o ABSOLUTE
    ../clib/microlib/init/entry.s            0x00000000   Number         0  entry9a.o ABSOLUTE
    ../clib/microlib/init/entry.s            0x00000000   Number         0  entry10b.o ABSOLUTE
    ../clib/microlib/init/entry.s            0x00000000   Number         0  entry10a.o ABSOLUTE
    ../clib/microlib/init/entry.s            0x00000000   Number         0  entry2.o ABSOLUTE
    ../clib/microlib/init/entry.s            0x00000000   Number         0  entry.o ABSOLUTE
    ../clib/microlib/init/entry.s            0x00000000   Number         0  entry5.o ABSOLUTE
    ../clib/microlib/init/entry.s            0x00000000   Number         0  entry7b.o ABSOLUTE
    ../clib/microlib/init/entry.s            0x00000000   Number         0  entry8a.o ABSOLUTE
    ../clib/microlib/init/entry.s            0x00000000   Number         0  entry8b.o ABSOLUTE
    ../clib/microlib/init/entry.s            0x00000000   Number         0  entry9b.o ABSOLUTE
    ../clib/microlib/init/entry.s            0x00000000   Number         0  entry7a.o ABSOLUTE
    ../clib/microlib/init/entry.s            0x00000000   Number         0  entry11b.o ABSOLUTE
    ../clib/microlib/init/entry.s            0x00000000   Number         0  entry11a.o ABSOLUTE
    ../clib/microlib/longlong.c              0x00000000   Number         0  llshl.o ABSOLUTE
    ../clib/microlib/longlong.c              0x00000000   Number         0  llushr.o ABSOLUTE
    ../clib/microlib/string/memcpy.c         0x00000000   Number         0  memcpya.o ABSOLUTE
    ../clib/microlib/string/memcpy.c         0x00000000   Number         0  memcpyb.o ABSOLUTE
    ../clib/microlib/string/memset.c         0x00000000   Number         0  memseta.o ABSOLUTE
    ../clib/microlib/stubs.s                 0x00000000   Number         0  iusefp.o ABSOLUTE
    ../fplib/microlib/fpepilogue.c           0x00000000   Number         0  depilogue.o ABSOLUTE
    ../fplib/microlib/fpfix.c                0x00000000   Number         0  dfixui.o ABSOLUTE
    ../fplib/microlib/fpflt.c                0x00000000   Number         0  dfltui.o ABSOLUTE
    ../fplib/microlib/fpmul.c                0x00000000   Number         0  dmul.o ABSOLUTE
    ..\..\..\Source\ARM\irq_cm0.s            0x00000000   Number         0  irq_cm0.o ABSOLUTE
    F:\RTOS\AppData\Local\Arm\Packs\ARM\CMSIS\5.6.0\CMSIS\RTOS2\RTX\Source\rtx_lib.c 0x00000000   Number         0  rtx_lib.o ABSOLUTE
    F:\\RTOS\\AppData\\Local\\Arm\\Packs\\ARM\\CMSIS\\5.6.0\\CMSIS\\RTOS2\\RTX\\Source\\rtx_lib.c 0x00000000   Number         0  rtx_lib.o ABSOLUTE
    RTE\CMSIS\RTX_Config.c                   0x00000000   Number         0  rtx_config.o ABSOLUTE
    RTE\Device\MKL25Z128xxx4\startup_MKL25Z4.s 0x00000000   Number         0  startup_mkl25z4.o ABSOLUTE
    RTE\Device\MKL25Z128xxx4\system_MKL25Z4.c 0x00000000   Number         0  system_mkl25z4.o ABSOLUTE
    RTE\\CMSIS\\RTX_Config.c                 0x00000000   Number         0  rtx_config.o ABSOLUTE
    RTE\\Device\\MKL25Z128xxx4\\system_MKL25Z4.c 0x00000000   Number         0  system_mkl25z4.o ABSOLUTE
    dc.s                                     0x00000000   Number         0  dc.o ABSOLUTE
    handlers.s                               0x00000000   Number         0  handlers.o ABSOLUTE
    init.c                                   0x00000000   Number         0  init.o ABSOLUTE
    init.c                                   0x00000000   Number         0  init.o ABSOLUTE
    init.s                                   0x00000000   Number         0  init.o ABSOLUTE
    led.c                                    0x00000000   Number         0  led.o ABSOLUTE
    led.c                                    0x00000000   Number         0  led.o ABSOLUTE
    main.c                                   0x00000000   Number         0  main.o ABSOLUTE
    main.c                                   0x00000000   Number         0  main.o ABSOLUTE
    os_systick.c                             0x00000000   Number         0  os_systick.o ABSOLUTE
    rtx_delay.c                              0x00000000   Number         0  rtx_delay.o ABSOLUTE
    rtx_evflags.c                            0x00000000   Number         0  rtx_evflags.o ABSOLUTE
    rtx_kernel.c                             0x00000000   Number         0  rtx_kernel.o ABSOLUTE
    rtx_memory.c                             0x00000000   Number         0  rtx_memory.o ABSOLUTE
    rtx_mempool.c                            0x00000000   Number         0  rtx_mempool.o ABSOLUTE
    rtx_msgqueue.c                           0x00000000   Number         0  rtx_msgqueue.o ABSOLUTE
    rtx_mutex.c                              0x00000000   Number         0  rtx_mutex.o ABSOLUTE
    rtx_semaphore.c                          0x00000000   Number         0  rtx_semaphore.o ABSOLUTE
    rtx_system.c                             0x00000000   Number         0  rtx_system.o ABSOLUTE
    rtx_thread.c                             0x00000000   Number         0  rtx_thread.o ABSOLUTE
    rtx_timer.c                              0x00000000   Number         0  rtx_timer.o ABSOLUTE
    .ARM.Collect$$$$00000000                 0x000000c0   Section        0  entry.o(.ARM.Collect$$$$00000000)
    .ARM.Collect$$$$00000001                 0x000000c0   Section        4  entry2.o(.ARM.Collect$$$$00000001)
    .ARM.Collect$$$$00000004                 0x000000c4   Section        4  entry5.o(.ARM.Collect$$$$00000004)
    .ARM.Collect$$$$00000008                 0x000000c8   Section        0  entry7b.o(.ARM.Collect$$$$00000008)
    .ARM.Collect$$$$0000000A                 0x000000c8   Section        0  entry8b.o(.ARM.Collect$$$$0000000A)
    .ARM.Collect$$$$0000000B                 0x000000c8   Section        8  entry9a.o(.ARM.Collect$$$$0000000B)
    .ARM.Collect$$$$0000000D                 0x000000d0   Section        0  entry10a.o(.ARM.Collect$$$$0000000D)
    .ARM.Collect$$$$0000000F                 0x000000d0   Section        0  entry11a.o(.ARM.Collect$$$$0000000F)
    .ARM.Collect$$$$00002712                 0x000000d0   Section        4  entry2.o(.ARM.Collect$$$$00002712)
    __lit__00000000                          0x000000d0   Data           4  entry2.o(.ARM.Collect$$$$00002712)
    .text                                    0x000000d4   Section       40  startup_mkl25z4.o(.text)
    .text                                    0x000000fc   Section      164  irq_cm0.o(.text)
    .text                                    0x000001a0   Section        0  uidiv.o(.text)
    .text                                    0x000001cc   Section        0  idiv.o(.text)
    .text                                    0x000001f4   Section        0  memcpya.o(.text)
    .text                                    0x00000218   Section        0  memseta.o(.text)
    .text                                    0x0000023c   Section        0  dmul.o(.text)
    .text                                    0x0000030c   Section        0  dfltui.o(.text)
    .text                                    0x00000328   Section        0  dfixui.o(.text)
    .text                                    0x00000364   Section        0  llushr.o(.text)
    .text                                    0x00000386   Section        0  iusefp.o(.text)
    .text                                    0x00000388   Section       36  init.o(.text)
    .text                                    0x000003ac   Section        0  llshl.o(.text)
    [Anonymous Symbol]                       0x000003cc   Section        0  rtx_msgqueue.o(.text.MessageQueueRemove)
    MessageQueueRemove                       0x000003cd   Thumb Code    30  rtx_msgqueue.o(.text.MessageQueueRemove)
    [Anonymous Symbol]                       0x000003ec   Section        0  os_systick.o(.text.OS_Tick_AcknowledgeIRQ)
    __arm_cp.3_0                             0x000003f4   Number         4  os_systick.o(.text.OS_Tick_AcknowledgeIRQ)
    [Anonymous Symbol]                       0x000003f8   Section        0  os_systick.o(.text.OS_Tick_GetIRQn)
    [Anonymous Symbol]                       0x000003fe   Section        0  rtx_kernel.o(.text.osRtxKernelPreInit)
    .ARM.__at_0x400                          0x00000400   Section       16  startup_mkl25z4.o(.ARM.__at_0x400)
    .text                                    0x00000410   Section        0  depilogue.o(.text)
    .text                                    0x000004ce   Section        0  __dczerorl2.o(.text)
    [Anonymous Symbol]                       0x00000524   Section        0  rtx_evflags.o(.text.EventFlagsCheck)
    EventFlagsCheck                          0x00000525   Thumb Code    78  rtx_evflags.o(.text.EventFlagsCheck)
    [Anonymous Symbol]                       0x00000572   Section        0  rtx_msgqueue.o(.text.MessageQueueGet)
    MessageQueueGet                          0x00000573   Thumb Code    76  rtx_msgqueue.o(.text.MessageQueueGet)
    [Anonymous Symbol]                       0x000005be   Section        0  rtx_msgqueue.o(.text.MessageQueuePut)
    MessageQueuePut                          0x000005bf   Thumb Code    98  rtx_msgqueue.o(.text.MessageQueuePut)
    [Anonymous Symbol]                       0x00000620   Section        0  os_systick.o(.text.OS_Tick_Enable)
    __arm_cp.1_0                             0x00000640   Number         4  os_systick.o(.text.OS_Tick_Enable)
    __arm_cp.1_1                             0x00000644   Number         4  os_systick.o(.text.OS_Tick_Enable)
    __arm_cp.1_2                             0x00000648   Number         4  os_systick.o(.text.OS_Tick_Enable)
    [Anonymous Symbol]                       0x0000064c   Section        0  os_systick.o(.text.OS_Tick_Setup)
    __arm_cp.0_0                             0x00000688   Number         4  os_systick.o(.text.OS_Tick_Setup)
    __arm_cp.0_1                             0x0000068c   Number         4  os_systick.o(.text.OS_Tick_Setup)
    __arm_cp.0_2                             0x00000690   Number         4  os_systick.o(.text.OS_Tick_Setup)
    __arm_cp.0_3                             0x00000694   Number         4  os_systick.o(.text.OS_Tick_Setup)
    [Anonymous Symbol]                       0x00000698   Section        0  rtx_semaphore.o(.text.SemaphoreTokenDecrement)
    SemaphoreTokenDecrement                  0x00000699   Thumb Code    36  rtx_semaphore.o(.text.SemaphoreTokenDecrement)
    [Anonymous Symbol]                       0x000006bc   Section        0  rtx_semaphore.o(.text.SemaphoreTokenIncrement)
    SemaphoreTokenIncrement                  0x000006bd   Thumb Code    38  rtx_semaphore.o(.text.SemaphoreTokenIncrement)
    [Anonymous Symbol]                       0x000006e2   Section        0  rtx_thread.o(.text.ThreadFlagsCheck)
    ThreadFlagsCheck                         0x000006e3   Thumb Code    78  rtx_thread.o(.text.ThreadFlagsCheck)
    [Anonymous Symbol]                       0x00000730   Section        0  rtx_timer.o(.text.TimerInsert)
    TimerInsert                              0x00000731   Thumb Code    76  rtx_timer.o(.text.TimerInsert)
    __arm_cp.8_0                             0x00000778   Number         4  rtx_timer.o(.text.TimerInsert)
    [Anonymous Symbol]                       0x0000077c   Section        0  rtx_delay.o(.text.osDelay)
    __arm_cp.0_0                             0x000007a0   Number         4  rtx_delay.o(.text.osDelay)
    [Anonymous Symbol]                       0x000007a4   Section        0  rtx_evflags.o(.text.osEventFlagsClear)
    __arm_cp.3_0                             0x000007c4   Number         4  rtx_evflags.o(.text.osEventFlagsClear)
    [Anonymous Symbol]                       0x000007c8   Section        0  rtx_evflags.o(.text.osEventFlagsNew)
    __arm_cp.0_0                             0x000007e8   Number         4  rtx_evflags.o(.text.osEventFlagsNew)
    [Anonymous Symbol]                       0x000007ec   Section        0  rtx_evflags.o(.text.osEventFlagsSet)
    __arm_cp.2_0                             0x00000838   Number         4  rtx_evflags.o(.text.osEventFlagsSet)
    [Anonymous Symbol]                       0x0000083c   Section        0  rtx_evflags.o(.text.osEventFlagsWait)
    __arm_cp.7_0                             0x0000087c   Number         4  rtx_evflags.o(.text.osEventFlagsWait)
    [Anonymous Symbol]                       0x00000880   Section        0  rtx_kernel.o(.text.osKernelInitialize)
    __arm_cp.1_0                             0x000008a4   Number         4  rtx_kernel.o(.text.osKernelInitialize)
    [Anonymous Symbol]                       0x000008a8   Section        0  rtx_kernel.o(.text.osKernelStart)
    __arm_cp.6_0                             0x000008c8   Number         4  rtx_kernel.o(.text.osKernelStart)
    [Anonymous Symbol]                       0x000008cc   Section        0  rtx_msgqueue.o(.text.osMessageQueueGet)
    __arm_cp.3_0                             0x0000093c   Number         4  rtx_msgqueue.o(.text.osMessageQueueGet)
    [Anonymous Symbol]                       0x00000940   Section        0  rtx_msgqueue.o(.text.osMessageQueueNew)
    __arm_cp.0_0                             0x00000960   Number         4  rtx_msgqueue.o(.text.osMessageQueueNew)
    [Anonymous Symbol]                       0x00000964   Section        0  rtx_msgqueue.o(.text.osMessageQueuePut)
    __arm_cp.2_0                             0x000009d8   Number         4  rtx_msgqueue.o(.text.osMessageQueuePut)
    [Anonymous Symbol]                       0x000009dc   Section        0  rtx_evflags.o(.text.osRtxEventFlagsPostProcess)
    osRtxEventFlagsPostProcess               0x000009dd   Thumb Code    52  rtx_evflags.o(.text.osRtxEventFlagsPostProcess)
    [Anonymous Symbol]                       0x00000a10   Section        0  rtx_memory.o(.text.osRtxMemoryAlloc)
    [Anonymous Symbol]                       0x00000a8c   Section        0  rtx_memory.o(.text.osRtxMemoryFree)
    [Anonymous Symbol]                       0x00000ada   Section        0  rtx_memory.o(.text.osRtxMemoryInit)
    [Anonymous Symbol]                       0x00000b0c   Section        0  rtx_mempool.o(.text.osRtxMemoryPoolAlloc)
    [Anonymous Symbol]                       0x00000b3a   Section        0  rtx_mempool.o(.text.osRtxMemoryPoolFree)
    [Anonymous Symbol]                       0x00000b74   Section        0  rtx_mempool.o(.text.osRtxMemoryPoolInit)
    [Anonymous Symbol]                       0x00000bb2   Section        0  rtx_msgqueue.o(.text.osRtxMessageQueuePostProcess)
    osRtxMessageQueuePostProcess             0x00000bb3   Thumb Code   188  rtx_msgqueue.o(.text.osRtxMessageQueuePostProcess)
    [Anonymous Symbol]                       0x00000c6e   Section        0  rtx_mutex.o(.text.osRtxMutexOwnerRelease)
    [Anonymous Symbol]                       0x00000cb4   Section        0  rtx_system.o(.text.osRtxPendSV_Handler)
    __arm_cp.1_0                             0x00000d30   Number         4  rtx_system.o(.text.osRtxPendSV_Handler)
    [Anonymous Symbol]                       0x00000d34   Section        0  rtx_system.o(.text.osRtxPostProcess)
    __arm_cp.2_0                             0x00000d98   Number         4  rtx_system.o(.text.osRtxPostProcess)
    __arm_cp.2_1                             0x00000d9c   Number         4  rtx_system.o(.text.osRtxPostProcess)
    [Anonymous Symbol]                       0x00000da0   Section        0  rtx_semaphore.o(.text.osRtxSemaphorePostProcess)
    osRtxSemaphorePostProcess                0x00000da1   Thumb Code    36  rtx_semaphore.o(.text.osRtxSemaphorePostProcess)
    [Anonymous Symbol]                       0x00000dc4   Section        0  rtx_thread.o(.text.osRtxThreadBlock)
    osRtxThreadBlock                         0x00000dc5   Thumb Code    56  rtx_thread.o(.text.osRtxThreadBlock)
    __arm_cp.10_0                            0x00000df8   Number         4  rtx_thread.o(.text.osRtxThreadBlock)
    [Anonymous Symbol]                       0x00000dfc   Section        0  rtx_thread.o(.text.osRtxThreadDelayInsert)
    osRtxThreadDelayInsert                   0x00000dfd   Thumb Code   128  rtx_thread.o(.text.osRtxThreadDelayInsert)
    __arm_cp.14_0                            0x00000e78   Number         4  rtx_thread.o(.text.osRtxThreadDelayInsert)
    [Anonymous Symbol]                       0x00000e7c   Section        0  rtx_thread.o(.text.osRtxThreadDelayRemove)
    osRtxThreadDelayRemove                   0x00000e7d   Thumb Code    68  rtx_thread.o(.text.osRtxThreadDelayRemove)
    __arm_cp.12_0                            0x00000ebc   Number         4  rtx_thread.o(.text.osRtxThreadDelayRemove)
    [Anonymous Symbol]                       0x00000ec0   Section        0  rtx_thread.o(.text.osRtxThreadDelayTick)
    __arm_cp.5_0                             0x00000ef4   Number         4  rtx_thread.o(.text.osRtxThreadDelayTick)
    [Anonymous Symbol]                       0x00000ef8   Section        0  rtx_thread.o(.text.osRtxThreadDispatch)
    __arm_cp.9_0                             0x00000f44   Number         4  rtx_thread.o(.text.osRtxThreadDispatch)
    [Anonymous Symbol]                       0x00000f48   Section        0  rtx_thread.o(.text.osRtxThreadFree)
    osRtxThreadFree                          0x00000f49   Thumb Code    84  rtx_thread.o(.text.osRtxThreadFree)
    __arm_cp.52_0                            0x00000f98   Number         4  rtx_thread.o(.text.osRtxThreadFree)
    [Anonymous Symbol]                       0x00000f9c   Section        0  rtx_thread.o(.text.osRtxThreadListGet)
    [Anonymous Symbol]                       0x00000fb0   Section        0  rtx_thread.o(.text.osRtxThreadListPut)
    [Anonymous Symbol]                       0x00000fdc   Section        0  rtx_thread.o(.text.osRtxThreadListRemove)
    [Anonymous Symbol]                       0x00000ff4   Section        0  rtx_thread.o(.text.osRtxThreadPostProcess)
    osRtxThreadPostProcess                   0x00000ff5   Thumb Code    38  rtx_thread.o(.text.osRtxThreadPostProcess)
    [Anonymous Symbol]                       0x0000101c   Section        0  rtx_thread.o(.text.osRtxThreadReadyPut)
    __arm_cp.4_0                             0x00001030   Number         4  rtx_thread.o(.text.osRtxThreadReadyPut)
    [Anonymous Symbol]                       0x00001034   Section        0  rtx_thread.o(.text.osRtxThreadRegPtr)
    [Anonymous Symbol]                       0x0000103c   Section        0  rtx_thread.o(.text.osRtxThreadStackCheck)
    __arm_cp.8_0                             0x00001060   Number         4  rtx_thread.o(.text.osRtxThreadStackCheck)
    __arm_cp.8_1                             0x00001064   Number         4  rtx_thread.o(.text.osRtxThreadStackCheck)
    [Anonymous Symbol]                       0x00001068   Section        0  rtx_thread.o(.text.osRtxThreadStartup)
    __arm_cp.15_0                            0x00001098   Number         4  rtx_thread.o(.text.osRtxThreadStartup)
    __arm_cp.15_1                            0x0000109c   Number         4  rtx_thread.o(.text.osRtxThreadStartup)
    __arm_cp.15_2                            0x000010a0   Number         4  rtx_thread.o(.text.osRtxThreadStartup)
    __arm_cp.15_3                            0x000010a4   Number         4  rtx_thread.o(.text.osRtxThreadStartup)
    [Anonymous Symbol]                       0x000010a8   Section        0  rtx_thread.o(.text.osRtxThreadSwitch)
    __arm_cp.7_0                             0x000010b8   Number         4  rtx_thread.o(.text.osRtxThreadSwitch)
    [Anonymous Symbol]                       0x000010bc   Section        0  rtx_thread.o(.text.osRtxThreadWaitEnter)
    __arm_cp.13_0                            0x000010f4   Number         4  rtx_thread.o(.text.osRtxThreadWaitEnter)
    [Anonymous Symbol]                       0x000010f8   Section        0  rtx_thread.o(.text.osRtxThreadWaitExit)
    [Anonymous Symbol]                       0x0000111c   Section        0  rtx_system.o(.text.osRtxTick_Handler)
    __arm_cp.0_0                             0x0000118c   Number         4  rtx_system.o(.text.osRtxTick_Handler)
    [Anonymous Symbol]                       0x00001190   Section        0  rtx_timer.o(.text.osRtxTimerThread)
    __arm_cp.0_0                             0x000011c0   Number         4  rtx_timer.o(.text.osRtxTimerThread)
    __arm_cp.0_1                             0x000011c4   Number         4  rtx_timer.o(.text.osRtxTimerThread)
    __arm_cp.0_2                             0x000011c8   Number         4  rtx_timer.o(.text.osRtxTimerThread)
    [Anonymous Symbol]                       0x000011cc   Section        0  rtx_timer.o(.text.osRtxTimerTick)
    osRtxTimerTick                           0x000011cd   Thumb Code    96  rtx_timer.o(.text.osRtxTimerTick)
    __arm_cp.1_0                             0x00001228   Number         4  rtx_timer.o(.text.osRtxTimerTick)
    [Anonymous Symbol]                       0x0000122c   Section        0  rtx_semaphore.o(.text.osSemaphoreAcquire)
    __arm_cp.2_0                             0x0000126c   Number         4  rtx_semaphore.o(.text.osSemaphoreAcquire)
    [Anonymous Symbol]                       0x00001270   Section        0  rtx_semaphore.o(.text.osSemaphoreNew)
    __arm_cp.0_0                             0x00001290   Number         4  rtx_semaphore.o(.text.osSemaphoreNew)
    [Anonymous Symbol]                       0x00001294   Section        0  rtx_semaphore.o(.text.osSemaphoreRelease)
    __arm_cp.3_0                             0x000012dc   Number         4  rtx_semaphore.o(.text.osSemaphoreRelease)
    [Anonymous Symbol]                       0x000012e0   Section        0  rtx_thread.o(.text.osThreadExit)
    __arm_cp.31_0                            0x000012e8   Number         4  rtx_thread.o(.text.osThreadExit)
    [Anonymous Symbol]                       0x000012ec   Section        0  rtx_thread.o(.text.osThreadNew)
    __arm_cp.17_0                            0x0000130c   Number         4  rtx_thread.o(.text.osThreadNew)
    [Anonymous Symbol]                       0x00001310   Section        0  rtx_delay.o(.text.svcRtxDelay)
    svcRtxDelay                              0x00001311   Thumb Code    18  rtx_delay.o(.text.svcRtxDelay)
    [Anonymous Symbol]                       0x00001322   Section        0  rtx_evflags.o(.text.svcRtxEventFlagsClear)
    svcRtxEventFlagsClear                    0x00001323   Thumb Code    50  rtx_evflags.o(.text.svcRtxEventFlagsClear)
    [Anonymous Symbol]                       0x00001354   Section        0  rtx_evflags.o(.text.svcRtxEventFlagsNew)
    svcRtxEventFlagsNew                      0x00001355   Thumb Code   116  rtx_evflags.o(.text.svcRtxEventFlagsNew)
    __arm_cp.9_0                             0x000013c0   Number         4  rtx_evflags.o(.text.svcRtxEventFlagsNew)
    __arm_cp.9_1                             0x000013c4   Number         4  rtx_evflags.o(.text.svcRtxEventFlagsNew)
    [Anonymous Symbol]                       0x000013c8   Section        0  rtx_evflags.o(.text.svcRtxEventFlagsSet)
    svcRtxEventFlagsSet                      0x000013c9   Thumb Code   124  rtx_evflags.o(.text.svcRtxEventFlagsSet)
    [Anonymous Symbol]                       0x00001444   Section        0  rtx_evflags.o(.text.svcRtxEventFlagsWait)
    svcRtxEventFlagsWait                     0x00001445   Thumb Code   100  rtx_evflags.o(.text.svcRtxEventFlagsWait)
    __arm_cp.14_0                            0x000014a4   Number         4  rtx_evflags.o(.text.svcRtxEventFlagsWait)
    [Anonymous Symbol]                       0x000014a8   Section        0  rtx_kernel.o(.text.svcRtxKernelInitialize)
    svcRtxKernelInitialize                   0x000014a9   Thumb Code   328  rtx_kernel.o(.text.svcRtxKernelInitialize)
    __arm_cp.20_0                            0x000015e4   Number         4  rtx_kernel.o(.text.svcRtxKernelInitialize)
    __arm_cp.20_1                            0x000015e8   Number         4  rtx_kernel.o(.text.svcRtxKernelInitialize)
    __arm_cp.20_2                            0x000015ec   Number         4  rtx_kernel.o(.text.svcRtxKernelInitialize)
    [Anonymous Symbol]                       0x000015f0   Section        0  rtx_kernel.o(.text.svcRtxKernelStart)
    svcRtxKernelStart                        0x000015f1   Thumb Code   132  rtx_kernel.o(.text.svcRtxKernelStart)
    __arm_cp.21_0                            0x00001664   Number         4  rtx_kernel.o(.text.svcRtxKernelStart)
    __arm_cp.21_1                            0x00001668   Number         4  rtx_kernel.o(.text.svcRtxKernelStart)
    __arm_cp.21_2                            0x0000166c   Number         4  rtx_kernel.o(.text.svcRtxKernelStart)
    __arm_cp.21_3                            0x00001670   Number         4  rtx_kernel.o(.text.svcRtxKernelStart)
    [Anonymous Symbol]                       0x00001674   Section        0  rtx_msgqueue.o(.text.svcRtxMessageQueueGet)
    svcRtxMessageQueueGet                    0x00001675   Thumb Code   232  rtx_msgqueue.o(.text.svcRtxMessageQueueGet)
    __arm_cp.21_0                            0x00001758   Number         4  rtx_msgqueue.o(.text.svcRtxMessageQueueGet)
    [Anonymous Symbol]                       0x0000175c   Section        0  rtx_msgqueue.o(.text.svcRtxMessageQueueNew)
    svcRtxMessageQueueNew                    0x0000175d   Thumb Code   484  rtx_msgqueue.o(.text.svcRtxMessageQueueNew)
    __arm_cp.14_0                            0x00001928   Number         4  rtx_msgqueue.o(.text.svcRtxMessageQueueNew)
    __arm_cp.14_1                            0x0000192c   Number         4  rtx_msgqueue.o(.text.svcRtxMessageQueueNew)
    __arm_cp.14_2                            0x00001930   Number         4  rtx_msgqueue.o(.text.svcRtxMessageQueueNew)
    __arm_cp.14_3                            0x00001934   Number         4  rtx_msgqueue.o(.text.svcRtxMessageQueueNew)
    __arm_cp.14_4                            0x00001938   Number         4  rtx_msgqueue.o(.text.svcRtxMessageQueueNew)
    __arm_cp.14_5                            0x0000193c   Number         4  rtx_msgqueue.o(.text.svcRtxMessageQueueNew)
    [Anonymous Symbol]                       0x00001940   Section        0  rtx_msgqueue.o(.text.svcRtxMessageQueuePut)
    svcRtxMessageQueuePut                    0x00001941   Thumb Code   188  rtx_msgqueue.o(.text.svcRtxMessageQueuePut)
    __arm_cp.19_0                            0x000019f8   Number         4  rtx_msgqueue.o(.text.svcRtxMessageQueuePut)
    [Anonymous Symbol]                       0x000019fc   Section        0  rtx_semaphore.o(.text.svcRtxSemaphoreAcquire)
    svcRtxSemaphoreAcquire                   0x000019fd   Thumb Code    76  rtx_semaphore.o(.text.svcRtxSemaphoreAcquire)
    __arm_cp.11_0                            0x00001a44   Number         4  rtx_semaphore.o(.text.svcRtxSemaphoreAcquire)
    [Anonymous Symbol]                       0x00001a48   Section        0  rtx_semaphore.o(.text.svcRtxSemaphoreNew)
    svcRtxSemaphoreNew                       0x00001a49   Thumb Code   136  rtx_semaphore.o(.text.svcRtxSemaphoreNew)
    __arm_cp.7_0                             0x00001ac4   Number         4  rtx_semaphore.o(.text.svcRtxSemaphoreNew)
    __arm_cp.7_1                             0x00001ac8   Number         4  rtx_semaphore.o(.text.svcRtxSemaphoreNew)
    __arm_cp.7_2                             0x00001acc   Number         4  rtx_semaphore.o(.text.svcRtxSemaphoreNew)
    [Anonymous Symbol]                       0x00001ad0   Section        0  rtx_semaphore.o(.text.svcRtxSemaphoreRelease)
    svcRtxSemaphoreRelease                   0x00001ad1   Thumb Code    56  rtx_semaphore.o(.text.svcRtxSemaphoreRelease)
    [Anonymous Symbol]                       0x00001b08   Section        0  rtx_thread.o(.text.svcRtxThreadExit)
    svcRtxThreadExit                         0x00001b09   Thumb Code   108  rtx_thread.o(.text.svcRtxThreadExit)
    __arm_cp.54_0                            0x00001b70   Number         4  rtx_thread.o(.text.svcRtxThreadExit)
    [Anonymous Symbol]                       0x00001b74   Section        0  rtx_thread.o(.text.svcRtxThreadNew)
    svcRtxThreadNew                          0x00001b75   Thumb Code   492  rtx_thread.o(.text.svcRtxThreadNew)
    __arm_cp.16_0                            0x00001d48   Number         4  rtx_thread.o(.text.svcRtxThreadNew)
    __arm_cp.16_1                            0x00001d4c   Number         4  rtx_thread.o(.text.svcRtxThreadNew)
    __arm_cp.16_2                            0x00001d50   Number         4  rtx_thread.o(.text.svcRtxThreadNew)
    __arm_cp.16_3                            0x00001d54   Number         4  rtx_thread.o(.text.svcRtxThreadNew)
    __arm_cp.16_4                            0x00001d58   Number         4  rtx_thread.o(.text.svcRtxThreadNew)
    __arm_cp.16_5                            0x00001d5c   Number         4  rtx_thread.o(.text.svcRtxThreadNew)
    i.SystemCoreClockUpdate                  0x00001d60   Section        0  system_mkl25z4.o(i.SystemCoreClockUpdate)
    i.SystemInit                             0x00001ef0   Section        0  system_mkl25z4.o(i.SystemInit)
    i.TPM2_IRQHandler                        0x00002028   Section        0  main.o(i.TPM2_IRQHandler)
    i.UART2_IRQHandler                       0x00002088   Section        0  main.o(i.UART2_IRQHandler)
    i.__ARM_clz                              0x000020c0   Section        0  depilogue.o(i.__ARM_clz)
    i.__ARM_common_switch8                   0x000020ee   Section        0  rtx_config.o(i.__ARM_common_switch8)
    i.__NVIC_ClearPendingIRQ                 0x0000210c   Section        0  main.o(i.__NVIC_ClearPendingIRQ)
    __NVIC_ClearPendingIRQ                   0x0000210d   Thumb Code    18  main.o(i.__NVIC_ClearPendingIRQ)
    i.__NVIC_ClearPendingIRQ                 0x00002124   Section        0  init.o(i.__NVIC_ClearPendingIRQ)
    __NVIC_ClearPendingIRQ                   0x00002125   Thumb Code    18  init.o(i.__NVIC_ClearPendingIRQ)
    i.__NVIC_EnableIRQ                       0x0000213c   Section        0  init.o(i.__NVIC_EnableIRQ)
    __NVIC_EnableIRQ                         0x0000213d   Thumb Code    26  init.o(i.__NVIC_EnableIRQ)
    i.__NVIC_SetPriority                     0x0000215c   Section        0  init.o(i.__NVIC_SetPriority)
    __NVIC_SetPriority                       0x0000215d   Thumb Code   110  init.o(i.__NVIC_SetPriority)
    i.__scatterload_copy                     0x000021d4   Section       14  handlers.o(i.__scatterload_copy)
    i.__scatterload_null                     0x000021e2   Section        2  handlers.o(i.__scatterload_null)
    i.__scatterload_zeroinit                 0x000021e4   Section       14  handlers.o(i.__scatterload_zeroinit)
    i.allGreenLightUp                        0x000021f4   Section        0  led.o(i.allGreenLightUp)
    i.allRedLightUp                          0x00002204   Section        0  led.o(i.allRedLightUp)
    i.buzz                                   0x00002210   Section        0  main.o(i.buzz)
    i.delay                                  0x00002260   Section        0  main.o(i.delay)
    delay                                    0x00002261   Thumb Code    20  main.o(i.delay)
    i.flashGreenLEDs                         0x00002274   Section        0  led.o(i.flashGreenLEDs)
    i.flashRedLEDs                           0x0000228e   Section        0  led.o(i.flashRedLEDs)
    i.forward                                0x000022a8   Section        0  main.o(i.forward)
    i.initAudio                              0x000022bc   Section        0  init.o(i.initAudio)
    i.initClockGate                          0x00002348   Section        0  init.o(i.initClockGate)
    i.initLED                                0x00002370   Section        0  init.o(i.initLED)
    i.initMotor                              0x00002488   Section        0  init.o(i.initMotor)
    i.initUART2                              0x000025b4   Section        0  init.o(i.initUART2)
    i.initUltrasonic                         0x00002658   Section        0  init.o(i.initUltrasonic)
    i.left                                   0x00002748   Section        0  main.o(i.left)
    i.leftforward                            0x0000275c   Section        0  main.o(i.leftforward)
    i.leftreverse                            0x00002774   Section        0  main.o(i.leftreverse)
    i.main                                   0x0000278c   Section        0  main.o(i.main)
    i.offGreenLEDs                           0x0000289c   Section        0  led.o(i.offGreenLEDs)
    i.offRedLEDs                             0x000028ac   Section        0  led.o(i.offRedLEDs)
    i.osRtxErrorNotify                       0x000028bc   Section        0  rtx_config.o(i.osRtxErrorNotify)
    i.osRtxIdleThread                        0x000028dc   Section        0  rtx_config.o(i.osRtxIdleThread)
    i.reverse                                0x000028e0   Section        0  main.o(i.reverse)
    i.right                                  0x000028f4   Section        0  main.o(i.right)
    i.rightforward                           0x00002908   Section        0  main.o(i.rightforward)
    i.rightreverse                           0x00002920   Section        0  main.o(i.rightreverse)
    i.sing                                   0x00002938   Section        0  main.o(i.sing)
    i.stopMotors                             0x000029a8   Section        0  main.o(i.stopMotors)
    i.tAuto_driving                          0x000029bc   Section        0  main.o(i.tAuto_driving)
    i.tBrain                                 0x00002a04   Section        0  main.o(i.tBrain)
    i.tLed_green                             0x00002af4   Section        0  main.o(i.tLed_green)
    i.tLed_red                               0x00002b48   Section        0  main.o(i.tLed_red)
    i.tMotor                                 0x00002b8c   Section        0  main.o(i.tMotor)
    i.tSound_ending                          0x00002c50   Section        0  main.o(i.tSound_ending)
    i.tSound_opening                         0x00002c88   Section        0  main.o(i.tSound_opening)
    i.tSound_running                         0x00002cc0   Section        0  main.o(i.tSound_running)
    i.toggleGreenLED                         0x00002cf0   Section        0  led.o(i.toggleGreenLED)
    i.ultrasonic_rx_thread                   0x00002d1c   Section        0  main.o(i.ultrasonic_rx_thread)
    i.ultrasonic_tx_thread                   0x00002d5c   Section        0  main.o(i.ultrasonic_tx_thread)
    .constdata                               0x00002d94   Section       32  led.o(.constdata)
    .constdata                               0x00002db4   Section      100  rtx_lib.o(.constdata)
    os_idle_thread_attr                      0x00002db4   Data          36  rtx_lib.o(.constdata)
    os_timer_thread_attr                     0x00002dd8   Data          36  rtx_lib.o(.constdata)
    os_timer_mq_attr                         0x00002dfc   Data          24  rtx_lib.o(.constdata)
    .rodata                                  0x00002e18   Section      160  rtx_lib.o(.rodata)
    __tagsym$$used                           0x00002e18   Number         0  rtx_lib.o(.rodata)
    __tagsym$$used                           0x00002e80   Number         0  rtx_lib.o(.rodata)
    [Anonymous Symbol]                       0x00002eb8   Section        0  rtx_kernel.o(.rodata.str1.4)
    .L.str                                   0x00002eb8   Data          11  rtx_kernel.o(.rodata.str1.4)
    .bss.os                                  0x1ffff000   Section     4160  rtx_lib.o(.bss.os)
    os_mem                                   0x1ffff000   Data        4096  rtx_lib.o(.bss.os)
    os_isr_queue                             0x20000000   Data          64  rtx_lib.o(.bss.os)
    .bss.os.msgqueue.cb                      0x20000040   Section       52  rtx_lib.o(.bss.os.msgqueue.cb)
    os_timer_mq_cb                           0x20000040   Data          52  rtx_lib.o(.bss.os.msgqueue.cb)
    .bss.os.msgqueue.mem                     0x20000074   Section       80  rtx_lib.o(.bss.os.msgqueue.mem)
    os_timer_mq_data                         0x20000074   Data          80  rtx_lib.o(.bss.os.msgqueue.mem)
    .bss.os.thread.cb                        0x200000c4   Section      136  rtx_lib.o(.bss.os.thread.cb)
    os_idle_thread_cb                        0x200000c4   Data          68  rtx_lib.o(.bss.os.thread.cb)
    os_timer_thread_cb                       0x20000108   Data          68  rtx_lib.o(.bss.os.thread.cb)
    .bss.os.thread.stack                     0x20000150   Section      512  rtx_lib.o(.bss.os.thread.stack)
    os_idle_thread_stack                     0x20000150   Data         256  rtx_lib.o(.bss.os.thread.stack)
    os_timer_thread_stack                    0x20000250   Data         256  rtx_lib.o(.bss.os.thread.stack)
    .data                                    0x20000350   Section     3069  main.o(.data)
    .data                                    0x20000f50   Section        4  system_mkl25z4.o(.data)
    [Anonymous Symbol]                       0x20000ff8   Section        0  os_systick.o(.bss.PendST)
    PendST                                   0x20000ff8   Data           1  os_systick.o(.bss.PendST)
    STACK                                    0x20001000   Section      256  startup_mkl25z4.o(STACK)

    Global Symbols

    Symbol Name                              Value     Ov Type        Size  Object(Section)

    BuildAttributes$$THM_ISAv3M$S$PE$A:L22$X:L11$S22$IEEE1$IW$~IW$USESV6$~STKCKD$USESV7$~SHL$OSPACE$ROPI$EBA8$MICROLIB$REQ8$PRES8$EABIv2 0x00000000   Number         0  anon$$obj.o ABSOLUTE
    __ARM_use_no_argv                        0x00000000   Number         0  main.o ABSOLUTE
    __Vectors                                0x00000000   Data           4  startup_mkl25z4.o(RESET)
    .bss.os.evflags.cb$$Base                  - Undefined Weak Reference
    .bss.os.evflags.cb$$Limit                 - Undefined Weak Reference
    .bss.os.mempool.cb$$Base                  - Undefined Weak Reference
    .bss.os.mempool.cb$$Limit                 - Undefined Weak Reference
    .bss.os.mutex.cb$$Base                    - Undefined Weak Reference
    .bss.os.mutex.cb$$Limit                   - Undefined Weak Reference
    .bss.os.semaphore.cb$$Base                - Undefined Weak Reference
    .bss.os.semaphore.cb$$Limit               - Undefined Weak Reference
    .bss.os.timer.cb$$Base                    - Undefined Weak Reference
    .bss.os.timer.cb$$Limit                   - Undefined Weak Reference
    __cpp_initialize__aeabi_                  - Undefined Weak Reference
    __cxa_finalize                            - Undefined Weak Reference
    _clock_init                               - Undefined Weak Reference
    _microlib_exit                            - Undefined Weak Reference
    __Vectors_End                            0x000000c0   Data           0  startup_mkl25z4.o(RESET)
    __Vectors_Size                           0x000000c0   Number         0  startup_mkl25z4.o ABSOLUTE
    __main                                   0x000000c1   Thumb Code     0  entry.o(.ARM.Collect$$$$00000000)
    _main_stk                                0x000000c1   Thumb Code     0  entry2.o(.ARM.Collect$$$$00000001)
    _main_scatterload                        0x000000c5   Thumb Code     0  entry5.o(.ARM.Collect$$$$00000004)
    __main_after_scatterload                 0x000000c9   Thumb Code     0  entry5.o(.ARM.Collect$$$$00000004)
    _main_clock                              0x000000c9   Thumb Code     0  entry7b.o(.ARM.Collect$$$$00000008)
    _main_cpp_init                           0x000000c9   Thumb Code     0  entry8b.o(.ARM.Collect$$$$0000000A)
    _main_init                               0x000000c9   Thumb Code     0  entry9a.o(.ARM.Collect$$$$0000000B)
    __rt_final_cpp                           0x000000d1   Thumb Code     0  entry10a.o(.ARM.Collect$$$$0000000D)
    __rt_final_exit                          0x000000d1   Thumb Code     0  entry11a.o(.ARM.Collect$$$$0000000F)
    Reset_Handler                            0x000000d5   Thumb Code    12  startup_mkl25z4.o(.text)
    NMI_Handler                              0x000000e1   Thumb Code     2  startup_mkl25z4.o(.text)
    HardFault_Handler                        0x000000e3   Thumb Code     2  startup_mkl25z4.o(.text)
    ADC0_IRQHandler                          0x000000eb   Thumb Code     0  startup_mkl25z4.o(.text)
    CMP0_IRQHandler                          0x000000eb   Thumb Code     0  startup_mkl25z4.o(.text)
    DAC0_IRQHandler                          0x000000eb   Thumb Code     0  startup_mkl25z4.o(.text)
    DMA0_IRQHandler                          0x000000eb   Thumb Code     0  startup_mkl25z4.o(.text)
    DMA1_IRQHandler                          0x000000eb   Thumb Code     0  startup_mkl25z4.o(.text)
    DMA2_IRQHandler                          0x000000eb   Thumb Code     0  startup_mkl25z4.o(.text)
    DMA3_IRQHandler                          0x000000eb   Thumb Code     0  startup_mkl25z4.o(.text)
    DefaultISR                               0x000000eb   Thumb Code     0  startup_mkl25z4.o(.text)
    FTFA_IRQHandler                          0x000000eb   Thumb Code     0  startup_mkl25z4.o(.text)
    I2C0_IRQHandler                          0x000000eb   Thumb Code     0  startup_mkl25z4.o(.text)
    I2C1_IRQHandler                          0x000000eb   Thumb Code     0  startup_mkl25z4.o(.text)
    LLWU_IRQHandler                          0x000000eb   Thumb Code     0  startup_mkl25z4.o(.text)
    LPTMR0_IRQHandler                        0x000000eb   Thumb Code     0  startup_mkl25z4.o(.text)
    LVD_LVW_IRQHandler                       0x000000eb   Thumb Code     0  startup_mkl25z4.o(.text)
    MCG_IRQHandler                           0x000000eb   Thumb Code     0  startup_mkl25z4.o(.text)
    PIT_IRQHandler                           0x000000eb   Thumb Code     0  startup_mkl25z4.o(.text)
    PORTA_IRQHandler                         0x000000eb   Thumb Code     0  startup_mkl25z4.o(.text)
    PORTD_IRQHandler                         0x000000eb   Thumb Code     0  startup_mkl25z4.o(.text)
    RTC_IRQHandler                           0x000000eb   Thumb Code     0  startup_mkl25z4.o(.text)
    RTC_Seconds_IRQHandler                   0x000000eb   Thumb Code     0  startup_mkl25z4.o(.text)
    Reserved20_IRQHandler                    0x000000eb   Thumb Code     0  startup_mkl25z4.o(.text)
    Reserved39_IRQHandler                    0x000000eb   Thumb Code     0  startup_mkl25z4.o(.text)
    Reserved45_IRQHandler                    0x000000eb   Thumb Code     0  startup_mkl25z4.o(.text)
    SPI0_IRQHandler                          0x000000eb   Thumb Code     0  startup_mkl25z4.o(.text)
    SPI1_IRQHandler                          0x000000eb   Thumb Code     0  startup_mkl25z4.o(.text)
    TPM0_IRQHandler                          0x000000eb   Thumb Code     0  startup_mkl25z4.o(.text)
    TPM1_IRQHandler                          0x000000eb   Thumb Code     0  startup_mkl25z4.o(.text)
    TSI0_IRQHandler                          0x000000eb   Thumb Code     0  startup_mkl25z4.o(.text)
    UART0_IRQHandler                         0x000000eb   Thumb Code     0  startup_mkl25z4.o(.text)
    UART1_IRQHandler                         0x000000eb   Thumb Code     0  startup_mkl25z4.o(.text)
    USB0_IRQHandler                          0x000000eb   Thumb Code     0  startup_mkl25z4.o(.text)
    SVC_Handler                              0x000000fd   Thumb Code   132  irq_cm0.o(.text)
    PendSV_Handler                           0x00000181   Thumb Code    12  irq_cm0.o(.text)
    SysTick_Handler                          0x0000018d   Thumb Code    12  irq_cm0.o(.text)
    __aeabi_uidiv                            0x000001a1   Thumb Code     0  uidiv.o(.text)
    __aeabi_uidivmod                         0x000001a1   Thumb Code    44  uidiv.o(.text)
    __aeabi_idiv                             0x000001cd   Thumb Code     0  idiv.o(.text)
    __aeabi_idivmod                          0x000001cd   Thumb Code    40  idiv.o(.text)
    __aeabi_memcpy                           0x000001f5   Thumb Code    36  memcpya.o(.text)
    __aeabi_memcpy4                          0x000001f5   Thumb Code     0  memcpya.o(.text)
    __aeabi_memcpy8                          0x000001f5   Thumb Code     0  memcpya.o(.text)
    __aeabi_memset                           0x00000219   Thumb Code    14  memseta.o(.text)
    __aeabi_memset4                          0x00000219   Thumb Code     0  memseta.o(.text)
    __aeabi_memset8                          0x00000219   Thumb Code     0  memseta.o(.text)
    __aeabi_memclr                           0x00000227   Thumb Code     4  memseta.o(.text)
    __aeabi_memclr4                          0x00000227   Thumb Code     0  memseta.o(.text)
    __aeabi_memclr8                          0x00000227   Thumb Code     0  memseta.o(.text)
    _memset$wrapper                          0x0000022b   Thumb Code    18  memseta.o(.text)
    __aeabi_dmul                             0x0000023d   Thumb Code   202  dmul.o(.text)
    __aeabi_ui2d                             0x0000030d   Thumb Code    24  dfltui.o(.text)
    __aeabi_d2uiz                            0x00000329   Thumb Code    50  dfixui.o(.text)
    __aeabi_llsr                             0x00000365   Thumb Code    34  llushr.o(.text)
    _ll_ushift_r                             0x00000365   Thumb Code     0  llushr.o(.text)
    __I$use$fp                               0x00000387   Thumb Code     0  iusefp.o(.text)
    __scatterload                            0x00000389   Thumb Code    28  init.o(.text)
    __scatterload_rt2                        0x00000389   Thumb Code     0  init.o(.text)
    __aeabi_llsl                             0x000003ad   Thumb Code    32  llshl.o(.text)
    _ll_shift_l                              0x000003ad   Thumb Code     0  llshl.o(.text)
    OS_Tick_AcknowledgeIRQ                   0x000003ed   Thumb Code    12  os_systick.o(.text.OS_Tick_AcknowledgeIRQ)
    OS_Tick_GetIRQn                          0x000003f9   Thumb Code     6  os_systick.o(.text.OS_Tick_GetIRQn)
    osRtxKernelPreInit                       0x000003ff   Thumb Code     2  rtx_kernel.o(.text.osRtxKernelPreInit)
    _double_round                            0x00000411   Thumb Code    26  depilogue.o(.text)
    _double_epilogue                         0x0000042b   Thumb Code   164  depilogue.o(.text)
    __decompress                             0x000004cf   Thumb Code     0  __dczerorl2.o(.text)
    __decompress1                            0x000004cf   Thumb Code    86  __dczerorl2.o(.text)
    OS_Tick_Enable                           0x00000621   Thumb Code    44  os_systick.o(.text.OS_Tick_Enable)
    OS_Tick_Setup                            0x0000064d   Thumb Code    76  os_systick.o(.text.OS_Tick_Setup)
    osDelay                                  0x0000077d   Thumb Code    40  rtx_delay.o(.text.osDelay)
    osEventFlagsClear                        0x000007a5   Thumb Code    36  rtx_evflags.o(.text.osEventFlagsClear)
    osEventFlagsNew                          0x000007c9   Thumb Code    36  rtx_evflags.o(.text.osEventFlagsNew)
    osEventFlagsSet                          0x000007ed   Thumb Code    80  rtx_evflags.o(.text.osEventFlagsSet)
    osEventFlagsWait                         0x0000083d   Thumb Code    68  rtx_evflags.o(.text.osEventFlagsWait)
    osKernelInitialize                       0x00000881   Thumb Code    40  rtx_kernel.o(.text.osKernelInitialize)
    osKernelStart                            0x000008a9   Thumb Code    36  rtx_kernel.o(.text.osKernelStart)
    osMessageQueueGet                        0x000008cd   Thumb Code   116  rtx_msgqueue.o(.text.osMessageQueueGet)
    osMessageQueueNew                        0x00000941   Thumb Code    36  rtx_msgqueue.o(.text.osMessageQueueNew)
    osMessageQueuePut                        0x00000965   Thumb Code   120  rtx_msgqueue.o(.text.osMessageQueuePut)
    osRtxMemoryAlloc                         0x00000a11   Thumb Code   124  rtx_memory.o(.text.osRtxMemoryAlloc)
    osRtxMemoryFree                          0x00000a8d   Thumb Code    78  rtx_memory.o(.text.osRtxMemoryFree)
    osRtxMemoryInit                          0x00000adb   Thumb Code    50  rtx_memory.o(.text.osRtxMemoryInit)
    osRtxMemoryPoolAlloc                     0x00000b0d   Thumb Code    46  rtx_mempool.o(.text.osRtxMemoryPoolAlloc)
    osRtxMemoryPoolFree                      0x00000b3b   Thumb Code    58  rtx_mempool.o(.text.osRtxMemoryPoolFree)
    osRtxMemoryPoolInit                      0x00000b75   Thumb Code    62  rtx_mempool.o(.text.osRtxMemoryPoolInit)
    osRtxMutexOwnerRelease                   0x00000c6f   Thumb Code    68  rtx_mutex.o(.text.osRtxMutexOwnerRelease)
    osRtxPendSV_Handler                      0x00000cb5   Thumb Code   128  rtx_system.o(.text.osRtxPendSV_Handler)
    osRtxPostProcess                         0x00000d35   Thumb Code   108  rtx_system.o(.text.osRtxPostProcess)
    osRtxThreadDelayTick                     0x00000ec1   Thumb Code    56  rtx_thread.o(.text.osRtxThreadDelayTick)
    osRtxThreadDispatch                      0x00000ef9   Thumb Code    80  rtx_thread.o(.text.osRtxThreadDispatch)
    osRtxThreadListGet                       0x00000f9d   Thumb Code    20  rtx_thread.o(.text.osRtxThreadListGet)
    osRtxThreadListPut                       0x00000fb1   Thumb Code    44  rtx_thread.o(.text.osRtxThreadListPut)
    osRtxThreadListRemove                    0x00000fdd   Thumb Code    24  rtx_thread.o(.text.osRtxThreadListRemove)
    osRtxThreadReadyPut                      0x0000101d   Thumb Code    24  rtx_thread.o(.text.osRtxThreadReadyPut)
    osRtxThreadRegPtr                        0x00001035   Thumb Code     6  rtx_thread.o(.text.osRtxThreadRegPtr)
    osRtxThreadStackCheck                    0x0000103d   Thumb Code    44  rtx_thread.o(.text.osRtxThreadStackCheck)
    osRtxThreadStartup                       0x00001069   Thumb Code    64  rtx_thread.o(.text.osRtxThreadStartup)
    osRtxThreadSwitch                        0x000010a9   Thumb Code    20  rtx_thread.o(.text.osRtxThreadSwitch)
    osRtxThreadWaitEnter                     0x000010bd   Thumb Code    60  rtx_thread.o(.text.osRtxThreadWaitEnter)
    osRtxThreadWaitExit                      0x000010f9   Thumb Code    34  rtx_thread.o(.text.osRtxThreadWaitExit)
    osRtxTick_Handler                        0x0000111d   Thumb Code   116  rtx_system.o(.text.osRtxTick_Handler)
    osRtxTimerThread                         0x00001191   Thumb Code    60  rtx_timer.o(.text.osRtxTimerThread)
    osSemaphoreAcquire                       0x0000122d   Thumb Code    68  rtx_semaphore.o(.text.osSemaphoreAcquire)
    osSemaphoreNew                           0x00001271   Thumb Code    36  rtx_semaphore.o(.text.osSemaphoreNew)
    osSemaphoreRelease                       0x00001295   Thumb Code    76  rtx_semaphore.o(.text.osSemaphoreRelease)
    osThreadExit                             0x000012e1   Thumb Code    12  rtx_thread.o(.text.osThreadExit)
    osThreadNew                              0x000012ed   Thumb Code    36  rtx_thread.o(.text.osThreadNew)
    SystemCoreClockUpdate                    0x00001d61   Thumb Code   372  system_mkl25z4.o(i.SystemCoreClockUpdate)
    SystemInit                               0x00001ef1   Thumb Code   266  system_mkl25z4.o(i.SystemInit)
    TPM2_IRQHandler                          0x00002029   Thumb Code    84  main.o(i.TPM2_IRQHandler)
    UART2_IRQHandler                         0x00002089   Thumb Code    44  main.o(i.UART2_IRQHandler)
    __ARM_clz                                0x000020c1   Thumb Code    46  depilogue.o(i.__ARM_clz)
    __ARM_common_switch8                     0x000020ef   Thumb Code    28  rtx_config.o(i.__ARM_common_switch8)
    __scatterload_copy                       0x000021d5   Thumb Code    14  handlers.o(i.__scatterload_copy)
    __scatterload_null                       0x000021e3   Thumb Code     2  handlers.o(i.__scatterload_null)
    __scatterload_zeroinit                   0x000021e5   Thumb Code    14  handlers.o(i.__scatterload_zeroinit)
    allGreenLightUp                          0x000021f5   Thumb Code     8  led.o(i.allGreenLightUp)
    allRedLightUp                            0x00002205   Thumb Code     8  led.o(i.allRedLightUp)
    buzz                                     0x00002211   Thumb Code    64  main.o(i.buzz)
    flashGreenLEDs                           0x00002275   Thumb Code    26  led.o(i.flashGreenLEDs)
    flashRedLEDs                             0x0000228f   Thumb Code    26  led.o(i.flashRedLEDs)
    forward                                  0x000022a9   Thumb Code    10  main.o(i.forward)
    initAudio                                0x000022bd   Thumb Code   122  init.o(i.initAudio)
    initClockGate                            0x00002349   Thumb Code    36  init.o(i.initClockGate)
    initLED                                  0x00002371   Thumb Code   264  init.o(i.initLED)
    initMotor                                0x00002489   Thumb Code   282  init.o(i.initMotor)
    initUART2                                0x000025b5   Thumb Code   148  init.o(i.initUART2)
    initUltrasonic                           0x00002659   Thumb Code   220  init.o(i.initUltrasonic)
    left                                     0x00002749   Thumb Code    10  main.o(i.left)
    leftforward                              0x0000275d   Thumb Code    12  main.o(i.leftforward)
    leftreverse                              0x00002775   Thumb Code    12  main.o(i.leftreverse)
    main                                     0x0000278d   Thumb Code   210  main.o(i.main)
    offGreenLEDs                             0x0000289d   Thumb Code     8  led.o(i.offGreenLEDs)
    offRedLEDs                               0x000028ad   Thumb Code    10  led.o(i.offRedLEDs)
    osRtxErrorNotify                         0x000028bd   Thumb Code    32  rtx_config.o(i.osRtxErrorNotify)
    osRtxIdleThread                          0x000028dd   Thumb Code     4  rtx_config.o(i.osRtxIdleThread)
    reverse                                  0x000028e1   Thumb Code    10  main.o(i.reverse)
    right                                    0x000028f5   Thumb Code    10  main.o(i.right)
    rightforward                             0x00002909   Thumb Code    12  main.o(i.rightforward)
    rightreverse                             0x00002921   Thumb Code    12  main.o(i.rightreverse)
    sing                                     0x00002939   Thumb Code    98  main.o(i.sing)
    stopMotors                               0x000029a9   Thumb Code    14  main.o(i.stopMotors)
    tAuto_driving                            0x000029bd   Thumb Code    60  main.o(i.tAuto_driving)
    tBrain                                   0x00002a05   Thumb Code   220  main.o(i.tBrain)
    tLed_green                               0x00002af5   Thumb Code    74  main.o(i.tLed_green)
    tLed_red                                 0x00002b49   Thumb Code    60  main.o(i.tLed_red)
    tMotor                                   0x00002b8d   Thumb Code   184  main.o(i.tMotor)
    tSound_ending                            0x00002c51   Thumb Code    44  main.o(i.tSound_ending)
    tSound_opening                           0x00002c89   Thumb Code    44  main.o(i.tSound_opening)
    tSound_running                           0x00002cc1   Thumb Code    34  main.o(i.tSound_running)
    toggleGreenLED                           0x00002cf1   Thumb Code    34  led.o(i.toggleGreenLED)
    ultrasonic_rx_thread                     0x00002d1d   Thumb Code    56  main.o(i.ultrasonic_rx_thread)
    ultrasonic_tx_thread                     0x00002d5d   Thumb Code    46  main.o(i.ultrasonic_tx_thread)
    osRtxUserSVC                             0x00002e14   Data           4  rtx_lib.o(.constdata)
    osRtxConfig                              0x00002e18   Data         104  rtx_lib.o(.rodata)
    os_cb_sections                           0x00002e80   Data          56  rtx_lib.o(.rodata)
    Region$$Table$$Base                      0x00002ec4   Number         0  anon$$obj.o(Region$$Table)
    Region$$Table$$Limit                     0x00002ee4   Number         0  anon$$obj.o(Region$$Table)
    .bss.os.msgqueue.cb$$Base                0x20000040   Number         0  rtx_lib.o(.bss.os.msgqueue.cb)
    .bss.os.msgqueue.cb$$Limit               0x20000074   Number         0  rtx_lib.o(.bss.os.msgqueue.cb)
    .bss.os.thread.cb$$Base                  0x200000c4   Number         0  rtx_lib.o(.bss.os.thread.cb)
    .bss.os.thread.cb$$Limit                 0x2000014c   Number         0  rtx_lib.o(.bss.os.thread.cb)
    motorFlag                                0x20000350   Data           4  main.o(.data)
    motorMsg                                 0x20000354   Data           4  main.o(.data)
    uartMsg                                  0x20000358   Data           4  main.o(.data)
    rxData                                   0x2000035c   Data           4  main.o(.data)
    audioFlag                                0x20000360   Data           4  main.o(.data)
    connected_melody                         0x20000364   Data          16  main.o(.data)
    connected_tempo                          0x20000374   Data          16  main.o(.data)
    birthday                                 0x20000384   Data         112  main.o(.data)
    birthday_tempo                           0x200003f4   Data         112  main.o(.data)
    gurenge                                  0x20000464   Data         224  main.o(.data)
    mario_melody                             0x20000544   Data         312  main.o(.data)
    gurenge_tempo                            0x2000067c   Data         224  main.o(.data)
    mario_tempo                              0x2000075c   Data         312  main.o(.data)
    underworld_melody                        0x20000894   Data         224  main.o(.data)
    underworld_tempo                         0x20000974   Data         224  main.o(.data)
    tempo                                    0x20000a54   Data           4  main.o(.data)
    hedwigsThemeMelody                       0x20000a58   Data         496  main.o(.data)
    starWarsMelody                           0x20000c48   Data         592  main.o(.data)
    starTrekStartUpMelody                    0x20000e98   Data          64  main.o(.data)
    marioGameOverMelody                      0x20000ed8   Data          96  main.o(.data)
    ultrasonicFlag                           0x20000f38   Data           4  main.o(.data)
    ultrasonicMsg                            0x20000f3c   Data           4  main.o(.data)
    autoMoveSem                              0x20000f40   Data           4  main.o(.data)
    ledFlag                                  0x20000f44   Data           4  main.o(.data)
    sensorFlag                               0x20000f48   Data           4  main.o(.data)
    state                                    0x20000f4c   Data           1  main.o(.data)
    SystemCoreClock                          0x20000f50   Data           4  system_mkl25z4.o(.data)
    osRtxInfo                                0x20000f54   Data         164  rtx_kernel.o(.data.os)
    __initial_sp                             0x20001100   Data           0  startup_mkl25z4.o(STACK)



==============================================================================

Memory Map of the image

  Image Entry point : 0x000000d5

  Load Region LR_1 (Base: 0x00000000, Size: 0x00004edc, Max: 0xffffffff, ABSOLUTE, COMPRESSED[0x000031e8])

    Execution Region ER_RO (Exec base: 0x00000000, Load base: 0x00000000, Size: 0x00002ee4, Max: 0xffffffff, ABSOLUTE)

    Exec Addr    Load Addr    Size         Type   Attr      Idx    E Section Name        Object

    0x00000000   0x00000000   0x000000c0   Data   RO          438    RESET               startup_mkl25z4.o
    0x000000c0   0x000000c0   0x00000000   Code   RO         1022  * .ARM.Collect$$$$00000000  mc_p.l(entry.o)
    0x000000c0   0x000000c0   0x00000004   Code   RO         1041    .ARM.Collect$$$$00000001  mc_p.l(entry2.o)
    0x000000c4   0x000000c4   0x00000004   Code   RO         1044    .ARM.Collect$$$$00000004  mc_p.l(entry5.o)
    0x000000c8   0x000000c8   0x00000000   Code   RO         1046    .ARM.Collect$$$$00000008  mc_p.l(entry7b.o)
    0x000000c8   0x000000c8   0x00000000   Code   RO         1048    .ARM.Collect$$$$0000000A  mc_p.l(entry8b.o)
    0x000000c8   0x000000c8   0x00000008   Code   RO         1049    .ARM.Collect$$$$0000000B  mc_p.l(entry9a.o)
    0x000000d0   0x000000d0   0x00000000   Code   RO         1051    .ARM.Collect$$$$0000000D  mc_p.l(entry10a.o)
    0x000000d0   0x000000d0   0x00000000   Code   RO         1053    .ARM.Collect$$$$0000000F  mc_p.l(entry11a.o)
    0x000000d0   0x000000d0   0x00000004   Code   RO         1042    .ARM.Collect$$$$00002712  mc_p.l(entry2.o)
    0x000000d4   0x000000d4   0x00000028   Code   RO          440  * .text               startup_mkl25z4.o
    0x000000fc   0x000000fc   0x000000a4   Code   RO          831    .text               RTX_CM0.lib(irq_cm0.o)
    0x000001a0   0x000001a0   0x0000002c   Code   RO         1025    .text               mc_p.l(uidiv.o)
    0x000001cc   0x000001cc   0x00000028   Code   RO         1027    .text               mc_p.l(idiv.o)
    0x000001f4   0x000001f4   0x00000024   Code   RO         1029    .text               mc_p.l(memcpya.o)
    0x00000218   0x00000218   0x00000024   Code   RO         1031    .text               mc_p.l(memseta.o)
    0x0000023c   0x0000023c   0x000000d0   Code   RO         1035    .text               mf_p.l(dmul.o)
    0x0000030c   0x0000030c   0x0000001c   Code   RO         1037    .text               mf_p.l(dfltui.o)
    0x00000328   0x00000328   0x0000003c   Code   RO         1039    .text               mf_p.l(dfixui.o)
    0x00000364   0x00000364   0x00000022   Code   RO         1055    .text               mc_p.l(llushr.o)
    0x00000386   0x00000386   0x00000000   Code   RO         1057    .text               mc_p.l(iusefp.o)
    0x00000386   0x00000386   0x00000002   PAD
    0x00000388   0x00000388   0x00000024   Code   RO         1062    .text               mc_p.l(init.o)
    0x000003ac   0x000003ac   0x00000020   Code   RO         1064    .text               mc_p.l(llshl.o)
    0x000003cc   0x000003cc   0x0000001e   Code   RO          806    .text.MessageQueueRemove  RTX_CM0.lib(rtx_msgqueue.o)
    0x000003ea   0x000003ea   0x00000002   PAD
    0x000003ec   0x000003ec   0x0000000c   Code   RO         1001    .text.OS_Tick_AcknowledgeIRQ  RTX_CM0.lib(os_systick.o)
    0x000003f8   0x000003f8   0x00000006   Code   RO         1003    .text.OS_Tick_GetIRQn  RTX_CM0.lib(os_systick.o)
    0x000003fe   0x000003fe   0x00000002   Code   RO          479    .text.osRtxKernelPreInit  RTX_CM0.lib(rtx_kernel.o)
    0x00000400   0x00000400   0x00000010   Code   RO          439    .ARM.__at_0x400     startup_mkl25z4.o
    0x00000410   0x00000410   0x000000be   Code   RO         1058    .text               mf_p.l(depilogue.o)
    0x000004ce   0x000004ce   0x00000056   Code   RO         1074    .text               mc_p.l(__dczerorl2.o)
    0x00000524   0x00000524   0x0000004e   Code   RO          716    .text.EventFlagsCheck  RTX_CM0.lib(rtx_evflags.o)
    0x00000572   0x00000572   0x0000004c   Code   RO          814    .text.MessageQueueGet  RTX_CM0.lib(rtx_msgqueue.o)
    0x000005be   0x000005be   0x00000062   Code   RO          808    .text.MessageQueuePut  RTX_CM0.lib(rtx_msgqueue.o)
    0x00000620   0x00000620   0x0000002c   Code   RO          997    .text.OS_Tick_Enable  RTX_CM0.lib(os_systick.o)
    0x0000064c   0x0000064c   0x0000004c   Code   RO          995    .text.OS_Tick_Setup  RTX_CM0.lib(os_systick.o)
    0x00000698   0x00000698   0x00000024   Code   RO          753    .text.SemaphoreTokenDecrement  RTX_CM0.lib(rtx_semaphore.o)
    0x000006bc   0x000006bc   0x00000026   Code   RO          759    .text.SemaphoreTokenIncrement  RTX_CM0.lib(rtx_semaphore.o)
    0x000006e2   0x000006e2   0x0000004e   Code   RO          624    .text.ThreadFlagsCheck  RTX_CM0.lib(rtx_thread.o)
    0x00000730   0x00000730   0x0000004c   Code   RO          852    .text.TimerInsert   RTX_CM0.lib(rtx_timer.o)
    0x0000077c   0x0000077c   0x00000028   Code   RO          677    .text.osDelay       RTX_CM0.lib(rtx_delay.o)
    0x000007a4   0x000007a4   0x00000024   Code   RO          700    .text.osEventFlagsClear  RTX_CM0.lib(rtx_evflags.o)
    0x000007c8   0x000007c8   0x00000024   Code   RO          694    .text.osEventFlagsNew  RTX_CM0.lib(rtx_evflags.o)
    0x000007ec   0x000007ec   0x00000050   Code   RO          698    .text.osEventFlagsSet  RTX_CM0.lib(rtx_evflags.o)
    0x0000083c   0x0000083c   0x00000044   Code   RO          708    .text.osEventFlagsWait  RTX_CM0.lib(rtx_evflags.o)
    0x00000880   0x00000880   0x00000028   Code   RO          481    .text.osKernelInitialize  RTX_CM0.lib(rtx_kernel.o)
    0x000008a8   0x000008a8   0x00000024   Code   RO          491    .text.osKernelStart  RTX_CM0.lib(rtx_kernel.o)
    0x000008cc   0x000008cc   0x00000074   Code   RO          780    .text.osMessageQueueGet  RTX_CM0.lib(rtx_msgqueue.o)
    0x00000940   0x00000940   0x00000024   Code   RO          774    .text.osMessageQueueNew  RTX_CM0.lib(rtx_msgqueue.o)
    0x00000964   0x00000964   0x00000078   Code   RO          778    .text.osMessageQueuePut  RTX_CM0.lib(rtx_msgqueue.o)
    0x000009dc   0x000009dc   0x00000034   Code   RO          714    .text.osRtxEventFlagsPostProcess  RTX_CM0.lib(rtx_evflags.o)
    0x00000a10   0x00000a10   0x0000007c   Code   RO          914    .text.osRtxMemoryAlloc  RTX_CM0.lib(rtx_memory.o)
    0x00000a8c   0x00000a8c   0x0000004e   Code   RO          916    .text.osRtxMemoryFree  RTX_CM0.lib(rtx_memory.o)
    0x00000ada   0x00000ada   0x00000032   Code   RO          912    .text.osRtxMemoryInit  RTX_CM0.lib(rtx_memory.o)
    0x00000b0c   0x00000b0c   0x0000002e   Code   RO          929    .text.osRtxMemoryPoolAlloc  RTX_CM0.lib(rtx_mempool.o)
    0x00000b3a   0x00000b3a   0x0000003a   Code   RO          931    .text.osRtxMemoryPoolFree  RTX_CM0.lib(rtx_mempool.o)
    0x00000b74   0x00000b74   0x0000003e   Code   RO          927    .text.osRtxMemoryPoolInit  RTX_CM0.lib(rtx_mempool.o)
    0x00000bb2   0x00000bb2   0x000000bc   Code   RO          804    .text.osRtxMessageQueuePostProcess  RTX_CM0.lib(rtx_msgqueue.o)
    0x00000c6e   0x00000c6e   0x00000044   Code   RO          877    .text.osRtxMutexOwnerRelease  RTX_CM0.lib(rtx_mutex.o)
    0x00000cb2   0x00000cb2   0x00000002   PAD
    0x00000cb4   0x00000cb4   0x00000080   Code   RO          982    .text.osRtxPendSV_Handler  RTX_CM0.lib(rtx_system.o)
    0x00000d34   0x00000d34   0x0000006c   Code   RO          984    .text.osRtxPostProcess  RTX_CM0.lib(rtx_system.o)
    0x00000da0   0x00000da0   0x00000024   Code   RO          751    .text.osRtxSemaphorePostProcess  RTX_CM0.lib(rtx_semaphore.o)
    0x00000dc4   0x00000dc4   0x00000038   Code   RO          564    .text.osRtxThreadBlock  RTX_CM0.lib(rtx_thread.o)
    0x00000dfc   0x00000dfc   0x00000080   Code   RO          572    .text.osRtxThreadDelayInsert  RTX_CM0.lib(rtx_thread.o)
    0x00000e7c   0x00000e7c   0x00000044   Code   RO          568    .text.osRtxThreadDelayRemove  RTX_CM0.lib(rtx_thread.o)
    0x00000ec0   0x00000ec0   0x00000038   Code   RO          554    .text.osRtxThreadDelayTick  RTX_CM0.lib(rtx_thread.o)
    0x00000ef8   0x00000ef8   0x00000050   Code   RO          562    .text.osRtxThreadDispatch  RTX_CM0.lib(rtx_thread.o)
    0x00000f48   0x00000f48   0x00000054   Code   RO          648    .text.osRtxThreadFree  RTX_CM0.lib(rtx_thread.o)
    0x00000f9c   0x00000f9c   0x00000014   Code   RO          546    .text.osRtxThreadListGet  RTX_CM0.lib(rtx_thread.o)
    0x00000fb0   0x00000fb0   0x0000002c   Code   RO          544    .text.osRtxThreadListPut  RTX_CM0.lib(rtx_thread.o)
    0x00000fdc   0x00000fdc   0x00000018   Code   RO          550    .text.osRtxThreadListRemove  RTX_CM0.lib(rtx_thread.o)
    0x00000ff4   0x00000ff4   0x00000026   Code   RO          622    .text.osRtxThreadPostProcess  RTX_CM0.lib(rtx_thread.o)
    0x0000101a   0x0000101a   0x00000002   PAD
    0x0000101c   0x0000101c   0x00000018   Code   RO          552    .text.osRtxThreadReadyPut  RTX_CM0.lib(rtx_thread.o)
    0x00001034   0x00001034   0x00000006   Code   RO          556    .text.osRtxThreadRegPtr  RTX_CM0.lib(rtx_thread.o)
    0x0000103a   0x0000103a   0x00000002   PAD
    0x0000103c   0x0000103c   0x0000002c   Code   RO          560    .text.osRtxThreadStackCheck  RTX_CM0.lib(rtx_thread.o)
    0x00001068   0x00001068   0x00000040   Code   RO          574    .text.osRtxThreadStartup  RTX_CM0.lib(rtx_thread.o)
    0x000010a8   0x000010a8   0x00000014   Code   RO          558    .text.osRtxThreadSwitch  RTX_CM0.lib(rtx_thread.o)
    0x000010bc   0x000010bc   0x0000003c   Code   RO          570    .text.osRtxThreadWaitEnter  RTX_CM0.lib(rtx_thread.o)
    0x000010f8   0x000010f8   0x00000022   Code   RO          566    .text.osRtxThreadWaitExit  RTX_CM0.lib(rtx_thread.o)
    0x0000111a   0x0000111a   0x00000002   PAD
    0x0000111c   0x0000111c   0x00000074   Code   RO          980    .text.osRtxTick_Handler  RTX_CM0.lib(rtx_system.o)
    0x00001190   0x00001190   0x0000003c   Code   RO          836    .text.osRtxTimerThread  RTX_CM0.lib(rtx_timer.o)
    0x000011cc   0x000011cc   0x00000060   Code   RO          838    .text.osRtxTimerTick  RTX_CM0.lib(rtx_timer.o)
    0x0000122c   0x0000122c   0x00000044   Code   RO          739    .text.osSemaphoreAcquire  RTX_CM0.lib(rtx_semaphore.o)
    0x00001270   0x00001270   0x00000024   Code   RO          735    .text.osSemaphoreNew  RTX_CM0.lib(rtx_semaphore.o)
    0x00001294   0x00001294   0x0000004c   Code   RO          741    .text.osSemaphoreRelease  RTX_CM0.lib(rtx_semaphore.o)
    0x000012e0   0x000012e0   0x0000000c   Code   RO          606    .text.osThreadExit  RTX_CM0.lib(rtx_thread.o)
    0x000012ec   0x000012ec   0x00000024   Code   RO          578    .text.osThreadNew   RTX_CM0.lib(rtx_thread.o)
    0x00001310   0x00001310   0x00000012   Code   RO          681    .text.svcRtxDelay   RTX_CM0.lib(rtx_delay.o)
    0x00001322   0x00001322   0x00000032   Code   RO          702    .text.svcRtxEventFlagsClear  RTX_CM0.lib(rtx_evflags.o)
    0x00001354   0x00001354   0x00000074   Code   RO          712    .text.svcRtxEventFlagsNew  RTX_CM0.lib(rtx_evflags.o)
    0x000013c8   0x000013c8   0x0000007c   Code   RO          720    .text.svcRtxEventFlagsSet  RTX_CM0.lib(rtx_evflags.o)
    0x00001444   0x00001444   0x00000064   Code   RO          722    .text.svcRtxEventFlagsWait  RTX_CM0.lib(rtx_evflags.o)
    0x000014a8   0x000014a8   0x00000148   Code   RO          519    .text.svcRtxKernelInitialize  RTX_CM0.lib(rtx_kernel.o)
    0x000015f0   0x000015f0   0x00000084   Code   RO          521    .text.svcRtxKernelStart  RTX_CM0.lib(rtx_kernel.o)
    0x00001674   0x00001674   0x000000e8   Code   RO          816    .text.svcRtxMessageQueueGet  RTX_CM0.lib(rtx_msgqueue.o)
    0x0000175c   0x0000175c   0x000001e4   Code   RO          802    .text.svcRtxMessageQueueNew  RTX_CM0.lib(rtx_msgqueue.o)
    0x00001940   0x00001940   0x000000bc   Code   RO          812    .text.svcRtxMessageQueuePut  RTX_CM0.lib(rtx_msgqueue.o)
    0x000019fc   0x000019fc   0x0000004c   Code   RO          757    .text.svcRtxSemaphoreAcquire  RTX_CM0.lib(rtx_semaphore.o)
    0x00001a48   0x00001a48   0x00000088   Code   RO          749    .text.svcRtxSemaphoreNew  RTX_CM0.lib(rtx_semaphore.o)
    0x00001ad0   0x00001ad0   0x00000038   Code   RO          761    .text.svcRtxSemaphoreRelease  RTX_CM0.lib(rtx_semaphore.o)
    0x00001b08   0x00001b08   0x0000006c   Code   RO          652    .text.svcRtxThreadExit  RTX_CM0.lib(rtx_thread.o)
    0x00001b74   0x00001b74   0x000001ec   Code   RO          576    .text.svcRtxThreadNew  RTX_CM0.lib(rtx_thread.o)
    0x00001d60   0x00001d60   0x00000190   Code   RO          448    i.SystemCoreClockUpdate  system_mkl25z4.o
    0x00001ef0   0x00001ef0   0x00000138   Code   RO          449    i.SystemInit        system_mkl25z4.o
    0x00002028   0x00002028   0x00000060   Code   RO            3    i.TPM2_IRQHandler   main.o
    0x00002088   0x00002088   0x00000038   Code   RO            4    i.UART2_IRQHandler  main.o
    0x000020c0   0x000020c0   0x0000002e   Code   RO         1060    i.__ARM_clz         mf_p.l(depilogue.o)
    0x000020ee   0x000020ee   0x0000001c   Code   RO          427    i.__ARM_common_switch8  rtx_config.o
    0x0000210a   0x0000210a   0x00000002   PAD
    0x0000210c   0x0000210c   0x00000018   Code   RO            5    i.__NVIC_ClearPendingIRQ  main.o
    0x00002124   0x00002124   0x00000018   Code   RO          237    i.__NVIC_ClearPendingIRQ  init.o
    0x0000213c   0x0000213c   0x00000020   Code   RO          238    i.__NVIC_EnableIRQ  init.o
    0x0000215c   0x0000215c   0x00000078   Code   RO          239    i.__NVIC_SetPriority  init.o
    0x000021d4   0x000021d4   0x0000000e   Code   RO         1068    i.__scatterload_copy  mc_p.l(handlers.o)
    0x000021e2   0x000021e2   0x00000002   Code   RO         1069    i.__scatterload_null  mc_p.l(handlers.o)
    0x000021e4   0x000021e4   0x0000000e   Code   RO         1070    i.__scatterload_zeroinit  mc_p.l(handlers.o)
    0x000021f2   0x000021f2   0x00000002   PAD
    0x000021f4   0x000021f4   0x00000010   Code   RO          311    i.allGreenLightUp   led.o
    0x00002204   0x00002204   0x0000000c   Code   RO          312    i.allRedLightUp     led.o
    0x00002210   0x00002210   0x00000050   Code   RO            6    i.buzz              main.o
    0x00002260   0x00002260   0x00000014   Code   RO            7    i.delay             main.o
    0x00002274   0x00002274   0x0000001a   Code   RO          313    i.flashGreenLEDs    led.o
    0x0000228e   0x0000228e   0x0000001a   Code   RO          314    i.flashRedLEDs      led.o
    0x000022a8   0x000022a8   0x00000014   Code   RO            8    i.forward           main.o
    0x000022bc   0x000022bc   0x0000008c   Code   RO          240    i.initAudio         init.o
    0x00002348   0x00002348   0x00000028   Code   RO          241    i.initClockGate     init.o
    0x00002370   0x00002370   0x00000118   Code   RO          242    i.initLED           init.o
    0x00002488   0x00002488   0x0000012c   Code   RO          243    i.initMotor         init.o
    0x000025b4   0x000025b4   0x000000a4   Code   RO          245    i.initUART2         init.o
    0x00002658   0x00002658   0x000000f0   Code   RO          246    i.initUltrasonic    init.o
    0x00002748   0x00002748   0x00000014   Code   RO            9    i.left              main.o
    0x0000275c   0x0000275c   0x00000018   Code   RO           10    i.leftforward       main.o
    0x00002774   0x00002774   0x00000018   Code   RO           11    i.leftreverse       main.o
    0x0000278c   0x0000278c   0x00000110   Code   RO           12    i.main              main.o
    0x0000289c   0x0000289c   0x00000010   Code   RO          315    i.offGreenLEDs      led.o
    0x000028ac   0x000028ac   0x00000010   Code   RO          316    i.offRedLEDs        led.o
    0x000028bc   0x000028bc   0x00000020   Code   RO          406    i.osRtxErrorNotify  rtx_config.o
    0x000028dc   0x000028dc   0x00000004   Code   RO          407    i.osRtxIdleThread   rtx_config.o
    0x000028e0   0x000028e0   0x00000014   Code   RO           13    i.reverse           main.o
    0x000028f4   0x000028f4   0x00000014   Code   RO           14    i.right             main.o
    0x00002908   0x00002908   0x00000018   Code   RO           15    i.rightforward      main.o
    0x00002920   0x00002920   0x00000018   Code   RO           16    i.rightreverse      main.o
    0x00002938   0x00002938   0x00000070   Code   RO           17    i.sing              main.o
    0x000029a8   0x000029a8   0x00000014   Code   RO           18    i.stopMotors        main.o
    0x000029bc   0x000029bc   0x00000048   Code   RO           19    i.tAuto_driving     main.o
    0x00002a04   0x00002a04   0x000000f0   Code   RO           20    i.tBrain            main.o
    0x00002af4   0x00002af4   0x00000054   Code   RO           21    i.tLed_green        main.o
    0x00002b48   0x00002b48   0x00000044   Code   RO           22    i.tLed_red          main.o
    0x00002b8c   0x00002b8c   0x000000c4   Code   RO           23    i.tMotor            main.o
    0x00002c50   0x00002c50   0x00000038   Code   RO           24    i.tSound_ending     main.o
    0x00002c88   0x00002c88   0x00000038   Code   RO           25    i.tSound_opening    main.o
    0x00002cc0   0x00002cc0   0x00000030   Code   RO           26    i.tSound_running    main.o
    0x00002cf0   0x00002cf0   0x0000002c   Code   RO          317    i.toggleGreenLED    led.o
    0x00002d1c   0x00002d1c   0x00000040   Code   RO           27    i.ultrasonic_rx_thread  main.o
    0x00002d5c   0x00002d5c   0x00000038   Code   RO           28    i.ultrasonic_tx_thread  main.o
    0x00002d94   0x00002d94   0x00000020   Data   RO          318    .constdata          led.o
    0x00002db4   0x00002db4   0x00000064   Data   RO          376    .constdata          rtx_lib.o
    0x00002e18   0x00002e18   0x000000a0   Data   RO          378    .rodata             rtx_lib.o
    0x00002eb8   0x00002eb8   0x0000000b   Data   RO          533    .rodata.str1.4      RTX_CM0.lib(rtx_kernel.o)
    0x00002ec3   0x00002ec3   0x00000001   PAD
    0x00002ec4   0x00002ec4   0x00000020   Data   RO         1066    Region$$Table       anon$$obj.o


    Execution Region ER_RW (Exec base: 0x1ffff000, Load base: 0x00002ee4, Size: 0x00001ff8, Max: 0xffffffff, ABSOLUTE, COMPRESSED[0x00000304])

    Exec Addr    Load Addr    Size         Type   Attr      Idx    E Section Name        Object

    0x1ffff000   COMPRESSED   0x00001040   Data   RW          371    .bss.os             rtx_lib.o
    0x20000040   COMPRESSED   0x00000034   Data   RW          372    .bss.os.msgqueue.cb  rtx_lib.o
    0x20000074   COMPRESSED   0x00000050   Data   RW          373    .bss.os.msgqueue.mem  rtx_lib.o
    0x200000c4   COMPRESSED   0x00000088   Data   RW          374    .bss.os.thread.cb   rtx_lib.o
    0x2000014c   COMPRESSED   0x00000004   PAD
    0x20000150   COMPRESSED   0x00000200   Data   RW          375    .bss.os.thread.stack  rtx_lib.o
    0x20000350   COMPRESSED   0x00000bfd   Data   RW           29    .data               main.o
    0x20000f4d   COMPRESSED   0x00000003   PAD
    0x20000f50   COMPRESSED   0x00000004   Data   RW          450    .data               system_mkl25z4.o
    0x20000f54   COMPRESSED   0x000000a4   Data   RW          534    .data.os            RTX_CM0.lib(rtx_kernel.o)


    Execution Region ER_ZI (Exec base: 0x20000ff8, Load base: 0x000031e8, Size: 0x00000108, Max: 0xffffffff, ABSOLUTE)

    Exec Addr    Load Addr    Size         Type   Attr      Idx    E Section Name        Object

    0x20000ff8        -       0x00000001   Zero   RW         1013    .bss.PendST         RTX_CM0.lib(os_systick.o)
    0x20000ff9   0x000031e8   0x00000007   PAD
    0x20001000        -       0x00000100   Zero   RW          436    STACK               startup_mkl25z4.o


==============================================================================

Image component sizes


      Code (inc. data)   RO Data    RW Data    ZI Data      Debug   Object Name

      1340        114          0          0          0      11915   init.o
       156         36         32          0          0       2827   led.o
      1796        334          0       3069          0     244635   main.o
        64          8          0          0          0       1009   rtx_config.o
         0          0        260       4940          0       9130   rtx_lib.o
        56         30        192          0        256        832   startup_mkl25z4.o
       712         84          0          4          0       1595   system_mkl25z4.o

    ----------------------------------------------------------------------
      4126        606        516       8020        256     271943   Object Totals
         0          0         32          0          0          0   (incl. Generated)
         2          0          0          7          0          0   (incl. Padding)

    ----------------------------------------------------------------------

      Code (inc. data)   RO Data    RW Data    ZI Data      Debug   Library Member Name

       164          8          0          0          0        496   irq_cm0.o
       138         32          0          0          1       2766   os_systick.o
        58          4          0          0          0       2753   rtx_delay.o
       740         28          0          0          0      12348   rtx_evflags.o
       538         36         11        164          0      16105   rtx_kernel.o
       252          0          0          0          0       2564   rtx_memory.o
       166          0          0          0          0      14282   rtx_mempool.o
      1568         44          0          0          0      17889   rtx_msgqueue.o
        68          0          0          0          0       9201   rtx_mutex.o
       558         28          0          0          0      10054   rtx_semaphore.o
       352         26          0          0          0       4635   rtx_system.o
      1576         96          0          0          0      30867   rtx_thread.o
       232         20          0          0          0      10018   rtx_timer.o
        86          0          0          0          0          0   __dczerorl2.o
         0          0          0          0          0          0   entry.o
         0          0          0          0          0          0   entry10a.o
         0          0          0          0          0          0   entry11a.o
         8          4          0          0          0          0   entry2.o
         4          0          0          0          0          0   entry5.o
         0          0          0          0          0          0   entry7b.o
         0          0          0          0          0          0   entry8b.o
         8          4          0          0          0          0   entry9a.o
        30          0          0          0          0          0   handlers.o
        40          0          0          0          0         72   idiv.o
        36          8          0          0          0         68   init.o
         0          0          0          0          0          0   iusefp.o
        32          0          0          0          0         68   llshl.o
        34          0          0          0          0         68   llushr.o
        36          0          0          0          0         60   memcpya.o
        36          0          0          0          0        100   memseta.o
        44          0          0          0          0         72   uidiv.o
       236          0          0          0          0        216   depilogue.o
        60         10          0          0          0         68   dfixui.o
        28          4          0          0          0         68   dfltui.o
       208          6          0          0          0         88   dmul.o

    ----------------------------------------------------------------------
      7350        358         12        164          8     134926   Library Totals
        14          0          1          0          7          0   (incl. Padding)

    ----------------------------------------------------------------------

      Code (inc. data)   RO Data    RW Data    ZI Data      Debug   Library Name

      6410        322         11        164          1     133978   RTX_CM0.lib
       394         16          0          0          0        508   mc_p.l
       532         20          0          0          0        440   mf_p.l

    ----------------------------------------------------------------------
      7350        358         12        164          8     134926   Library Totals

    ----------------------------------------------------------------------

==============================================================================


      Code (inc. data)   RO Data    RW Data    ZI Data      Debug   

     11476        964        528       8184        264     404401   Grand Totals
     11476        964        528        772        264     404401   ELF Image Totals (compressed)
     11476        964        528        772          0          0   ROM Totals

==============================================================================

    Total RO  Size (Code + RO Data)                12004 (  11.72kB)
    Total RW  Size (RW Data + ZI Data)              8448 (   8.25kB)
    Total ROM Size (Code + RO Data + RW Data)      12776 (  12.48kB)

==============================================================================

