Component: ARM Compiler 5.06 update 6 (build 750) Tool: armlink [4d35ed]

==============================================================================

Section Cross References

    main.o(i.UART2_IRQHandler) refers to main.o(.data) for rxData
    main.o(i.buzz) refers to aeabi_sdiv.o(.text) for __aeabi_idivmod
    main.o(i.buzz) refers to dflti.o(.text) for __aeabi_ui2d
    main.o(i.buzz) refers to dmul.o(.text) for __aeabi_dmul
    main.o(i.buzz) refers to dfixui.o(.text) for __aeabi_d2uiz
    main.o(i.buzz) refers to rtx_delay.o(.text.osDelay) for osDelay
    main.o(i.main) refers to system_mkl25z4.o(i.SystemCoreClockUpdate) for SystemCoreClockUpdate
    main.o(i.main) refers to init.o(i.initClockGate) for initClockGate
    main.o(i.main) refers to init.o(i.initUART2) for initUART2
    main.o(i.main) refers to init.o(i.initMotor) for initMotor
    main.o(i.main) refers to init.o(i.initAudio) for initAudio
    main.o(i.main) refers to init.o(i.initLED) for initLED
    main.o(i.main) refers to init.o(i.initUltrasonic) for initUltrasonic
    main.o(i.main) refers to led.o(i.offGreenLEDs) for offGreenLEDs
    main.o(i.main) refers to led.o(i.offRedLEDs) for offRedLEDs
    main.o(i.main) refers to main.o(i.stopMotors) for stopMotors
    main.o(i.main) refers to rtx_kernel.o(.text.osKernelInitialize) for osKernelInitialize
    main.o(i.main) refers to rtx_evflags.o(.text.osEventFlagsNew) for osEventFlagsNew
    main.o(i.main) refers to rtx_thread.o(.text.osThreadNew) for osThreadNew
    main.o(i.main) refers to rtx_kernel.o(.text.osKernelStart) for osKernelStart
    main.o(i.main) refers to main.o(.data) for motorFlag
    main.o(i.main) refers to main.o(i.tBrain) for tBrain
    main.o(i.main) refers to main.o(i.tMotor) for tMotor
    main.o(i.main) refers to main.o(i.tAuto_driving) for tAuto_driving
    main.o(i.main) refers to main.o(i.tSound_ending) for tSound_ending
    main.o(i.main) refers to main.o(i.tSound_opening) for tSound_opening
    main.o(i.main) refers to main.o(i.tSound_running) for tSound_running
    main.o(i.main) refers to main.o(i.tLed_green) for tLed_green
    main.o(i.main) refers to main.o(i.tLed_red) for tLed_red
    main.o(i.sing) refers to rtx_evflags.o(.text.osEventFlagsWait) for osEventFlagsWait
    main.o(i.sing) refers to aeabi_sdiv.o(.text) for __aeabi_idivmod
    main.o(i.sing) refers to main.o(i.buzz) for buzz
    main.o(i.sing) refers to dflti.o(.text) for __aeabi_ui2d
    main.o(i.sing) refers to dmul.o(.text) for __aeabi_dmul
    main.o(i.sing) refers to dfixui.o(.text) for __aeabi_d2uiz
    main.o(i.sing) refers to rtx_delay.o(.text.osDelay) for osDelay
    main.o(i.sing) refers to main.o(.data) for audioFlag
    main.o(i.tAuto_driving) refers to rtx_evflags.o(.text.osEventFlagsWait) for osEventFlagsWait
    main.o(i.tAuto_driving) refers to main.o(i.forward) for forward
    main.o(i.tAuto_driving) refers to rtx_delay.o(.text.osDelay) for osDelay
    main.o(i.tAuto_driving) refers to main.o(i.left) for left
    main.o(i.tAuto_driving) refers to main.o(i.stopMotors) for stopMotors
    main.o(i.tAuto_driving) refers to rtx_evflags.o(.text.osEventFlagsClear) for osEventFlagsClear
    main.o(i.tAuto_driving) refers to main.o(.data) for motorFlag
    main.o(i.tBrain) refers to rtx_evflags.o(.text.osEventFlagsClear) for osEventFlagsClear
    main.o(i.tBrain) refers to rtx_evflags.o(.text.osEventFlagsSet) for osEventFlagsSet
    main.o(i.tBrain) refers to led.o(i.flashGreenLEDs) for flashGreenLEDs
    main.o(i.tBrain) refers to main.o(i.stopMotors) for stopMotors
    main.o(i.tBrain) refers to main.o(.data) for rxData
    main.o(i.tLed_green) refers to rtx_evflags.o(.text.osEventFlagsWait) for osEventFlagsWait
    main.o(i.tLed_green) refers to led.o(i.allGreenLightUp) for allGreenLightUp
    main.o(i.tLed_green) refers to led.o(i.toggleGreenLED) for toggleGreenLED
    main.o(i.tLed_green) refers to rtx_delay.o(.text.osDelay) for osDelay
    main.o(i.tLed_green) refers to main.o(.data) for ledFlag
    main.o(i.tLed_red) refers to rtx_evflags.o(.text.osEventFlagsWait) for osEventFlagsWait
    main.o(i.tLed_red) refers to led.o(i.flashRedLEDs) for flashRedLEDs
    main.o(i.tLed_red) refers to main.o(.data) for ledFlag
    main.o(i.tMotor) refers to rtx_evflags.o(.text.osEventFlagsWait) for osEventFlagsWait
    main.o(i.tMotor) refers to main.o(i.forward) for forward
    main.o(i.tMotor) refers to main.o(i.reverse) for reverse
    main.o(i.tMotor) refers to main.o(i.left) for left
    main.o(i.tMotor) refers to main.o(i.right) for right
    main.o(i.tMotor) refers to main.o(i.rightforward) for rightforward
    main.o(i.tMotor) refers to main.o(i.rightreverse) for rightreverse
    main.o(i.tMotor) refers to main.o(i.leftforward) for leftforward
    main.o(i.tMotor) refers to main.o(i.leftreverse) for leftreverse
    main.o(i.tMotor) refers to main.o(i.stopMotors) for stopMotors
    main.o(i.tMotor) refers to main.o(.data) for motorFlag
[...]
    .ARM.Collect$$libshutdown$$0000000A      0x00000126   Section        0  libshutdown2.o(.ARM.Collect$$libshutdown$$0000000A)
    .ARM.Collect$$libshutdown$$0000000C      0x00000126   Section        0  libshutdown2.o(.ARM.Collect$$libshutdown$$0000000C)
    .ARM.Collect$$libshutdown$$0000000F      0x00000126   Section        0  libshutdown2.o(.ARM.Collect$$libshutdown$$0000000F)
    .ARM.Collect$$libshutdown$$00000010      0x00000126   Section        2  libshutdown2.o(.ARM.Collect$$libshutdown$$00000010)
    .ARM.Collect$$rtentry$$00000000          0x00000128   Section        0  __rtentry.o(.ARM.Collect$$rtentry$$00000000)
    .ARM.Collect$$rtentry$$00000002          0x00000128   Section        0  __rtentry2.o(.ARM.Collect$$rtentry$$00000002)
    .ARM.Collect$$rtentry$$00000004          0x00000128   Section        6  __rtentry4.o(.ARM.Collect$$rtentry$$00000004)
    .ARM.Collect$$rtentry$$00000008          0x0000012e   Section        8  __rtentry2.o(.ARM.Collect$$rtentry$$00000008)
    .ARM.Collect$$rtentry$$0000000A          0x00000136   Section        4  __rtentry2.o(.ARM.Collect$$rtentry$$0000000A)
    .ARM.Collect$$rtentry$$0000000C          0x0000013a   Section        0  __rtentry2.o(.ARM.Collect$$rtentry$$0000000C)
    .ARM.Collect$$rtentry$$0000000D          0x0000013a   Section        8  __rtentry2.o(.ARM.Collect$$rtentry$$0000000D)
    .ARM.Collect$$rtexit$$00000000           0x00000142   Section        2  rtexit.o(.ARM.Collect$$rtexit$$00000000)
    .ARM.Collect$$rtexit$$00000002           0x00000144   Section        0  rtexit2.o(.ARM.Collect$$rtexit$$00000002)
    .ARM.Collect$$rtexit$$00000003           0x00000144   Section        4  rtexit2.o(.ARM.Collect$$rtexit$$00000003)
    .ARM.Collect$$rtexit$$00000004           0x00000148   Section        6  rtexit2.o(.ARM.Collect$$rtexit$$00000004)
    .emb_text                                0x00000150   Section       56  rt_memcpy.o(.emb_text)
    .text                                    0x00000188   Section       64  startup_mkl25z4.o(.text)
    .text                                    0x000001c8   Section      164  irq_cm0.o(.text)
    .text                                    0x0000026c   Section        0  rt_memcpy.o(.text)
    .text                                    0x000002ee   Section        0  rt_memclr.o(.text)
    .text                                    0x0000032e   Section        0  heapauxi.o(.text)
    .text                                    0x00000334   Section        0  dfixui.o(.text)
    .text                                    0x0000037c   Section        0  dflti.o(.text)
    .text                                    0x000003d4   Section        0  exit.o(.text)
    .text                                    0x000003e4   Section        8  libspace.o(.text)
    .text                                    0x000003ec   Section        0  sys_exit.o(.text)
    .text                                    0x000003f8   Section        2  use_no_semi.o(.text)
    [Anonymous Symbol]                       0x000003fa   Section        0  os_systick.o(.text.OS_Tick_GetIRQn)
    .text                                    0x000003fa   Section        0  indicate_semi.o(.text)
    .ARM.__at_0x400                          0x00000400   Section       16  startup_mkl25z4.o(.ARM.__at_0x400)
    .text                                    0x00000410   Section      346  aeabi_sdiv.o(.text)
    .text                                    0x0000056c   Section        0  dmul.o(.text)
    .text                                    0x000007b4   Section       62  sys_stackheap_outer.o(.text)
    .text                                    0x000007f2   Section        0  __dczerorl2.o(.text)
    [Anonymous Symbol]                       0x00000848   Section        0  rtx_evflags.o(.text.EventFlagsCheck)
    EventFlagsCheck                          0x00000849   Thumb Code    78  rtx_evflags.o(.text.EventFlagsCheck)
    [Anonymous Symbol]                       0x00000896   Section        0  rtx_msgqueue.o(.text.MessageQueueGet)
    MessageQueueGet                          0x00000897   Thumb Code    76  rtx_msgqueue.o(.text.MessageQueueGet)
    [Anonymous Symbol]                       0x000008e2   Section        0  rtx_msgqueue.o(.text.MessageQueuePut)
    MessageQueuePut                          0x000008e3   Thumb Code    98  rtx_msgqueue.o(.text.MessageQueuePut)
    [Anonymous Symbol]                       0x00000944   Section        0  rtx_msgqueue.o(.text.MessageQueueRemove)
    MessageQueueRemove                       0x00000945   Thumb Code    30  rtx_msgqueue.o(.text.MessageQueueRemove)
    [Anonymous Symbol]                       0x00000964   Section        0  os_systick.o(.text.OS_Tick_AcknowledgeIRQ)
    __arm_cp.3_0                             0x0000096c   Number         4  os_systick.o(.text.OS_Tick_AcknowledgeIRQ)
    [Anonymous Symbol]                       0x00000970   Section        0  os_systick.o(.text.OS_Tick_Enable)
    __arm_cp.1_0                             0x00000990   Number         4  os_systick.o(.text.OS_Tick_Enable)
    __arm_cp.1_1                             0x00000994   Number         4  os_systick.o(.text.OS_Tick_Enable)
    __arm_cp.1_2                             0x00000998   Number         4  os_systick.o(.text.OS_Tick_Enable)
    [Anonymous Symbol]                       0x0000099c   Section        0  os_systick.o(.text.OS_Tick_Setup)
    __arm_cp.0_0                             0x000009d8   Number         4  os_systick.o(.text.OS_Tick_Setup)
    __arm_cp.0_1                             0x000009dc   Number         4  os_systick.o(.text.OS_Tick_Setup)
    __arm_cp.0_2                             0x000009e0   Number         4  os_systick.o(.text.OS_Tick_Setup)
    __arm_cp.0_3                             0x000009e4   Number         4  os_systick.o(.text.OS_Tick_Setup)
    [Anonymous Symbol]                       0x000009e8   Section        0  rtx_thread.o(.text.ThreadFlagsCheck)
    ThreadFlagsCheck                         0x000009e9   Thumb Code    78  rtx_thread.o(.text.ThreadFlagsCheck)
    [Anonymous Symbol]                       0x00000a38   Section        0  rtx_timer.o(.text.TimerInsert)
    TimerInsert                              0x00000a39   Thumb Code    76  rtx_timer.o(.text.TimerInsert)
    __arm_cp.8_0                             0x00000a80   Number         4  rtx_timer.o(.text.TimerInsert)
    [Anonymous Symbol]                       0x00000a84   Section        0  rtx_delay.o(.text.osDelay)
    __arm_cp.0_0                             0x00000aa8   Number         4  rtx_delay.o(.text.osDelay)
    [Anonymous Symbol]                       0x00000aac   Section        0  rtx_evflags.o(.text.osEventFlagsClear)
    __arm_cp.3_0                             0x00000acc   Number         4  rtx_evflags.o(.text.osEventFlagsClear)
    [Anonymous Symbol]                       0x00000ad0   Section        0  rtx_evflags.o(.text.osEventFlagsNew)
    __arm_cp.0_0                             0x00000af0   Number         4  rtx_evflags.o(.text.osEventFlagsNew)
    [Anonymous Symbol]                       0x00000af4   Section        0  rtx_evflags.o(.text.osEventFlagsSet)
    __arm_cp.2_0                             0x00000b40   Number         4  rtx_evflags.o(.text.osEventFlagsSet)
    [Anonymous Symbol]                       0x00000b44   Section        0  rtx_evflags.o(.text.osEventFlagsWait)
    __arm_cp.7_0                             0x00000b84   Number         4  rtx_evflags.o(.text.osEventFlagsWait)
    [Anonymous Symbol]                       0x00000b88   Section        0  rtx_kernel.o(.text.osKernelGetState)
    __arm_cp.4_0                             0x00000bb0   Number         4  rtx_kernel.o(.text.osKernelGetState)
    __arm_cp.4_1                             0x00000bb4   Number         4  rtx_kernel.o(.text.osKernelGetState)
    [Anonymous Symbol]                       0x00000bb8   Section        0  rtx_kernel.o(.text.osKernelInitialize)
    __arm_cp.1_0                             0x00000bdc   Number         4  rtx_kernel.o(.text.osKernelInitialize)
    [Anonymous Symbol]                       0x00000be0   Section        0  rtx_kernel.o(.text.osKernelStart)
    __arm_cp.6_0                             0x00000c00   Number         4  rtx_kernel.o(.text.osKernelStart)
    [Anonymous Symbol]                       0x00000c04   Section        0  rtx_msgqueue.o(.text.osMessageQueueGet)
    __arm_cp.3_0                             0x00000c74   Number         4  rtx_msgqueue.o(.text.osMessageQueueGet)
    [Anonymous Symbol]                       0x00000c78   Section        0  rtx_msgqueue.o(.text.osMessageQueueNew)
    __arm_cp.0_0                             0x00000c98   Number         4  rtx_msgqueue.o(.text.osMessageQueueNew)
    [Anonymous Symbol]                       0x00000c9c   Section        0  rtx_msgqueue.o(.text.osMessageQueuePut)
    __arm_cp.2_0                             0x00000d10   Number         4  rtx_msgqueue.o(.text.osMessageQueuePut)
    [Anonymous Symbol]                       0x00000d14   Section        0  rtx_mutex.o(.text.osMutexAcquire)
    __arm_cp.3_0                             0x00000d38   Number         4  rtx_mutex.o(.text.osMutexAcquire)
    [Anonymous Symbol]                       0x00000d3c   Section        0  rtx_mutex.o(.text.osMutexDelete)
    __arm_cp.6_0                             0x00000d60   Number         4  rtx_mutex.o(.text.osMutexDelete)
    [Anonymous Symbol]                       0x00000d64   Section        0  rtx_mutex.o(.text.osMutexNew)
    __arm_cp.1_0                             0x00000d84   Number         4  rtx_mutex.o(.text.osMutexNew)
    [Anonymous Symbol]                       0x00000d88   Section        0  rtx_mutex.o(.text.osMutexRelease)
    __arm_cp.4_0                             0x00000dac   Number         4  rtx_mutex.o(.text.osMutexRelease)
    [Anonymous Symbol]                       0x00000db0   Section        0  rtx_evflags.o(.text.osRtxEventFlagsPostProcess)
    osRtxEventFlagsPostProcess               0x00000db1   Thumb Code    52  rtx_evflags.o(.text.osRtxEventFlagsPostProcess)
    [Anonymous Symbol]                       0x00000de4   Section        0  rtx_kernel.o(.text.osRtxKernelPreInit)
    [Anonymous Symbol]                       0x00000de6   Section        0  rtx_memory.o(.text.osRtxMemoryAlloc)
    [Anonymous Symbol]                       0x00000e62   Section        0  rtx_memory.o(.text.osRtxMemoryFree)
    [Anonymous Symbol]                       0x00000eb0   Section        0  rtx_memory.o(.text.osRtxMemoryInit)
    [Anonymous Symbol]                       0x00000ee2   Section        0  rtx_mempool.o(.text.osRtxMemoryPoolAlloc)
    [Anonymous Symbol]                       0x00000f10   Section        0  rtx_mempool.o(.text.osRtxMemoryPoolFree)
    [Anonymous Symbol]                       0x00000f4a   Section        0  rtx_mempool.o(.text.osRtxMemoryPoolInit)
    [Anonymous Symbol]                       0x00000f88   Section        0  rtx_msgqueue.o(.text.osRtxMessageQueuePostProcess)
    osRtxMessageQueuePostProcess             0x00000f89   Thumb Code   188  rtx_msgqueue.o(.text.osRtxMessageQueuePostProcess)
    [Anonymous Symbol]                       0x00001044   Section        0  rtx_mutex.o(.text.osRtxMutexOwnerRelease)
    [Anonymous Symbol]                       0x00001088   Section        0  rtx_system.o(.text.osRtxPendSV_Handler)
    __arm_cp.1_0                             0x00001104   Number         4  rtx_system.o(.text.osRtxPendSV_Handler)
    [Anonymous Symbol]                       0x00001108   Section        0  rtx_system.o(.text.osRtxPostProcess)
    __arm_cp.2_0                             0x0000116c   Number         4  rtx_system.o(.text.osRtxPostProcess)
    __arm_cp.2_1                             0x00001170   Number         4  rtx_system.o(.text.osRtxPostProcess)
    [Anonymous Symbol]                       0x00001174   Section        0  rtx_thread.o(.text.osRtxThreadBlock)
    osRtxThreadBlock                         0x00001175   Thumb Code    56  rtx_thread.o(.text.osRtxThreadBlock)
    __arm_cp.10_0                            0x000011a8   Number         4  rtx_thread.o(.text.osRtxThreadBlock)
    [Anonymous Symbol]                       0x000011ac   Section        0  rtx_thread.o(.text.osRtxThreadDelayInsert)
    osRtxThreadDelayInsert                   0x000011ad   Thumb Code   128  rtx_thread.o(.text.osRtxThreadDelayInsert)
    __arm_cp.14_0                            0x00001228   Number         4  rtx_thread.o(.text.osRtxThreadDelayInsert)
    [Anonymous Symbol]                       0x0000122c   Section        0  rtx_thread.o(.text.osRtxThreadDelayRemove)
    osRtxThreadDelayRemove                   0x0000122d   Thumb Code    68  rtx_thread.o(.text.osRtxThreadDelayRemove)
    __arm_cp.12_0                            0x0000126c   Number         4  rtx_thread.o(.text.osRtxThreadDelayRemove)
    [Anonymous Symbol]                       0x00001270   Section        0  rtx_thread.o(.text.osRtxThreadDelayTick)
    __arm_cp.5_0                             0x000012a4   Number         4  rtx_thread.o(.text.osRtxThreadDelayTick)
    [Anonymous Symbol]                       0x000012a8   Section        0  rtx_thread.o(.text.osRtxThreadDispatch)
    __arm_cp.9_0                             0x000012f4   Number         4  rtx_thread.o(.text.osRtxThreadDispatch)
    [Anonymous Symbol]                       0x000012f8   Section        0  rtx_thread.o(.text.osRtxThreadFree)
    osRtxThreadFree                          0x000012f9   Thumb Code    84  rtx_thread.o(.text.osRtxThreadFree)
    __arm_cp.52_0                            0x00001348   Number         4  rtx_thread.o(.text.osRtxThreadFree)
    [Anonymous Symbol]                       0x0000134c   Section        0  rtx_thread.o(.text.osRtxThreadListGet)
    [Anonymous Symbol]                       0x00001360   Section        0  rtx_thread.o(.text.osRtxThreadListPut)
    [Anonymous Symbol]                       0x0000138c   Section        0  rtx_thread.o(.text.osRtxThreadListRemove)
    [Anonymous Symbol]                       0x000013a4   Section        0  rtx_thread.o(.text.osRtxThreadListSort)
    [Anonymous Symbol]                       0x000013ca   Section        0  rtx_thread.o(.text.osRtxThreadPostProcess)
    osRtxThreadPostProcess                   0x000013cb   Thumb Code    38  rtx_thread.o(.text.osRtxThreadPostProcess)
    [Anonymous Symbol]                       0x000013f0   Section        0  rtx_thread.o(.text.osRtxThreadReadyPut)
    __arm_cp.4_0                             0x00001404   Number         4  rtx_thread.o(.text.osRtxThreadReadyPut)
    [Anonymous Symbol]                       0x00001408   Section        0  rtx_thread.o(.text.osRtxThreadRegPtr)
    [Anonymous Symbol]                       0x00001410   Section        0  rtx_thread.o(.text.osRtxThreadStackCheck)
    __arm_cp.8_0                             0x00001434   Number         4  rtx_thread.o(.text.osRtxThreadStackCheck)
    __arm_cp.8_1                             0x00001438   Number         4  rtx_thread.o(.text.osRtxThreadStackCheck)
    [Anonymous Symbol]                       0x0000143c   Section        0  rtx_thread.o(.text.osRtxThreadStartup)
    __arm_cp.15_0                            0x0000146c   Number         4  rtx_thread.o(.text.osRtxThreadStartup)
    __arm_cp.15_1                            0x00001470   Number         4  rtx_thread.o(.text.osRtxThreadStartup)
    __arm_cp.15_2                            0x00001474   Number         4  rtx_thread.o(.text.osRtxThreadStartup)
    __arm_cp.15_3                            0x00001478   Number         4  rtx_thread.o(.text.osRtxThreadStartup)
    [Anonymous Symbol]                       0x0000147c   Section        0  rtx_thread.o(.text.osRtxThreadSwitch)
    __arm_cp.7_0                             0x0000148c   Number         4  rtx_thread.o(.text.osRtxThreadSwitch)
    [Anonymous Symbol]                       0x00001490   Section        0  rtx_thread.o(.text.osRtxThreadWaitEnter)
    __arm_cp.13_0                            0x000014c8   Number         4  rtx_thread.o(.text.osRtxThreadWaitEnter)
    [Anonymous Symbol]                       0x000014cc   Section        0  rtx_thread.o(.text.osRtxThreadWaitExit)
    [Anonymous Symbol]                       0x000014f0   Section        0  rtx_system.o(.text.osRtxTick_Handler)
    __arm_cp.0_0                             0x00001560   Number         4  rtx_system.o(.text.osRtxTick_Handler)
    [Anonymous Symbol]                       0x00001564   Section        0  rtx_timer.o(.text.osRtxTimerThread)
    __arm_cp.0_0                             0x00001594   Number         4  rtx_timer.o(.text.osRtxTimerThread)
    __arm_cp.0_1                             0x00001598   Number         4  rtx_timer.o(.text.osRtxTimerThread)
    __arm_cp.0_2                             0x0000159c   Number         4  rtx_timer.o(.text.osRtxTimerThread)
    [Anonymous Symbol]                       0x000015a0   Section        0  rtx_timer.o(.text.osRtxTimerTick)
    osRtxTimerTick                           0x000015a1   Thumb Code    96  rtx_timer.o(.text.osRtxTimerTick)
    __arm_cp.1_0                             0x000015fc   Number         4  rtx_timer.o(.text.osRtxTimerTick)
    [Anonymous Symbol]                       0x00001600   Section        0  rtx_thread.o(.text.osThreadExit)
    __arm_cp.31_0                            0x00001608   Number         4  rtx_thread.o(.text.osThreadExit)
    [Anonymous Symbol]                       0x0000160c   Section        0  rtx_thread.o(.text.osThreadNew)
    __arm_cp.17_0                            0x0000162c   Number         4  rtx_thread.o(.text.osThreadNew)
    [Anonymous Symbol]                       0x00001630   Section        0  rtx_delay.o(.text.svcRtxDelay)
    svcRtxDelay                              0x00001631   Thumb Code    18  rtx_delay.o(.text.svcRtxDelay)
    [Anonymous Symbol]                       0x00001642   Section        0  rtx_evflags.o(.text.svcRtxEventFlagsClear)
    svcRtxEventFlagsClear                    0x00001643   Thumb Code    50  rtx_evflags.o(.text.svcRtxEventFlagsClear)
    [Anonymous Symbol]                       0x00001674   Section        0  rtx_evflags.o(.text.svcRtxEventFlagsNew)
    svcRtxEventFlagsNew                      0x00001675   Thumb Code   116  rtx_evflags.o(.text.svcRtxEventFlagsNew)
    __arm_cp.9_0                             0x000016e0   Number         4  rtx_evflags.o(.text.svcRtxEventFlagsNew)
    __arm_cp.9_1                             0x000016e4   Number         4  rtx_evflags.o(.text.svcRtxEventFlagsNew)
    [Anonymous Symbol]                       0x000016e8   Section        0  rtx_evflags.o(.text.svcRtxEventFlagsSet)
    svcRtxEventFlagsSet                      0x000016e9   Thumb Code   124  rtx_evflags.o(.text.svcRtxEventFlagsSet)
    [Anonymous Symbol]                       0x00001764   Section        0  rtx_evflags.o(.text.svcRtxEventFlagsWait)
    svcRtxEventFlagsWait                     0x00001765   Thumb Code   100  rtx_evflags.o(.text.svcRtxEventFlagsWait)
    __arm_cp.14_0                            0x000017c4   Number         4  rtx_evflags.o(.text.svcRtxEventFlagsWait)
    [Anonymous Symbol]                       0x000017c8   Section        0  rtx_kernel.o(.text.svcRtxKernelGetState)
    svcRtxKernelGetState                     0x000017c9   Thumb Code    12  rtx_kernel.o(.text.svcRtxKernelGetState)
    __arm_cp.5_0                             0x000017d0   Number         4  rtx_kernel.o(.text.svcRtxKernelGetState)
    [Anonymous Symbol]                       0x000017d4   Section        0  rtx_kernel.o(.text.svcRtxKernelInitialize)
    svcRtxKernelInitialize                   0x000017d5   Thumb Code   328  rtx_kernel.o(.text.svcRtxKernelInitialize)
    __arm_cp.20_0                            0x00001910   Number         4  rtx_kernel.o(.text.svcRtxKernelInitialize)
    __arm_cp.20_1                            0x00001914   Number         4  rtx_kernel.o(.text.svcRtxKernelInitialize)
    __arm_cp.20_2                            0x00001918   Number         4  rtx_kernel.o(.text.svcRtxKernelInitialize)
    [Anonymous Symbol]                       0x0000191c   Section        0  rtx_kernel.o(.text.svcRtxKernelStart)
    svcRtxKernelStart                        0x0000191d   Thumb Code   132  rtx_kernel.o(.text.svcRtxKernelStart)
    __arm_cp.21_0                            0x00001990   Number         4  rtx_kernel.o(.text.svcRtxKernelStart)
    __arm_cp.21_1                            0x00001994   Number         4  rtx_kernel.o(.text.svcRtxKernelStart)
    __arm_cp.21_2                            0x00001998   Number         4  rtx_kernel.o(.text.svcRtxKernelStart)
    __arm_cp.21_3                            0x0000199c   Number         4  rtx_kernel.o(.text.svcRtxKernelStart)
    [Anonymous Symbol]                       0x000019a0   Section        0  rtx_msgqueue.o(.text.svcRtxMessageQueueGet)
    svcRtxMessageQueueGet                    0x000019a1   Thumb Code   232  rtx_msgqueue.o(.text.svcRtxMessageQueueGet)
    __arm_cp.21_0                            0x00001a84   Number         4  rtx_msgqueue.o(.text.svcRtxMessageQueueGet)
    [Anonymous Symbol]                       0x00001a88   Section        0  rtx_msgqueue.o(.text.svcRtxMessageQueueNew)
    svcRtxMessageQueueNew                    0x00001a89   Thumb Code   484  rtx_msgqueue.o(.text.svcRtxMessageQueueNew)
    __arm_cp.14_0                            0x00001c54   Number         4  rtx_msgqueue.o(.text.svcRtxMessageQueueNew)
    __arm_cp.14_1                            0x00001c58   Number         4  rtx_msgqueue.o(.text.svcRtxMessageQueueNew)
    __arm_cp.14_2                            0x00001c5c   Number         4  rtx_msgqueue.o(.text.svcRtxMessageQueueNew)
    __arm_cp.14_3                            0x00001c60   Number         4  rtx_msgqueue.o(.text.svcRtxMessageQueueNew)
    __arm_cp.14_4                            0x00001c64   Number         4  rtx_msgqueue.o(.text.svcRtxMessageQueueNew)
    __arm_cp.14_5                            0x00001c68   Number         4  rtx_msgqueue.o(.text.svcRtxMessageQueueNew)
    [Anonymous Symbol]                       0x00001c6c   Section        0  rtx_msgqueue.o(.text.svcRtxMessageQueuePut)
    svcRtxMessageQueuePut                    0x00001c6d   Thumb Code   188  rtx_msgqueue.o(.text.svcRtxMessageQueuePut)
    __arm_cp.19_0                            0x00001d24   Number         4  rtx_msgqueue.o(.text.svcRtxMessageQueuePut)
    [Anonymous Symbol]                       0x00001d28   Section        0  rtx_mutex.o(.text.svcRtxMutexAcquire)
    svcRtxMutexAcquire                       0x00001d29   Thumb Code   152  rtx_mutex.o(.text.svcRtxMutexAcquire)
    __arm_cp.9_0                             0x00001dbc   Number         4  rtx_mutex.o(.text.svcRtxMutexAcquire)
    [Anonymous Symbol]                       0x00001dc0   Section        0  rtx_mutex.o(.text.svcRtxMutexDelete)
    svcRtxMutexDelete                        0x00001dc1   Thumb Code   188  rtx_mutex.o(.text.svcRtxMutexDelete)
    __arm_cp.12_0                            0x00001e78   Number         4  rtx_mutex.o(.text.svcRtxMutexDelete)
    [Anonymous Symbol]                       0x00001e7c   Section        0  rtx_mutex.o(.text.svcRtxMutexNew)
    svcRtxMutexNew                           0x00001e7d   Thumb Code   112  rtx_mutex.o(.text.svcRtxMutexNew)
    __arm_cp.7_0                             0x00001ee8   Number         4  rtx_mutex.o(.text.svcRtxMutexNew)
    [Anonymous Symbol]                       0x00001eec   Section        0  rtx_mutex.o(.text.svcRtxMutexRelease)
    svcRtxMutexRelease                       0x00001eed   Thumb Code   192  rtx_mutex.o(.text.svcRtxMutexRelease)
    __arm_cp.10_0                            0x00001fa8   Number         4  rtx_mutex.o(.text.svcRtxMutexRelease)
    [Anonymous Symbol]                       0x00001fac   Section        0  rtx_thread.o(.text.svcRtxThreadExit)
    svcRtxThreadExit                         0x00001fad   Thumb Code   108  rtx_thread.o(.text.svcRtxThreadExit)
    __arm_cp.54_0                            0x00002014   Number         4  rtx_thread.o(.text.svcRtxThreadExit)
    [Anonymous Symbol]                       0x00002018   Section        0  rtx_thread.o(.text.svcRtxThreadNew)
    svcRtxThreadNew                          0x00002019   Thumb Code   492  rtx_thread.o(.text.svcRtxThreadNew)
    __arm_cp.16_0                            0x000021ec   Number         4  rtx_thread.o(.text.svcRtxThreadNew)
    __arm_cp.16_1                            0x000021f0   Number         4  rtx_thread.o(.text.svcRtxThreadNew)
    __arm_cp.16_2                            0x000021f4   Number         4  rtx_thread.o(.text.svcRtxThreadNew)
    __arm_cp.16_3                            0x000021f8   Number         4  rtx_thread.o(.text.svcRtxThreadNew)
    __arm_cp.16_4                            0x000021fc   Number         4  rtx_thread.o(.text.svcRtxThreadNew)
    __arm_cp.16_5                            0x00002200   Number         4  rtx_thread.o(.text.svcRtxThreadNew)
    i.SystemCoreClockUpdate                  0x00002204   Section        0  system_mkl25z4.o(i.SystemCoreClockUpdate)
    i.SystemInit                             0x00002394   Section        0  system_mkl25z4.o(i.SystemInit)
    i.UART2_IRQHandler                       0x000024cc   Section        0  main.o(i.UART2_IRQHandler)
    i.__ARM_common_switch8                   0x00002514   Section        0  rtx_config.o(i.__ARM_common_switch8)
    i.__NVIC_ClearPendingIRQ                 0x00002530   Section        0  init.o(i.__NVIC_ClearPendingIRQ)
    __NVIC_ClearPendingIRQ                   0x00002531   Thumb Code    18  init.o(i.__NVIC_ClearPendingIRQ)
    i.__NVIC_EnableIRQ                       0x00002548   Section        0  init.o(i.__NVIC_EnableIRQ)
    __NVIC_EnableIRQ                         0x00002549   Thumb Code    26  init.o(i.__NVIC_EnableIRQ)
    i.__NVIC_SetPriority                     0x00002568   Section        0  init.o(i.__NVIC_SetPriority)
    __NVIC_SetPriority                       0x00002569   Thumb Code   110  init.o(i.__NVIC_SetPriority)
    i._mutex_acquire                         0x000025e0   Section        0  rtx_lib.o(i._mutex_acquire)
    __tagsym$$used                           0x000025e1   Number         0  rtx_lib.o(i._mutex_acquire)
    i._mutex_free                            0x000025f8   Section        0  rtx_lib.o(i._mutex_free)
    __tagsym$$used                           0x000025f9   Number         0  rtx_lib.o(i._mutex_free)
    i._mutex_initialize                      0x00002604   Section        0  rtx_lib.o(i._mutex_initialize)
    __tagsym$$used                           0x00002605   Number         0  rtx_lib.o(i._mutex_initialize)
    i._mutex_release                         0x00002628   Section        0  rtx_lib.o(i._mutex_release)
    __tagsym$$used                           0x00002629   Number         0  rtx_lib.o(i._mutex_release)
    i._platform_post_stackheap_init          0x0000263c   Section        0  rtx_lib.o(i._platform_post_stackheap_init)
    i.allGreenLightUp                        0x00002644   Section        0  led.o(i.allGreenLightUp)
    i.allRedLightUp                          0x00002654   Section        0  led.o(i.allRedLightUp)
    i.buzz                                   0x00002660   Section        0  main.o(i.buzz)
    i.flashGreenLEDs                         0x000026b0   Section        0  led.o(i.flashGreenLEDs)
    i.flashRedLEDs                           0x000026ca   Section        0  led.o(i.flashRedLEDs)
    i.forward                                0x000026e4   Section        0  main.o(i.forward)
    i.initAudio                              0x00002700   Section        0  init.o(i.initAudio)
    i.initClockGate                          0x000027a8   Section        0  init.o(i.initClockGate)
    i.initLED                                0x000027d0   Section        0  init.o(i.initLED)
    i.initMotor                              0x00002914   Section        0  init.o(i.initMotor)
    i.initUART2                              0x00002a5c   Section        0  init.o(i.initUART2)
    i.initUltrasonic                         0x00002b00   Section        0  init.o(i.initUltrasonic)
    i.left                                   0x00002c0c   Section        0  main.o(i.left)
    i.leftforward                            0x00002c28   Section        0  main.o(i.leftforward)
    i.leftreverse                            0x00002c48   Section        0  main.o(i.leftreverse)
    i.main                                   0x00002c68   Section        0  main.o(i.main)
    i.offGreenLEDs                           0x00002d3c   Section        0  led.o(i.offGreenLEDs)
    i.offRedLEDs                             0x00002d4c   Section        0  led.o(i.offRedLEDs)
    i.osRtxErrorNotify                       0x00002d5c   Section        0  rtx_config.o(i.osRtxErrorNotify)
    i.osRtxIdleThread                        0x00002d7c   Section        0  rtx_config.o(i.osRtxIdleThread)
    i.os_kernel_is_active                    0x00002d80   Section        0  rtx_lib.o(i.os_kernel_is_active)
    os_kernel_is_active                      0x00002d81   Thumb Code    30  rtx_lib.o(i.os_kernel_is_active)
    i.reverse                                0x00002da4   Section        0  main.o(i.reverse)
    i.right                                  0x00002dc0   Section        0  main.o(i.right)
    i.rightforward                           0x00002ddc   Section        0  main.o(i.rightforward)
    i.rightreverse                           0x00002dfc   Section        0  main.o(i.rightreverse)
    i.sing                                   0x00002e1c   Section        0  main.o(i.sing)
    i.stopMotors                             0x00002e8c   Section        0  main.o(i.stopMotors)
    i.tAuto_driving                          0x00002ea0   Section        0  main.o(i.tAuto_driving)
    i.tBrain                                 0x00002ef8   Section        0  main.o(i.tBrain)
    i.tLed_green                             0x00002fc0   Section        0  main.o(i.tLed_green)
    i.tLed_red                               0x00003010   Section        0  main.o(i.tLed_red)
    i.tMotor                                 0x00003054   Section        0  main.o(i.tMotor)
    i.tSound_ending                          0x00003118   Section        0  main.o(i.tSound_ending)
    i.tSound_opening                         0x00003150   Section        0  main.o(i.tSound_opening)
    i.tSound_running                         0x00003188   Section        0  main.o(i.tSound_running)
    i.toggleGreenLED                         0x000031b8   Section        0  led.o(i.toggleGreenLED)
    .constdata                               0x000031e4   Section       32  led.o(.constdata)
    x$fpl$usenofp                            0x000031e4   Section        0  usenofp.o(x$fpl$usenofp)
    .constdata                               0x00003204   Section      100  rtx_lib.o(.constdata)
    os_idle_thread_attr                      0x00003204   Data          36  rtx_lib.o(.constdata)
    os_timer_thread_attr                     0x00003228   Data          36  rtx_lib.o(.constdata)
    os_timer_mq_attr                         0x0000324c   Data          24  rtx_lib.o(.constdata)
    .constdata                               0x00003268   Section        1  irq_cm0.o(.constdata)
    .rodata                                  0x0000326c   Section      160  rtx_lib.o(.rodata)
    __tagsym$$used                           0x0000326c   Number         0  rtx_lib.o(.rodata)
    __tagsym$$used                           0x000032d4   Number         0  rtx_lib.o(.rodata)
    [Anonymous Symbol]                       0x0000330c   Section        0  rtx_kernel.o(.rodata.str1.4)
    .L.str                                   0x0000330c   Data          11  rtx_kernel.o(.rodata.str1.4)
    .bss.os                                  0x1ffff000   Section     4160  rtx_lib.o(.bss.os)
    os_mem                                   0x1ffff000   Data        4096  rtx_lib.o(.bss.os)
    os_isr_queue                             0x20000000   Data          64  rtx_lib.o(.bss.os)
    .bss.os.msgqueue.cb                      0x20000040   Section       52  rtx_lib.o(.bss.os.msgqueue.cb)
    os_timer_mq_cb                           0x20000040   Data          52  rtx_lib.o(.bss.os.msgqueue.cb)
    .bss.os.msgqueue.mem                     0x20000074   Section       80  rtx_lib.o(.bss.os.msgqueue.mem)
    os_timer_mq_data                         0x20000074   Data          80  rtx_lib.o(.bss.os.msgqueue.mem)
    .bss.os.thread.cb                        0x200000c4   Section      136  rtx_lib.o(.bss.os.thread.cb)
    os_idle_thread_cb                        0x200000c4   Data          68  rtx_lib.o(.bss.os.thread.cb)
    os_timer_thread_cb                       0x20000108   Data          68  rtx_lib.o(.bss.os.thread.cb)
    .bss.os.thread.stack                     0x20000150   Section      512  rtx_lib.o(.bss.os.thread.stack)
    os_idle_thread_stack                     0x20000150   Data         256  rtx_lib.o(.bss.os.thread.stack)
    os_timer_thread_stack                    0x20000250   Data         256  rtx_lib.o(.bss.os.thread.stack)
    .data                                    0x20000350   Section     2829  main.o(.data)
    .data                                    0x20000e60   Section        5  rtx_lib.o(.data)
    os_kernel_active                         0x20000e64   Data           1  rtx_lib.o(.data)
    .data                                    0x20000e68   Section        4  system_mkl25z4.o(.data)
    .bss                                     0x20000f10   Section       96  libspace.o(.bss)
    [Anonymous Symbol]                       0x20000f70   Section        0  os_systick.o(.bss.PendST)
    PendST                                   0x20000f70   Data           1  os_systick.o(.bss.PendST)
    HEAP                                     0x20000f78   Section        0  startup_mkl25z4.o(HEAP)
    STACK                                    0x20000f78   Section      256  startup_mkl25z4.o(STACK)
    Heap_Mem                                 0x20000f78   Data           0  startup_mkl25z4.o(HEAP)
    Stack_Mem                                0x20000f78   Data         256  startup_mkl25z4.o(STACK)
    __initial_sp                             0x20001078   Data           0  startup_mkl25z4.o(STACK)

    Global Symbols

    Symbol Name                              Value     Ov Type        Size  Object(Section)

    BuildAttributes$$THM_ISAv3M$S$PE$A:L22$X:L11$S22$IEEE1$IW$~IW$USESV6$~STKCKD$USESV7$~SHL$OSPACE$ROPI$EBA8$UX$STANDARDLIB$REQ8$PRES8$EABIv2 0x00000000   Number         0  anon$$obj.o ABSOLUTE
    __ARM_use_no_argv                        0x00000000   Number         0  main.o ABSOLUTE
    __Vectors                                0x00000000   Data           4  startup_mkl25z4.o(RESET)
    .bss.os.evflags.cb$$Base                  - Undefined Weak Reference
    .bss.os.evflags.cb$$Limit                 - Undefined Weak Reference
    .bss.os.mempool.cb$$Base                  - Undefined Weak Reference
    .bss.os.mempool.cb$$Limit                 - Undefined Weak Reference
    .bss.os.mutex.cb$$Base                    - Undefined Weak Reference
    .bss.os.mutex.cb$$Limit                   - Undefined Weak Reference
    .bss.os.semaphore.cb$$Base                - Undefined Weak Reference
    .bss.os.semaphore.cb$$Limit               - Undefined Weak Reference
    .bss.os.timer.cb$$Base                    - Undefined Weak Reference
    .bss.os.timer.cb$$Limit                   - Undefined Weak Reference
    __ARM_exceptions_init                     - Undefined Weak Reference
    __alloca_initialize                       - Undefined Weak Reference
    __arm_preinit_                            - Undefined Weak Reference
    __cpp_initialize__aeabi_                  - Undefined Weak Reference
    __cxa_finalize                            - Undefined Weak Reference
    __rt_locale                               - Undefined Weak Reference
    __sigvec_lookup                           - Undefined Weak Reference
    _atexit_init                              - Undefined Weak Reference
    _call_atexit_fns                          - Undefined Weak Reference
    _clock_init                               - Undefined Weak Reference
    _fp_trap_init                             - Undefined Weak Reference
    _fp_trap_shutdown                         - Undefined Weak Reference
    _get_lc_collate                           - Undefined Weak Reference
    _get_lc_ctype                             - Undefined Weak Reference
    _get_lc_monetary                          - Undefined Weak Reference
    _get_lc_numeric                           - Undefined Weak Reference
    _get_lc_time                              - Undefined Weak Reference
    _getenv_init                              - Undefined Weak Reference
    _handle_redirection                       - Undefined Weak Reference
    _init_alloc                               - Undefined Weak Reference
    _init_user_alloc                          - Undefined Weak Reference
    _initio                                   - Undefined Weak Reference
    _rand_init                                - Undefined Weak Reference
    _signal_finish                            - Undefined Weak Reference
    _signal_init                              - Undefined Weak Reference
    _terminate_alloc                          - Undefined Weak Reference
    _terminate_user_alloc                     - Undefined Weak Reference
    _terminateio                              - Undefined Weak Reference
    __Vectors_End                            0x000000c0   Data           0  startup_mkl25z4.o(RESET)
    __Vectors_Size                           0x000000c0   Number         0  startup_mkl25z4.o ABSOLUTE
    __main                                   0x000000c1   Thumb Code     8  __main.o(!!!main)
    __scatterload                            0x000000c9   Thumb Code     0  __scatter.o(!!!scatter)
    __scatterload_rt2                        0x000000c9   Thumb Code    52  __scatter.o(!!!scatter)
    __scatterload_rt2_thumb_only             0x000000c9   Thumb Code     0  __scatter.o(!!!scatter)
    __scatterload_null                       0x000000d9   Thumb Code     0  __scatter.o(!!!scatter)
    __scatterload_zeroinit                   0x00000105   Thumb Code    28  __scatter_zi.o(!!handler_zi)
    __rt_lib_init                            0x00000121   Thumb Code     0  libinit.o(.ARM.Collect$$libinit$$00000000)
    __rt_lib_init_alloca_1                   0x00000123   Thumb Code     0  libinit2.o(.ARM.Collect$$libinit$$0000002E)
    __rt_lib_init_argv_1                     0x00000123   Thumb Code     0  libinit2.o(.ARM.Collect$$libinit$$0000002C)
    __rt_lib_init_atexit_1                   0x00000123   Thumb Code     0  libinit2.o(.ARM.Collect$$libinit$$0000001B)
    __rt_lib_init_clock_1                    0x00000123   Thumb Code     0  libinit2.o(.ARM.Collect$$libinit$$00000021)
    __rt_lib_init_cpp_1                      0x00000123   Thumb Code     0  libinit2.o(.ARM.Collect$$libinit$$00000032)
    __rt_lib_init_exceptions_1               0x00000123   Thumb Code     0  libinit2.o(.ARM.Collect$$libinit$$00000030)
    __rt_lib_init_fp_1                       0x00000123   Thumb Code     0  libinit2.o(.ARM.Collect$$libinit$$00000002)
    __rt_lib_init_fp_trap_1                  0x00000123   Thumb Code     0  libinit2.o(.ARM.Collect$$libinit$$0000001F)
    __rt_lib_init_getenv_1                   0x00000123   Thumb Code     0  libinit2.o(.ARM.Collect$$libinit$$00000023)
    __rt_lib_init_heap_1                     0x00000123   Thumb Code     0  libinit2.o(.ARM.Collect$$libinit$$0000000A)
    __rt_lib_init_lc_collate_1               0x00000123   Thumb Code     0  libinit2.o(.ARM.Collect$$libinit$$00000011)
    __rt_lib_init_lc_ctype_1                 0x00000123   Thumb Code     0  libinit2.o(.ARM.Collect$$libinit$$00000013)
    __rt_lib_init_lc_monetary_1              0x00000123   Thumb Code     0  libinit2.o(.ARM.Collect$$libinit$$00000015)
    __rt_lib_init_lc_numeric_1               0x00000123   Thumb Code     0  libinit2.o(.ARM.Collect$$libinit$$00000017)
    __rt_lib_init_lc_time_1                  0x00000123   Thumb Code     0  libinit2.o(.ARM.Collect$$libinit$$00000019)
    __rt_lib_init_preinit_1                  0x00000123   Thumb Code     0  libinit2.o(.ARM.Collect$$libinit$$00000004)
    __rt_lib_init_rand_1                     0x00000123   Thumb Code     0  libinit2.o(.ARM.Collect$$libinit$$0000000E)
    __rt_lib_init_return                     0x00000123   Thumb Code     0  libinit2.o(.ARM.Collect$$libinit$$00000033)
    __rt_lib_init_signal_1                   0x00000123   Thumb Code     0  libinit2.o(.ARM.Collect$$libinit$$0000001D)
    __rt_lib_init_stdio_1                    0x00000123   Thumb Code     0  libinit2.o(.ARM.Collect$$libinit$$00000025)
    __rt_lib_init_user_alloc_1               0x00000123   Thumb Code     0  libinit2.o(.ARM.Collect$$libinit$$0000000C)
    __rt_lib_shutdown                        0x00000125   Thumb Code     0  libshutdown.o(.ARM.Collect$$libshutdown$$00000000)
    __rt_lib_shutdown_cpp_1                  0x00000127   Thumb Code     0  libshutdown2.o(.ARM.Collect$$libshutdown$$00000002)
    __rt_lib_shutdown_fp_trap_1              0x00000127   Thumb Code     0  libshutdown2.o(.ARM.Collect$$libshutdown$$00000007)
    __rt_lib_shutdown_heap_1                 0x00000127   Thumb Code     0  libshutdown2.o(.ARM.Collect$$libshutdown$$0000000F)
    __rt_lib_shutdown_return                 0x00000127   Thumb Code     0  libshutdown2.o(.ARM.Collect$$libshutdown$$00000010)
    __rt_lib_shutdown_signal_1               0x00000127   Thumb Code     0  libshutdown2.o(.ARM.Collect$$libshutdown$$0000000A)
    __rt_lib_shutdown_stdio_1                0x00000127   Thumb Code     0  libshutdown2.o(.ARM.Collect$$libshutdown$$00000004)
    __rt_lib_shutdown_user_alloc_1           0x00000127   Thumb Code     0  libshutdown2.o(.ARM.Collect$$libshutdown$$0000000C)
    __rt_entry                               0x00000129   Thumb Code     0  __rtentry.o(.ARM.Collect$$rtentry$$00000000)
    __rt_entry_presh_1                       0x00000129   Thumb Code     0  __rtentry2.o(.ARM.Collect$$rtentry$$00000002)
    __rt_entry_sh                            0x00000129   Thumb Code     0  __rtentry4.o(.ARM.Collect$$rtentry$$00000004)
    __rt_entry_postsh_1                      0x0000012f   Thumb Code     0  __rtentry2.o(.ARM.Collect$$rtentry$$00000008)
    __rt_entry_li                            0x00000137   Thumb Code     0  __rtentry2.o(.ARM.Collect$$rtentry$$0000000A)
    __rt_entry_main                          0x0000013b   Thumb Code     0  __rtentry2.o(.ARM.Collect$$rtentry$$0000000D)
    __rt_entry_postli_1                      0x0000013b   Thumb Code     0  __rtentry2.o(.ARM.Collect$$rtentry$$0000000C)
    __rt_exit                                0x00000143   Thumb Code     0  rtexit.o(.ARM.Collect$$rtexit$$00000000)
    __rt_exit_ls                             0x00000145   Thumb Code     0  rtexit2.o(.ARM.Collect$$rtexit$$00000003)
    __rt_exit_prels_1                        0x00000145   Thumb Code     0  rtexit2.o(.ARM.Collect$$rtexit$$00000002)
    __rt_exit_exit                           0x00000149   Thumb Code     0  rtexit2.o(.ARM.Collect$$rtexit$$00000004)
    __aeabi_memcpy4                          0x00000151   Thumb Code    56  rt_memcpy.o(.emb_text)
    __aeabi_memcpy8                          0x00000151   Thumb Code     0  rt_memcpy.o(.emb_text)
    Reset_Handler                            0x00000189   Thumb Code    12  startup_mkl25z4.o(.text)
    NMI_Handler                              0x00000195   Thumb Code     2  startup_mkl25z4.o(.text)
    HardFault_Handler                        0x00000197   Thumb Code     2  startup_mkl25z4.o(.text)
    ADC0_IRQHandler                          0x0000019f   Thumb Code     0  startup_mkl25z4.o(.text)
    CMP0_IRQHandler                          0x0000019f   Thumb Code     0  startup_mkl25z4.o(.text)
    DAC0_IRQHandler                          0x0000019f   Thumb Code     0  startup_mkl25z4.o(.text)
    DMA0_IRQHandler                          0x0000019f   Thumb Code     0  startup_mkl25z4.o(.text)
    DMA1_IRQHandler                          0x0000019f   Thumb Code     0  startup_mkl25z4.o(.text)
    DMA2_IRQHandler                          0x0000019f   Thumb Code     0  startup_mkl25z4.o(.text)
    DMA3_IRQHandler                          0x0000019f   Thumb Code     0  startup_mkl25z4.o(.text)
    DefaultISR                               0x0000019f   Thumb Code     0  startup_mkl25z4.o(.text)
    FTFA_IRQHandler                          0x0000019f   Thumb Code     0  startup_mkl25z4.o(.text)
    I2C0_IRQHandler                          0x0000019f   Thumb Code     0  startup_mkl25z4.o(.text)
    I2C1_IRQHandler                          0x0000019f   Thumb Code     0  startup_mkl25z4.o(.text)
    LLWU_IRQHandler                          0x0000019f   Thumb Code     0  startup_mkl25z4.o(.text)
    LPTMR0_IRQHandler                        0x0000019f   Thumb Code     0  startup_mkl25z4.o(.text)
    LVD_LVW_IRQHandler                       0x0000019f   Thumb Code     0  startup_mkl25z4.o(.text)
    MCG_IRQHandler                           0x0000019f   Thumb Code     0  startup_mkl25z4.o(.text)
    PIT_IRQHandler                           0x0000019f   Thumb Code     0  startup_mkl25z4.o(.text)
    PORTA_IRQHandler                         0x0000019f   Thumb Code     0  startup_mkl25z4.o(.text)
    PORTD_IRQHandler                         0x0000019f   Thumb Code     0  startup_mkl25z4.o(.text)
    RTC_IRQHandler                           0x0000019f   Thumb Code     0  startup_mkl25z4.o(.text)
    RTC_Seconds_IRQHandler                   0x0000019f   Thumb Code     0  startup_mkl25z4.o(.text)
    Reserved20_IRQHandler                    0x0000019f   Thumb Code     0  startup_mkl25z4.o(.text)
    Reserved39_IRQHandler                    0x0000019f   Thumb Code     0  startup_mkl25z4.o(.text)
    Reserved45_IRQHandler                    0x0000019f   Thumb Code     0  startup_mkl25z4.o(.text)
    SPI0_IRQHandler                          0x0000019f   Thumb Code     0  startup_mkl25z4.o(.text)
    SPI1_IRQHandler                          0x0000019f   Thumb Code     0  startup_mkl25z4.o(.text)
    TPM0_IRQHandler                          0x0000019f   Thumb Code     0  startup_mkl25z4.o(.text)
    TPM1_IRQHandler                          0x0000019f   Thumb Code     0  startup_mkl25z4.o(.text)
    TPM2_IRQHandler                          0x0000019f   Thumb Code     0  startup_mkl25z4.o(.text)
    TSI0_IRQHandler                          0x0000019f   Thumb Code     0  startup_mkl25z4.o(.text)
    UART0_IRQHandler                         0x0000019f   Thumb Code     0  startup_mkl25z4.o(.text)
    UART1_IRQHandler                         0x0000019f   Thumb Code     0  startup_mkl25z4.o(.text)
    USB0_IRQHandler                          0x0000019f   Thumb Code     0  startup_mkl25z4.o(.text)
    __user_initial_stackheap                 0x000001a5   Thumb Code     0  startup_mkl25z4.o(.text)
    SVC_Handler                              0x000001c9   Thumb Code   132  irq_cm0.o(.text)
    PendSV_Handler                           0x0000024d   Thumb Code    12  irq_cm0.o(.text)
    SysTick_Handler                          0x00000259   Thumb Code    12  irq_cm0.o(.text)
    __aeabi_memcpy                           0x0000026d   Thumb Code   130  rt_memcpy.o(.text)
    __rt_memcpy                              0x0000026d   Thumb Code     0  rt_memcpy.o(.text)
    _memset_w                                0x000002ef   Thumb Code    26  rt_memclr.o(.text)
    _memset                                  0x00000309   Thumb Code    30  rt_memclr.o(.text)
    __aeabi_memclr                           0x00000327   Thumb Code     4  rt_memclr.o(.text)
    __rt_memclr                              0x00000327   Thumb Code     0  rt_memclr.o(.text)
    __aeabi_memclr4                          0x0000032b   Thumb Code     0  rt_memclr.o(.text)
    __aeabi_memclr8                          0x0000032b   Thumb Code     0  rt_memclr.o(.text)
    __rt_memclr_w                            0x0000032b   Thumb Code     4  rt_memclr.o(.text)
    __use_two_region_memory                  0x0000032f   Thumb Code     2  heapauxi.o(.text)
    __rt_heap_escrow$2region                 0x00000331   Thumb Code     2  heapauxi.o(.text)
    __rt_heap_expand$2region                 0x00000333   Thumb Code     2  heapauxi.o(.text)
    __aeabi_d2uiz                            0x00000335   Thumb Code     0  dfixui.o(.text)
    _dfixu                                   0x00000335   Thumb Code    68  dfixui.o(.text)
    __aeabi_i2d_normalise                    0x0000037d   Thumb Code    66  dflti.o(.text)
    __aeabi_i2d                              0x000003bf   Thumb Code    16  dflti.o(.text)
    _dflt                                    0x000003bf   Thumb Code     0  dflti.o(.text)
    __aeabi_ui2d                             0x000003cf   Thumb Code     6  dflti.o(.text)
    _dfltu                                   0x000003cf   Thumb Code     0  dflti.o(.text)
    exit                                     0x000003d5   Thumb Code    16  exit.o(.text)
    __user_libspace                          0x000003e5   Thumb Code     8  libspace.o(.text)
    __user_perproc_libspace                  0x000003e5   Thumb Code     0  libspace.o(.text)
    _sys_exit                                0x000003ed   Thumb Code     8  sys_exit.o(.text)
    __I$use$semihosting                      0x000003f9   Thumb Code     0  use_no_semi.o(.text)
    __use_no_semihosting_swi                 0x000003f9   Thumb Code     2  use_no_semi.o(.text)
    OS_Tick_GetIRQn                          0x000003fb   Thumb Code     6  os_systick.o(.text.OS_Tick_GetIRQn)
    __semihosting_library_function           0x000003fb   Thumb Code     0  indicate_semi.o(.text)
    __aeabi_uidiv                            0x00000411   Thumb Code     0  aeabi_sdiv.o(.text)
    __aeabi_uidivmod                         0x00000411   Thumb Code    20  aeabi_sdiv.o(.text)
    __aeabi_idiv                             0x00000425   Thumb Code     0  aeabi_sdiv.o(.text)
    __aeabi_idivmod                          0x00000425   Thumb Code   326  aeabi_sdiv.o(.text)
    __aeabi_dmul                             0x0000056d   Thumb Code     0  dmul.o(.text)
    _dmul                                    0x0000056d   Thumb Code   558  dmul.o(.text)
    __user_setup_stackheap                   0x000007b5   Thumb Code    62  sys_stackheap_outer.o(.text)
    __decompress                             0x000007f3   Thumb Code     0  __dczerorl2.o(.text)
    __decompress1                            0x000007f3   Thumb Code    86  __dczerorl2.o(.text)
    OS_Tick_AcknowledgeIRQ                   0x00000965   Thumb Code    12  os_systick.o(.text.OS_Tick_AcknowledgeIRQ)
    OS_Tick_Enable                           0x00000971   Thumb Code    44  os_systick.o(.text.OS_Tick_Enable)
    OS_Tick_Setup                            0x0000099d   Thumb Code    76  os_systick.o(.text.OS_Tick_Setup)
    osDelay                                  0x00000a85   Thumb Code    40  rtx_delay.o(.text.osDelay)
    osEventFlagsClear                        0x00000aad   Thumb Code    36  rtx_evflags.o(.text.osEventFlagsClear)
    osEventFlagsNew                          0x00000ad1   Thumb Code    36  rtx_evflags.o(.text.osEventFlagsNew)
    osEventFlagsSet                          0x00000af5   Thumb Code    80  rtx_evflags.o(.text.osEventFlagsSet)
    osEventFlagsWait                         0x00000b45   Thumb Code    68  rtx_evflags.o(.text.osEventFlagsWait)
    osKernelGetState                         0x00000b89   Thumb Code    48  rtx_kernel.o(.text.osKernelGetState)
    osKernelInitialize                       0x00000bb9   Thumb Code    40  rtx_kernel.o(.text.osKernelInitialize)
    osKernelStart                            0x00000be1   Thumb Code    36  rtx_kernel.o(.text.osKernelStart)
    osMessageQueueGet                        0x00000c05   Thumb Code   116  rtx_msgqueue.o(.text.osMessageQueueGet)
    osMessageQueueNew                        0x00000c79   Thumb Code    36  rtx_msgqueue.o(.text.osMessageQueueNew)
    osMessageQueuePut                        0x00000c9d   Thumb Code   120  rtx_msgqueue.o(.text.osMessageQueuePut)
    osMutexAcquire                           0x00000d15   Thumb Code    40  rtx_mutex.o(.text.osMutexAcquire)
    osMutexDelete                            0x00000d3d   Thumb Code    40  rtx_mutex.o(.text.osMutexDelete)
    osMutexNew                               0x00000d65   Thumb Code    36  rtx_mutex.o(.text.osMutexNew)
    osMutexRelease                           0x00000d89   Thumb Code    40  rtx_mutex.o(.text.osMutexRelease)
    osRtxKernelPreInit                       0x00000de5   Thumb Code     2  rtx_kernel.o(.text.osRtxKernelPreInit)
    osRtxMemoryAlloc                         0x00000de7   Thumb Code   124  rtx_memory.o(.text.osRtxMemoryAlloc)
    osRtxMemoryFree                          0x00000e63   Thumb Code    78  rtx_memory.o(.text.osRtxMemoryFree)
    osRtxMemoryInit                          0x00000eb1   Thumb Code    50  rtx_memory.o(.text.osRtxMemoryInit)
    osRtxMemoryPoolAlloc                     0x00000ee3   Thumb Code    46  rtx_mempool.o(.text.osRtxMemoryPoolAlloc)
    osRtxMemoryPoolFree                      0x00000f11   Thumb Code    58  rtx_mempool.o(.text.osRtxMemoryPoolFree)
    osRtxMemoryPoolInit                      0x00000f4b   Thumb Code    62  rtx_mempool.o(.text.osRtxMemoryPoolInit)
    osRtxMutexOwnerRelease                   0x00001045   Thumb Code    68  rtx_mutex.o(.text.osRtxMutexOwnerRelease)
    osRtxPendSV_Handler                      0x00001089   Thumb Code   128  rtx_system.o(.text.osRtxPendSV_Handler)
    osRtxPostProcess                         0x00001109   Thumb Code   108  rtx_system.o(.text.osRtxPostProcess)
    osRtxThreadDelayTick                     0x00001271   Thumb Code    56  rtx_thread.o(.text.osRtxThreadDelayTick)
    osRtxThreadDispatch                      0x000012a9   Thumb Code    80  rtx_thread.o(.text.osRtxThreadDispatch)
    osRtxThreadListGet                       0x0000134d   Thumb Code    20  rtx_thread.o(.text.osRtxThreadListGet)
    osRtxThreadListPut                       0x00001361   Thumb Code    44  rtx_thread.o(.text.osRtxThreadListPut)
    osRtxThreadListRemove                    0x0000138d   Thumb Code    24  rtx_thread.o(.text.osRtxThreadListRemove)
    osRtxThreadListSort                      0x000013a5   Thumb Code    38  rtx_thread.o(.text.osRtxThreadListSort)
    osRtxThreadReadyPut                      0x000013f1   Thumb Code    24  rtx_thread.o(.text.osRtxThreadReadyPut)
    osRtxThreadRegPtr                        0x00001409   Thumb Code     6  rtx_thread.o(.text.osRtxThreadRegPtr)
    osRtxThreadStackCheck                    0x00001411   Thumb Code    44  rtx_thread.o(.text.osRtxThreadStackCheck)
    osRtxThreadStartup                       0x0000143d   Thumb Code    64  rtx_thread.o(.text.osRtxThreadStartup)
    osRtxThreadSwitch                        0x0000147d   Thumb Code    20  rtx_thread.o(.text.osRtxThreadSwitch)
    osRtxThreadWaitEnter                     0x00001491   Thumb Code    60  rtx_thread.o(.text.osRtxThreadWaitEnter)
    osRtxThreadWaitExit                      0x000014cd   Thumb Code    34  rtx_thread.o(.text.osRtxThreadWaitExit)
    osRtxTick_Handler                        0x000014f1   Thumb Code   116  rtx_system.o(.text.osRtxTick_Handler)
    osRtxTimerThread                         0x00001565   Thumb Code    60  rtx_timer.o(.text.osRtxTimerThread)
    osThreadExit                             0x00001601   Thumb Code    12  rtx_thread.o(.text.osThreadExit)
    osThreadNew                              0x0000160d   Thumb Code    36  rtx_thread.o(.text.osThreadNew)
    SystemCoreClockUpdate                    0x00002205   Thumb Code   372  system_mkl25z4.o(i.SystemCoreClockUpdate)
    SystemInit                               0x00002395   Thumb Code   266  system_mkl25z4.o(i.SystemInit)
    UART2_IRQHandler                         0x000024cd   Thumb Code    56  main.o(i.UART2_IRQHandler)
    __ARM_common_switch8                     0x00002515   Thumb Code    28  rtx_config.o(i.__ARM_common_switch8)
    _mutex_acquire                           0x000025e1   Thumb Code    24  rtx_lib.o(i._mutex_acquire)
    _mutex_free                              0x000025f9   Thumb Code    12  rtx_lib.o(i._mutex_free)
    _mutex_initialize                        0x00002605   Thumb Code    36  rtx_lib.o(i._mutex_initialize)
    _mutex_release                           0x00002629   Thumb Code    20  rtx_lib.o(i._mutex_release)
    _platform_post_stackheap_init            0x0000263d   Thumb Code     8  rtx_lib.o(i._platform_post_stackheap_init)
    allGreenLightUp                          0x00002645   Thumb Code     8  led.o(i.allGreenLightUp)
    allRedLightUp                            0x00002655   Thumb Code     8  led.o(i.allRedLightUp)
    buzz                                     0x00002661   Thumb Code    64  main.o(i.buzz)
    flashGreenLEDs                           0x000026b1   Thumb Code    26  led.o(i.flashGreenLEDs)
    flashRedLEDs                             0x000026cb   Thumb Code    26  led.o(i.flashRedLEDs)
    forward                                  0x000026e5   Thumb Code    20  main.o(i.forward)
    initAudio                                0x00002701   Thumb Code   150  init.o(i.initAudio)
    initClockGate                            0x000027a9   Thumb Code    36  init.o(i.initClockGate)
    initLED                                  0x000027d1   Thumb Code   304  init.o(i.initLED)
    initMotor                                0x00002915   Thumb Code   310  init.o(i.initMotor)
    initUART2                                0x00002a5d   Thumb Code   148  init.o(i.initUART2)
    initUltrasonic                           0x00002b01   Thumb Code   248  init.o(i.initUltrasonic)
    left                                     0x00002c0d   Thumb Code    18  main.o(i.left)
    leftforward                              0x00002c29   Thumb Code    20  main.o(i.leftforward)
    leftreverse                              0x00002c49   Thumb Code    20  main.o(i.leftreverse)
    main                                     0x00002c69   Thumb Code   166  main.o(i.main)
    offGreenLEDs                             0x00002d3d   Thumb Code     8  led.o(i.offGreenLEDs)
    offRedLEDs                               0x00002d4d   Thumb Code    10  led.o(i.offRedLEDs)
    osRtxErrorNotify                         0x00002d5d   Thumb Code    32  rtx_config.o(i.osRtxErrorNotify)
    osRtxIdleThread                          0x00002d7d   Thumb Code     4  rtx_config.o(i.osRtxIdleThread)
    reverse                                  0x00002da5   Thumb Code    20  main.o(i.reverse)
    right                                    0x00002dc1   Thumb Code    18  main.o(i.right)
    rightforward                             0x00002ddd   Thumb Code    20  main.o(i.rightforward)
    rightreverse                             0x00002dfd   Thumb Code    20  main.o(i.rightreverse)
    sing                                     0x00002e1d   Thumb Code    98  main.o(i.sing)
    stopMotors                               0x00002e8d   Thumb Code    14  main.o(i.stopMotors)
    tAuto_driving                            0x00002ea1   Thumb Code    82  main.o(i.tAuto_driving)
    tBrain                                   0x00002ef9   Thumb Code   184  main.o(i.tBrain)
    tLed_green                               0x00002fc1   Thumb Code    72  main.o(i.tLed_green)
    tLed_red                                 0x00003011   Thumb Code    60  main.o(i.tLed_red)
    tMotor                                   0x00003055   Thumb Code   184  main.o(i.tMotor)
    tSound_ending                            0x00003119   Thumb Code    44  main.o(i.tSound_ending)
    tSound_opening                           0x00003151   Thumb Code    44  main.o(i.tSound_opening)
    tSound_running                           0x00003189   Thumb Code    34  main.o(i.tSound_running)
    toggleGreenLED                           0x000031b9   Thumb Code    34  led.o(i.toggleGreenLED)
    __I$use$fp                               0x000031e4   Number         0  usenofp.o(x$fpl$usenofp)
    osRtxUserSVC                             0x00003264   Data           4  rtx_lib.o(.constdata)
    irqRtxLib                                0x00003268   Data           1  irq_cm0.o(.constdata)
    osRtxConfig                              0x0000326c   Data         104  rtx_lib.o(.rodata)
    os_cb_sections                           0x000032d4   Data          56  rtx_lib.o(.rodata)
    Region$$Table$$Base                      0x00003318   Number         0  anon$$obj.o(Region$$Table)
    Region$$Table$$Limit                     0x00003338   Number         0  anon$$obj.o(Region$$Table)
    .bss.os.msgqueue.cb$$Base                0x20000040   Number         0  rtx_lib.o(.bss.os.msgqueue.cb)
    .bss.os.msgqueue.cb$$Limit               0x20000074   Number         0  rtx_lib.o(.bss.os.msgqueue.cb)
    .bss.os.thread.cb$$Base                  0x200000c4   Number         0  rtx_lib.o(.bss.os.thread.cb)
    .bss.os.thread.cb$$Limit                 0x2000014c   Number         0  rtx_lib.o(.bss.os.thread.cb)
    motorFlag                                0x20000350   Data           4  main.o(.data)
    motorMsg                                 0x20000354   Data           4  main.o(.data)
    uartMsg                                  0x20000358   Data           4  main.o(.data)
    rxData                                   0x2000035c   Data           4  main.o(.data)
    audioFlag                                0x20000360   Data           4  main.o(.data)
    gurenge                                  0x20000364   Data         224  main.o(.data)
    mario_melody                             0x20000444   Data         312  main.o(.data)
    gurenge_tempo                            0x2000057c   Data         224  main.o(.data)
    mario_tempo                              0x2000065c   Data         312  main.o(.data)
    underworld_melody                        0x20000794   Data         224  main.o(.data)
    underworld_tempo                         0x20000874   Data         224  main.o(.data)
    connected_melody                         0x20000954   Data          16  main.o(.data)
    connected_tempo                          0x20000964   Data          16  main.o(.data)
    tempo                                    0x20000974   Data           4  main.o(.data)
    hedwigsThemeMelody                       0x20000978   Data         496  main.o(.data)
    starWarsMelody                           0x20000b68   Data         592  main.o(.data)
    starTrekStartUpMelody                    0x20000db8   Data          64  main.o(.data)
    marioGameOverMelody                      0x20000df8   Data          96  main.o(.data)
    ledFlag                                  0x20000e58   Data           4  main.o(.data)
    state                                    0x20000e5c   Data           1  main.o(.data)
    irqRtxLibRef                             0x20000e60   Data           4  rtx_lib.o(.data)
    SystemCoreClock                          0x20000e68   Data           4  system_mkl25z4.o(.data)
    osRtxInfo                                0x20000e6c   Data         164  rtx_kernel.o(.data.os)
    __libspace_start                         0x20000f10   Data          96  libspace.o(.bss)
    __temporary_stack_top$libspace           0x20000f70   Data           0  libspace.o(.bss)



==============================================================================

Memory Map of the image

  Image Entry point : 0x00000189

  Load Region LR_1 (Base: 0x00000000, Size: 0x00005248, Max: 0xffffffff, ABSOLUTE, COMPRESSED[0x00003608])

    Execution Region ER_RO (Exec base: 0x00000000, Load base: 0x00000000, Size: 0x00003338, Max: 0xffffffff, ABSOLUTE)

    Exec Addr    Load Addr    Size         Type   Attr      Idx    E Section Name        Object

    0x00000000   0x00000000   0x000000c0   Data   RO          442    RESET               startup_mkl25z4.o
    0x000000c0   0x000000c0   0x00000008   Code   RO         1001  * !!!main             c_p.l(__main.o)
    0x000000c8   0x000000c8   0x0000003c   Code   RO         1177    !!!scatter          c_p.l(__scatter.o)
    0x00000104   0x00000104   0x0000001c   Code   RO         1179    !!handler_zi        c_p.l(__scatter_zi.o)
    0x00000120   0x00000120   0x00000002   Code   RO         1044    .ARM.Collect$$libinit$$00000000  c_p.l(libinit.o)
    0x00000122   0x00000122   0x00000000   Code   RO         1058    .ARM.Collect$$libinit$$00000002  c_p.l(libinit2.o)
    0x00000122   0x00000122   0x00000000   Code   RO         1060    .ARM.Collect$$libinit$$00000004  c_p.l(libinit2.o)
    0x00000122   0x00000122   0x00000000   Code   RO         1063    .ARM.Collect$$libinit$$0000000A  c_p.l(libinit2.o)
    0x00000122   0x00000122   0x00000000   Code   RO         1065    .ARM.Collect$$libinit$$0000000C  c_p.l(libinit2.o)
    0x00000122   0x00000122   0x00000000   Code   RO         1067    .ARM.Collect$$libinit$$0000000E  c_p.l(libinit2.o)
    0x00000122   0x00000122   0x00000000   Code   RO         1070    .ARM.Collect$$libinit$$00000011  c_p.l(libinit2.o)
    0x00000122   0x00000122   0x00000000   Code   RO         1072    .ARM.Collect$$libinit$$00000013  c_p.l(libinit2.o)
    0x00000122   0x00000122   0x00000000   Code   RO         1074    .ARM.Collect$$libinit$$00000015  c_p.l(libinit2.o)
    0x00000122   0x00000122   0x00000000   Code   RO         1076    .ARM.Collect$$libinit$$00000017  c_p.l(libinit2.o)
    0x00000122   0x00000122   0x00000000   Code   RO         1078    .ARM.Collect$$libinit$$00000019  c_p.l(libinit2.o)
    0x00000122   0x00000122   0x00000000   Code   RO         1080    .ARM.Collect$$libinit$$0000001B  c_p.l(libinit2.o)
    0x00000122   0x00000122   0x00000000   Code   RO         1082    .ARM.Collect$$libinit$$0000001D  c_p.l(libinit2.o)
    0x00000122   0x00000122   0x00000000   Code   RO         1084    .ARM.Collect$$libinit$$0000001F  c_p.l(libinit2.o)
    0x00000122   0x00000122   0x00000000   Code   RO         1086    .ARM.Collect$$libinit$$00000021  c_p.l(libinit2.o)
    0x00000122   0x00000122   0x00000000   Code   RO         1088    .ARM.Collect$$libinit$$00000023  c_p.l(libinit2.o)
    0x00000122   0x00000122   0x00000000   Code   RO         1090    .ARM.Collect$$libinit$$00000025  c_p.l(libinit2.o)
    0x00000122   0x00000122   0x00000000   Code   RO         1094    .ARM.Collect$$libinit$$0000002C  c_p.l(libinit2.o)
    0x00000122   0x00000122   0x00000000   Code   RO         1096    .ARM.Collect$$libinit$$0000002E  c_p.l(libinit2.o)
    0x00000122   0x00000122   0x00000000   Code   RO         1098    .ARM.Collect$$libinit$$00000030  c_p.l(libinit2.o)
    0x00000122   0x00000122   0x00000000   Code   RO         1100    .ARM.Collect$$libinit$$00000032  c_p.l(libinit2.o)
    0x00000122   0x00000122   0x00000002   Code   RO         1101    .ARM.Collect$$libinit$$00000033  c_p.l(libinit2.o)
    0x00000124   0x00000124   0x00000002   Code   RO         1132    .ARM.Collect$$libshutdown$$00000000  c_p.l(libshutdown.o)
    0x00000126   0x00000126   0x00000000   Code   RO         1158    .ARM.Collect$$libshutdown$$00000002  c_p.l(libshutdown2.o)
    0x00000126   0x00000126   0x00000000   Code   RO         1160    .ARM.Collect$$libshutdown$$00000004  c_p.l(libshutdown2.o)
    0x00000126   0x00000126   0x00000000   Code   RO         1163    .ARM.Collect$$libshutdown$$00000007  c_p.l(libshutdown2.o)
    0x00000126   0x00000126   0x00000000   Code   RO         1166    .ARM.Collect$$libshutdown$$0000000A  c_p.l(libshutdown2.o)
    0x00000126   0x00000126   0x00000000   Code   RO         1168    .ARM.Collect$$libshutdown$$0000000C  c_p.l(libshutdown2.o)
    0x00000126   0x00000126   0x00000000   Code   RO         1171    .ARM.Collect$$libshutdown$$0000000F  c_p.l(libshutdown2.o)
    0x00000126   0x00000126   0x00000002   Code   RO         1172    .ARM.Collect$$libshutdown$$00000010  c_p.l(libshutdown2.o)
    0x00000128   0x00000128   0x00000000   Code   RO         1009    .ARM.Collect$$rtentry$$00000000  c_p.l(__rtentry.o)
    0x00000128   0x00000128   0x00000000   Code   RO         1016    .ARM.Collect$$rtentry$$00000002  c_p.l(__rtentry2.o)
    0x00000128   0x00000128   0x00000006   Code   RO         1028    .ARM.Collect$$rtentry$$00000004  c_p.l(__rtentry4.o)
    0x0000012e   0x0000012e   0x00000008   Code   RO         1017    .ARM.Collect$$rtentry$$00000008  c_p.l(__rtentry2.o)
    0x00000136   0x00000136   0x00000004   Code   RO         1019    .ARM.Collect$$rtentry$$0000000A  c_p.l(__rtentry2.o)
    0x0000013a   0x0000013a   0x00000000   Code   RO         1021    .ARM.Collect$$rtentry$$0000000C  c_p.l(__rtentry2.o)
    0x0000013a   0x0000013a   0x00000008   Code   RO         1022    .ARM.Collect$$rtentry$$0000000D  c_p.l(__rtentry2.o)
    0x00000142   0x00000142   0x00000002   Code   RO         1049    .ARM.Collect$$rtexit$$00000000  c_p.l(rtexit.o)
    0x00000144   0x00000144   0x00000000   Code   RO         1105    .ARM.Collect$$rtexit$$00000002  c_p.l(rtexit2.o)
    0x00000144   0x00000144   0x00000004   Code   RO         1106    .ARM.Collect$$rtexit$$00000003  c_p.l(rtexit2.o)
    0x00000148   0x00000148   0x00000006   Code   RO         1107    .ARM.Collect$$rtexit$$00000004  c_p.l(rtexit2.o)
    0x0000014e   0x0000014e   0x00000002   PAD
    0x00000150   0x00000150   0x00000038   Code   RO          989    .emb_text           c_p.l(rt_memcpy.o)
    0x00000188   0x00000188   0x00000040   Code   RO          444  * .text               startup_mkl25z4.o
    0x000001c8   0x000001c8   0x000000a4   Code   RO          774    .text               RTX_CM0.lib(irq_cm0.o)
    0x0000026c   0x0000026c   0x00000082   Code   RO          990    .text               c_p.l(rt_memcpy.o)
    0x000002ee   0x000002ee   0x00000040   Code   RO          993    .text               c_p.l(rt_memclr.o)
    0x0000032e   0x0000032e   0x00000006   Code   RO          999    .text               c_p.l(heapauxi.o)
    0x00000334   0x00000334   0x00000048   Code   RO         1003    .text               fz_ps.l(dfixui.o)
    0x0000037c   0x0000037c   0x00000058   Code   RO         1005    .text               fz_ps.l(dflti.o)
    0x000003d4   0x000003d4   0x00000010   Code   RO         1035    .text               c_p.l(exit.o)
    0x000003e4   0x000003e4   0x00000008   Code   RO         1045    .text               c_p.l(libspace.o)
    0x000003ec   0x000003ec   0x0000000c   Code   RO         1102    .text               c_p.l(sys_exit.o)
    0x000003f8   0x000003f8   0x00000002   Code   RO         1121    .text               c_p.l(use_no_semi.o)
    0x000003fa   0x000003fa   0x00000000   Code   RO         1123    .text               c_p.l(indicate_semi.o)
    0x000003fa   0x000003fa   0x00000006   Code   RO          911    .text.OS_Tick_GetIRQn  RTX_CM0.lib(os_systick.o)
    0x00000400   0x00000400   0x00000010   Code   RO          443    .ARM.__at_0x400     startup_mkl25z4.o
    0x00000410   0x00000410   0x0000015a   Code   RO          995    .text               c_p.l(aeabi_sdiv.o)
    0x0000056a   0x0000056a   0x00000002   PAD
    0x0000056c   0x0000056c   0x00000248   Code   RO         1007    .text               fz_ps.l(dmul.o)
    0x000007b4   0x000007b4   0x0000003e   Code   RO         1032    .text               c_p.l(sys_stackheap_outer.o)
    0x000007f2   0x000007f2   0x00000056   Code   RO         1175    .text               c_p.l(__dczerorl2.o)
    0x00000848   0x00000848   0x0000004e   Code   RO          720    .text.EventFlagsCheck  RTX_CM0.lib(rtx_evflags.o)
    0x00000896   0x00000896   0x0000004c   Code   RO          971    .text.MessageQueueGet  RTX_CM0.lib(rtx_msgqueue.o)
    0x000008e2   0x000008e2   0x00000062   Code   RO          965    .text.MessageQueuePut  RTX_CM0.lib(rtx_msgqueue.o)
    0x00000944   0x00000944   0x0000001e   Code   RO          963    .text.MessageQueueRemove  RTX_CM0.lib(rtx_msgqueue.o)
    0x00000962   0x00000962   0x00000002   PAD
    0x00000964   0x00000964   0x0000000c   Code   RO          909    .text.OS_Tick_AcknowledgeIRQ  RTX_CM0.lib(os_systick.o)
    0x00000970   0x00000970   0x0000002c   Code   RO          905    .text.OS_Tick_Enable  RTX_CM0.lib(os_systick.o)
    0x0000099c   0x0000099c   0x0000004c   Code   RO          903    .text.OS_Tick_Setup  RTX_CM0.lib(os_systick.o)
    0x000009e8   0x000009e8   0x0000004e   Code   RO          628    .text.ThreadFlagsCheck  RTX_CM0.lib(rtx_thread.o)
    0x00000a36   0x00000a36   0x00000002   PAD
    0x00000a38   0x00000a38   0x0000004c   Code   RO          795    .text.TimerInsert   RTX_CM0.lib(rtx_timer.o)
    0x00000a84   0x00000a84   0x00000028   Code   RO          681    .text.osDelay       RTX_CM0.lib(rtx_delay.o)
    0x00000aac   0x00000aac   0x00000024   Code   RO          704    .text.osEventFlagsClear  RTX_CM0.lib(rtx_evflags.o)
    0x00000ad0   0x00000ad0   0x00000024   Code   RO          698    .text.osEventFlagsNew  RTX_CM0.lib(rtx_evflags.o)
    0x00000af4   0x00000af4   0x00000050   Code   RO          702    .text.osEventFlagsSet  RTX_CM0.lib(rtx_evflags.o)
    0x00000b44   0x00000b44   0x00000044   Code   RO          712    .text.osEventFlagsWait  RTX_CM0.lib(rtx_evflags.o)
    0x00000b88   0x00000b88   0x00000030   Code   RO          491    .text.osKernelGetState  RTX_CM0.lib(rtx_kernel.o)
    0x00000bb8   0x00000bb8   0x00000028   Code   RO          485    .text.osKernelInitialize  RTX_CM0.lib(rtx_kernel.o)
    0x00000be0   0x00000be0   0x00000024   Code   RO          495    .text.osKernelStart  RTX_CM0.lib(rtx_kernel.o)
    0x00000c04   0x00000c04   0x00000074   Code   RO          937    .text.osMessageQueueGet  RTX_CM0.lib(rtx_msgqueue.o)
    0x00000c78   0x00000c78   0x00000024   Code   RO          931    .text.osMessageQueueNew  RTX_CM0.lib(rtx_msgqueue.o)
    0x00000c9c   0x00000c9c   0x00000078   Code   RO          935    .text.osMessageQueuePut  RTX_CM0.lib(rtx_msgqueue.o)
    0x00000d14   0x00000d14   0x00000028   Code   RO          745    .text.osMutexAcquire  RTX_CM0.lib(rtx_mutex.o)
    0x00000d3c   0x00000d3c   0x00000028   Code   RO          751    .text.osMutexDelete  RTX_CM0.lib(rtx_mutex.o)
    0x00000d64   0x00000d64   0x00000024   Code   RO          741    .text.osMutexNew    RTX_CM0.lib(rtx_mutex.o)
    0x00000d88   0x00000d88   0x00000028   Code   RO          747    .text.osMutexRelease  RTX_CM0.lib(rtx_mutex.o)
    0x00000db0   0x00000db0   0x00000034   Code   RO          718    .text.osRtxEventFlagsPostProcess  RTX_CM0.lib(rtx_evflags.o)
    0x00000de4   0x00000de4   0x00000002   Code   RO          483    .text.osRtxKernelPreInit  RTX_CM0.lib(rtx_kernel.o)
    0x00000de6   0x00000de6   0x0000007c   Code   RO          822    .text.osRtxMemoryAlloc  RTX_CM0.lib(rtx_memory.o)
    0x00000e62   0x00000e62   0x0000004e   Code   RO          824    .text.osRtxMemoryFree  RTX_CM0.lib(rtx_memory.o)
    0x00000eb0   0x00000eb0   0x00000032   Code   RO          820    .text.osRtxMemoryInit  RTX_CM0.lib(rtx_memory.o)
    0x00000ee2   0x00000ee2   0x0000002e   Code   RO          837    .text.osRtxMemoryPoolAlloc  RTX_CM0.lib(rtx_mempool.o)
    0x00000f10   0x00000f10   0x0000003a   Code   RO          839    .text.osRtxMemoryPoolFree  RTX_CM0.lib(rtx_mempool.o)
    0x00000f4a   0x00000f4a   0x0000003e   Code   RO          835    .text.osRtxMemoryPoolInit  RTX_CM0.lib(rtx_mempool.o)
    0x00000f88   0x00000f88   0x000000bc   Code   RO          961    .text.osRtxMessageQueuePostProcess  RTX_CM0.lib(rtx_msgqueue.o)
    0x00001044   0x00001044   0x00000044   Code   RO          739    .text.osRtxMutexOwnerRelease  RTX_CM0.lib(rtx_mutex.o)
    0x00001088   0x00001088   0x00000080   Code   RO          890    .text.osRtxPendSV_Handler  RTX_CM0.lib(rtx_system.o)
    0x00001108   0x00001108   0x0000006c   Code   RO          892    .text.osRtxPostProcess  RTX_CM0.lib(rtx_system.o)
    0x00001174   0x00001174   0x00000038   Code   RO          568    .text.osRtxThreadBlock  RTX_CM0.lib(rtx_thread.o)
    0x000011ac   0x000011ac   0x00000080   Code   RO          576    .text.osRtxThreadDelayInsert  RTX_CM0.lib(rtx_thread.o)
    0x0000122c   0x0000122c   0x00000044   Code   RO          572    .text.osRtxThreadDelayRemove  RTX_CM0.lib(rtx_thread.o)
    0x00001270   0x00001270   0x00000038   Code   RO          558    .text.osRtxThreadDelayTick  RTX_CM0.lib(rtx_thread.o)
    0x000012a8   0x000012a8   0x00000050   Code   RO          566    .text.osRtxThreadDispatch  RTX_CM0.lib(rtx_thread.o)
    0x000012f8   0x000012f8   0x00000054   Code   RO          652    .text.osRtxThreadFree  RTX_CM0.lib(rtx_thread.o)
    0x0000134c   0x0000134c   0x00000014   Code   RO          550    .text.osRtxThreadListGet  RTX_CM0.lib(rtx_thread.o)
    0x00001360   0x00001360   0x0000002c   Code   RO          548    .text.osRtxThreadListPut  RTX_CM0.lib(rtx_thread.o)
    0x0000138c   0x0000138c   0x00000018   Code   RO          554    .text.osRtxThreadListRemove  RTX_CM0.lib(rtx_thread.o)
    0x000013a4   0x000013a4   0x00000026   Code   RO          552    .text.osRtxThreadListSort  RTX_CM0.lib(rtx_thread.o)
    0x000013ca   0x000013ca   0x00000026   Code   RO          626    .text.osRtxThreadPostProcess  RTX_CM0.lib(rtx_thread.o)
    0x000013f0   0x000013f0   0x00000018   Code   RO          556    .text.osRtxThreadReadyPut  RTX_CM0.lib(rtx_thread.o)
    0x00001408   0x00001408   0x00000006   Code   RO          560    .text.osRtxThreadRegPtr  RTX_CM0.lib(rtx_thread.o)
    0x0000140e   0x0000140e   0x00000002   PAD
    0x00001410   0x00001410   0x0000002c   Code   RO          564    .text.osRtxThreadStackCheck  RTX_CM0.lib(rtx_thread.o)
    0x0000143c   0x0000143c   0x00000040   Code   RO          578    .text.osRtxThreadStartup  RTX_CM0.lib(rtx_thread.o)
    0x0000147c   0x0000147c   0x00000014   Code   RO          562    .text.osRtxThreadSwitch  RTX_CM0.lib(rtx_thread.o)
    0x00001490   0x00001490   0x0000003c   Code   RO          574    .text.osRtxThreadWaitEnter  RTX_CM0.lib(rtx_thread.o)
    0x000014cc   0x000014cc   0x00000022   Code   RO          570    .text.osRtxThreadWaitExit  RTX_CM0.lib(rtx_thread.o)
    0x000014ee   0x000014ee   0x00000002   PAD
    0x000014f0   0x000014f0   0x00000074   Code   RO          888    .text.osRtxTick_Handler  RTX_CM0.lib(rtx_system.o)
    0x00001564   0x00001564   0x0000003c   Code   RO          779    .text.osRtxTimerThread  RTX_CM0.lib(rtx_timer.o)
    0x000015a0   0x000015a0   0x00000060   Code   RO          781    .text.osRtxTimerTick  RTX_CM0.lib(rtx_timer.o)
    0x00001600   0x00001600   0x0000000c   Code   RO          610    .text.osThreadExit  RTX_CM0.lib(rtx_thread.o)
    0x0000160c   0x0000160c   0x00000024   Code   RO          582    .text.osThreadNew   RTX_CM0.lib(rtx_thread.o)
    0x00001630   0x00001630   0x00000012   Code   RO          685    .text.svcRtxDelay   RTX_CM0.lib(rtx_delay.o)
    0x00001642   0x00001642   0x00000032   Code   RO          706    .text.svcRtxEventFlagsClear  RTX_CM0.lib(rtx_evflags.o)
    0x00001674   0x00001674   0x00000074   Code   RO          716    .text.svcRtxEventFlagsNew  RTX_CM0.lib(rtx_evflags.o)
    0x000016e8   0x000016e8   0x0000007c   Code   RO          724    .text.svcRtxEventFlagsSet  RTX_CM0.lib(rtx_evflags.o)
    0x00001764   0x00001764   0x00000064   Code   RO          726    .text.svcRtxEventFlagsWait  RTX_CM0.lib(rtx_evflags.o)
    0x000017c8   0x000017c8   0x0000000c   Code   RO          493    .text.svcRtxKernelGetState  RTX_CM0.lib(rtx_kernel.o)
    0x000017d4   0x000017d4   0x00000148   Code   RO          523    .text.svcRtxKernelInitialize  RTX_CM0.lib(rtx_kernel.o)
    0x0000191c   0x0000191c   0x00000084   Code   RO          525    .text.svcRtxKernelStart  RTX_CM0.lib(rtx_kernel.o)
    0x000019a0   0x000019a0   0x000000e8   Code   RO          973    .text.svcRtxMessageQueueGet  RTX_CM0.lib(rtx_msgqueue.o)
    0x00001a88   0x00001a88   0x000001e4   Code   RO          959    .text.svcRtxMessageQueueNew  RTX_CM0.lib(rtx_msgqueue.o)
    0x00001c6c   0x00001c6c   0x000000bc   Code   RO          969    .text.svcRtxMessageQueuePut  RTX_CM0.lib(rtx_msgqueue.o)
    0x00001d28   0x00001d28   0x00000098   Code   RO          757    .text.svcRtxMutexAcquire  RTX_CM0.lib(rtx_mutex.o)
    0x00001dc0   0x00001dc0   0x000000bc   Code   RO          763    .text.svcRtxMutexDelete  RTX_CM0.lib(rtx_mutex.o)
    0x00001e7c   0x00001e7c   0x00000070   Code   RO          753    .text.svcRtxMutexNew  RTX_CM0.lib(rtx_mutex.o)
    0x00001eec   0x00001eec   0x000000c0   Code   RO          759    .text.svcRtxMutexRelease  RTX_CM0.lib(rtx_mutex.o)
    0x00001fac   0x00001fac   0x0000006c   Code   RO          656    .text.svcRtxThreadExit  RTX_CM0.lib(rtx_thread.o)
    0x00002018   0x00002018   0x000001ec   Code   RO          580    .text.svcRtxThreadNew  RTX_CM0.lib(rtx_thread.o)
    0x00002204   0x00002204   0x00000190   Code   RO          452    i.SystemCoreClockUpdate  system_mkl25z4.o
    0x00002394   0x00002394   0x00000138   Code   RO          453    i.SystemInit        system_mkl25z4.o
    0x000024cc   0x000024cc   0x00000048   Code   RO            3    i.UART2_IRQHandler  main.o
    0x00002514   0x00002514   0x0000001c   Code   RO          431    i.__ARM_common_switch8  rtx_config.o
    0x00002530   0x00002530   0x00000018   Code   RO          199    i.__NVIC_ClearPendingIRQ  init.o
    0x00002548   0x00002548   0x00000020   Code   RO          200    i.__NVIC_EnableIRQ  init.o
    0x00002568   0x00002568   0x00000078   Code   RO          201    i.__NVIC_SetPriority  init.o
    0x000025e0   0x000025e0   0x00000018   Code   RO          334    i._mutex_acquire    rtx_lib.o
    0x000025f8   0x000025f8   0x0000000c   Code   RO          335    i._mutex_free       rtx_lib.o
    0x00002604   0x00002604   0x00000024   Code   RO          336    i._mutex_initialize  rtx_lib.o
    0x00002628   0x00002628   0x00000014   Code   RO          337    i._mutex_release    rtx_lib.o
    0x0000263c   0x0000263c   0x00000008   Code   RO          338    i._platform_post_stackheap_init  rtx_lib.o
    0x00002644   0x00002644   0x00000010   Code   RO          273    i.allGreenLightUp   led.o
    0x00002654   0x00002654   0x0000000c   Code   RO          274    i.allRedLightUp     led.o
    0x00002660   0x00002660   0x00000050   Code   RO            4    i.buzz              main.o
    0x000026b0   0x000026b0   0x0000001a   Code   RO          275    i.flashGreenLEDs    led.o
    0x000026ca   0x000026ca   0x0000001a   Code   RO          276    i.flashRedLEDs      led.o
    0x000026e4   0x000026e4   0x0000001c   Code   RO            5    i.forward           main.o
    0x00002700   0x00002700   0x000000a8   Code   RO          202    i.initAudio         init.o
    0x000027a8   0x000027a8   0x00000028   Code   RO          203    i.initClockGate     init.o
    0x000027d0   0x000027d0   0x00000144   Code   RO          204    i.initLED           init.o
    0x00002914   0x00002914   0x00000148   Code   RO          205    i.initMotor         init.o
    0x00002a5c   0x00002a5c   0x000000a4   Code   RO          207    i.initUART2         init.o
    0x00002b00   0x00002b00   0x0000010c   Code   RO          208    i.initUltrasonic    init.o
    0x00002c0c   0x00002c0c   0x0000001c   Code   RO            6    i.left              main.o
    0x00002c28   0x00002c28   0x00000020   Code   RO            7    i.leftforward       main.o
    0x00002c48   0x00002c48   0x00000020   Code   RO            8    i.leftreverse       main.o
    0x00002c68   0x00002c68   0x000000d4   Code   RO            9    i.main              main.o
    0x00002d3c   0x00002d3c   0x00000010   Code   RO          277    i.offGreenLEDs      led.o
    0x00002d4c   0x00002d4c   0x00000010   Code   RO          278    i.offRedLEDs        led.o
    0x00002d5c   0x00002d5c   0x00000020   Code   RO          410    i.osRtxErrorNotify  rtx_config.o
    0x00002d7c   0x00002d7c   0x00000004   Code   RO          411    i.osRtxIdleThread   rtx_config.o
    0x00002d80   0x00002d80   0x00000024   Code   RO          339    i.os_kernel_is_active  rtx_lib.o
    0x00002da4   0x00002da4   0x0000001c   Code   RO           10    i.reverse           main.o
    0x00002dc0   0x00002dc0   0x0000001c   Code   RO           11    i.right             main.o
    0x00002ddc   0x00002ddc   0x00000020   Code   RO           12    i.rightforward      main.o
    0x00002dfc   0x00002dfc   0x00000020   Code   RO           13    i.rightreverse      main.o
    0x00002e1c   0x00002e1c   0x00000070   Code   RO           14    i.sing              main.o
    0x00002e8c   0x00002e8c   0x00000014   Code   RO           15    i.stopMotors        main.o
    0x00002ea0   0x00002ea0   0x00000058   Code   RO           16    i.tAuto_driving     main.o
    0x00002ef8   0x00002ef8   0x000000c8   Code   RO           17    i.tBrain            main.o
    0x00002fc0   0x00002fc0   0x00000050   Code   RO           18    i.tLed_green        main.o
    0x00003010   0x00003010   0x00000044   Code   RO           19    i.tLed_red          main.o
    0x00003054   0x00003054   0x000000c4   Code   RO           20    i.tMotor            main.o
    0x00003118   0x00003118   0x00000038   Code   RO           21    i.tSound_ending     main.o
    0x00003150   0x00003150   0x00000038   Code   RO           22    i.tSound_opening    main.o
    0x00003188   0x00003188   0x00000030   Code   RO           23    i.tSound_running    main.o
    0x000031b8   0x000031b8   0x0000002c   Code   RO          279    i.toggleGreenLED    led.o
    0x000031e4   0x000031e4   0x00000000   Code   RO         1014    x$fpl$usenofp       fz_ps.l(usenofp.o)
    0x000031e4   0x000031e4   0x00000020   Data   RO          280    .constdata          led.o
    0x00003204   0x00003204   0x00000064   Data   RO          346    .constdata          rtx_lib.o
    0x00003268   0x00003268   0x00000001   Data   RO          773    .constdata          RTX_CM0.lib(irq_cm0.o)
    0x00003269   0x00003269   0x00000003   PAD
    0x0000326c   0x0000326c   0x000000a0   Data   RO          348    .rodata             rtx_lib.o
    0x0000330c   0x0000330c   0x0000000b   Data   RO          537    .rodata.str1.4      RTX_CM0.lib(rtx_kernel.o)
    0x00003317   0x00003317   0x00000001   PAD
    0x00003318   0x00003318   0x00000020   Data   RO         1173    Region$$Table       anon$$obj.o


    Execution Region ER_RW (Exec base: 0x1ffff000, Load base: 0x00003338, Size: 0x00001f10, Max: 0xffffffff, ABSOLUTE, COMPRESSED[0x000002d0])

    Exec Addr    Load Addr    Size         Type   Attr      Idx    E Section Name        Object

    0x1ffff000   COMPRESSED   0x00001040   Data   RW          340    .bss.os             rtx_lib.o
    0x20000040   COMPRESSED   0x00000034   Data   RW          342    .bss.os.msgqueue.cb  rtx_lib.o
    0x20000074   COMPRESSED   0x00000050   Data   RW          343    .bss.os.msgqueue.mem  rtx_lib.o
    0x200000c4   COMPRESSED   0x00000088   Data   RW          344    .bss.os.thread.cb   rtx_lib.o
    0x2000014c   COMPRESSED   0x00000004   PAD
    0x20000150   COMPRESSED   0x00000200   Data   RW          345    .bss.os.thread.stack  rtx_lib.o
    0x20000350   COMPRESSED   0x00000b0d   Data   RW           24    .data               main.o
    0x20000e5d   COMPRESSED   0x00000003   PAD
    0x20000e60   COMPRESSED   0x00000005   Data   RW          347    .data               rtx_lib.o
    0x20000e65   COMPRESSED   0x00000003   PAD
    0x20000e68   COMPRESSED   0x00000004   Data   RW          454    .data               system_mkl25z4.o
    0x20000e6c   COMPRESSED   0x000000a4   Data   RW          538    .data.os            RTX_CM0.lib(rtx_kernel.o)


    Execution Region ER_ZI (Exec base: 0x20000f10, Load base: 0x00003608, Size: 0x00000168, Max: 0xffffffff, ABSOLUTE)

    Exec Addr    Load Addr    Size         Type   Attr      Idx    E Section Name        Object

    0x20000f10        -       0x00000060   Zero   RW         1046    .bss                c_p.l(libspace.o)
    0x20000f70        -       0x00000001   Zero   RW          921    .bss.PendST         RTX_CM0.lib(os_systick.o)
    0x20000f71   0x00003608   0x00000007   PAD
    0x20000f78        -       0x00000000   Zero   RW          441    HEAP                startup_mkl25z4.o
    0x20000f78        -       0x00000100   Zero   RW          440    STACK               startup_mkl25z4.o


==============================================================================

Image component sizes


      Code (inc. data)   RO Data    RW Data    ZI Data      Debug   Object Name

      1468        118          0          0          0      11951   init.o
       156         36         32          0          0       2827   led.o
      1528        270          0       2829          0     241899   main.o
        64          8          0          0          0       1009   rtx_config.o
       136          6        260       4945          0      12570   rtx_lib.o
        80         44        192          0        256        852   startup_mkl25z4.o
       712         84          0          4          0       1595   system_mkl25z4.o

    ----------------------------------------------------------------------
      4144        566        516       7788        256     272703   Object Totals
         0          0         32          0          0          0   (incl. Generated)
         0          0          0         10          0          0   (incl. Padding)

    ----------------------------------------------------------------------

      Code (inc. data)   RO Data    RW Data    ZI Data      Debug   Library Member Name

       164          8          1          0          0        496   irq_cm0.o
       138         32          0          0          1       2766   os_systick.o
        58          4          0          0          0       2753   rtx_delay.o
       740         28          0          0          0      12348   rtx_evflags.o
       598         48         11        164          0      16105   rtx_kernel.o
       252          0          0          0          0       2564   rtx_memory.o
       166          0          0          0          0      14282   rtx_mempool.o
      1568         44          0          0          0      17889   rtx_msgqueue.o
       868         32          0          0          0       9201   rtx_mutex.o
       352         26          0          0          0       4635   rtx_system.o
      1614         96          0          0          0      30867   rtx_thread.o
       232         20          0          0          0      10018   rtx_timer.o
        86          0          0          0          0          0   __dczerorl2.o
         8          0          0          0          0         68   __main.o
         0          0          0          0          0          0   __rtentry.o
        20          0          0          0          0          0   __rtentry2.o
         6          0          0          0          0          0   __rtentry4.o
        60          8          0          0          0          0   __scatter.o
        28          0          0          0          0          0   __scatter_zi.o
       346          0          0          0          0         92   aeabi_sdiv.o
        16          0          0          0          0         68   exit.o
         6          0          0          0          0        136   heapauxi.o
         0          0          0          0          0          0   indicate_semi.o
         2          0          0          0          0          0   libinit.o
         2          0          0          0          0          0   libinit2.o
         2          0          0          0          0          0   libshutdown.o
         2          0          0          0          0          0   libshutdown2.o
         8          4          0          0         96         68   libspace.o
        64          0          0          0          0        108   rt_memclr.o
       186          0          0          0          0        144   rt_memcpy.o
         2          0          0          0          0          0   rtexit.o
        10          0          0          0          0          0   rtexit2.o
        12          4          0          0          0         60   sys_exit.o
        62          0          0          0          0         80   sys_stackheap_outer.o
         2          0          0          0          0         68   use_no_semi.o
        72          4          0          0          0         68   dfixui.o
        88          0          0          0          0         92   dflti.o
       584         26          0          0          0         84   dmul.o
         0          0          0          0          0          0   usenofp.o

    ----------------------------------------------------------------------
      8436        384         16        164        104     125060   Library Totals
        12          0          4          0          7          0   (incl. Padding)

    ----------------------------------------------------------------------

      Code (inc. data)   RO Data    RW Data    ZI Data      Debug   Library Name

      6750        338         12        164          1     123924   RTX_CM0.lib
       930         16          0          0         96        892   c_p.l
       744         30          0          0          0        244   fz_ps.l

    ----------------------------------------------------------------------
      8436        384         16        164        104     125060   Library Totals

    ----------------------------------------------------------------------

==============================================================================


      Code (inc. data)   RO Data    RW Data    ZI Data      Debug   

     12580        950        532       7952        360     395115   Grand Totals
     12580        950        532        720        360     395115   ELF Image Totals (compressed)
     12580        950        532        720          0          0   ROM Totals

==============================================================================

    Total RO  Size (Code + RO Data)                13112 (  12.80kB)
    Total RW  Size (RW Data + ZI Data)              8312 (   8.12kB)
    Total ROM Size (Code + RO Data + RW Data)      13832 (  13.51kB)

==============================================================================

